Component: ARM Compiler 5.06 update 5 (build 528) Tool: armlink [4d35e2]

==============================================================================

Section Cross References

    startup_stm32f103xb.o(STACK) refers (Special) to heapauxi.o(.text) for __use_two_region_memory
    startup_stm32f103xb.o(HEAP) refers (Special) to heapauxi.o(.text) for __use_two_region_memory
    startup_stm32f103xb.o(RESET) refers (Special) to heapauxi.o(.text) for __use_two_region_memory
    startup_stm32f103xb.o(RESET) refers to startup_stm32f103xb.o(STACK) for __initial_sp
    startup_stm32f103xb.o(RESET) refers to startup_stm32f103xb.o(.text) for Reset_Handler
    startup_stm32f103xb.o(RESET) refers to stm32f1xx_it.o(i.NMI_Handler) for NMI_Handler
    startup_stm32f103xb.o(RESET) refers to stm32f1xx_it.o(i.HardFault_Handler) for HardFault_Handler
    startup_stm32f103xb.o(RESET) refers to stm32f1xx_it.o(i.MemManage_Handler) for MemManage_Handler
    startup_stm32f103xb.o(RESET) refers to stm32f1xx_it.o(i.BusFault_Handler) for BusFault_Handler
    startup_stm32f103xb.o(RESET) refers to stm32f1xx_it.o(i.UsageFault_Handler) for UsageFault_Handler
    startup_stm32f103xb.o(RESET) refers to port.o(.emb_text) for SVC_Handler
    startup_stm32f103xb.o(RESET) refers to stm32f1xx_it.o(i.DebugMon_Handler) for DebugMon_Handler
    startup_stm32f103xb.o(RESET) refers to port.o(i.SysTick_Handler) for SysTick_Handler
    startup_stm32f103xb.o(RESET) refers to stm32f1xx_it.o(i.DMA1_Channel6_IRQHandler) for DMA1_Channel6_IRQHandler
    startup_stm32f103xb.o(RESET) refers to stm32f1xx_it.o(i.DMA1_Channel7_IRQHandler) for DMA1_Channel7_IRQHandler
    startup_stm32f103xb.o(RESET) refers to stm32f1xx_it.o(i.USB_LP_CAN1_RX0_IRQHandler) for USB_LP_CAN1_RX0_IRQHandler
    startup_stm32f103xb.o(RESET) refers to stm32f1xx_it.o(i.TIM4_IRQHandler) for TIM4_IRQHandler
    startup_stm32f103xb.o(RESET) refers to stm32f1xx_it.o(i.USART2_IRQHandler) for USART2_IRQHandler
    startup_stm32f103xb.o(RESET) refers to stm32f1xx_it.o(i.USART3_IRQHandler) for USART3_IRQHandler
    startup_stm32f103xb.o(.text) refers (Special) to heapauxi.o(.text) for __use_two_region_memory
    startup_stm32f103xb.o(.text) refers to system_stm32f1xx.o(i.SystemInit) for SystemInit
    startup_stm32f103xb.o(.text) refers to __main.o(!!!main) for __main
    startup_stm32f103xb.o(.text) refers to startup_stm32f103xb.o(HEAP) for Heap_Mem
    startup_stm32f103xb.o(.text) refers to startup_stm32f103xb.o(STACK) for Stack_Mem
    main.o(i.HAL_TIM_PeriodElapsedCallback) refers to stm32f1xx_hal.o(i.HAL_IncTick) for HAL_IncTick
    main.o(i.SystemClock_Config) refers to rt_memclr_w.o(.text) for __aeabi_memclr4
    main.o(i.SystemClock_Config) refers to stm32f1xx_hal_rcc.o(i.HAL_RCC_OscConfig) for HAL_RCC_OscConfig
    main.o(i.SystemClock_Config) refers to stm32f1xx_hal_rcc.o(i.HAL_RCC_ClockConfig) for HAL_RCC_ClockConfig
    main.o(i.main) refers to stm32f1xx_hal.o(i.HAL_Init) for HAL_Init
    main.o(i.main) refers to pid.o(i.PID_Init) for PID_Init
    main.o(i.main) refers to main.o(i.SystemClock_Config) for SystemClock_Config
    main.o(i.main) refers to gpio.o(i.MX_GPIO_Init) for MX_GPIO_Init
    main.o(i.main) refers to dma.o(i.MX_DMA_Init) for MX_DMA_Init
    main.o(i.main) refers to can.o(i.MX_CAN_Init) for MX_CAN_Init
    main.o(i.main) refers to i2c.o(i.MX_I2C1_Init) for MX_I2C1_Init
    main.o(i.main) refers to spi.o(i.MX_SPI1_Init) for MX_SPI1_Init
    main.o(i.main) refers to tim.o(i.MX_TIM1_Init) for MX_TIM1_Init
    main.o(i.main) refers to tim.o(i.MX_TIM3_Init) for MX_TIM3_Init
    main.o(i.main) refers to usart.o(i.MX_USART2_UART_Init) for MX_USART2_UART_Init
    main.o(i.main) refers to usart.o(i.MX_USART3_UART_Init) for MX_USART3_UART_Init
    main.o(i.main) refers to crc.o(i.MX_CRC_Init) for MX_CRC_Init
    main.o(i.main) refers to stm32f1xx_hal_tim.o(i.HAL_TIM_PWM_Start) for HAL_TIM_PWM_Start
    main.o(i.main) refers to stm32f1xx_hal_can.o(i.HAL_CAN_Start) for HAL_CAN_Start
    main.o(i.main) refers to oled.o(i.OLED_Init) for OLED_Init
    main.o(i.main) refers to buzzer.o(i.Boot_Prompt) for Boot_Prompt
    main.o(i.main) refers to freertos.o(i.MX_FREERTOS_Init) for MX_FREERTOS_Init
    main.o(i.main) refers to cmsis_os.o(i.osKernelStart) for osKernelStart
    main.o(i.main) refers to pid.o(.bss) for Yaw_SpeedPID
    main.o(i.main) refers to pid.o(.bss) for Yaw_LocationPID
    main.o(i.main) refers to pid.o(.bss) for Pitch_SpeedPID
    main.o(i.main) refers to pid.o(.bss) for Pitch_LocationPID
    main.o(i.main) refers to tim.o(.bss) for htim1
    main.o(i.main) refers to can.o(.bss) for hcan
    gpio.o(i.MX_GPIO_Init) refers to stm32f1xx_hal_gpio.o(i.HAL_GPIO_WritePin) for HAL_GPIO_WritePin
    gpio.o(i.MX_GPIO_Init) refers to stm32f1xx_hal_gpio.o(i.HAL_GPIO_Init) for HAL_GPIO_Init
    freertos.o(i.Detection) refers to stm32f1xx_hal_gpio.o(i.HAL_GPIO_ReadPin) for HAL_GPIO_ReadPin
    freertos.o(i.Detection) refers to buzzer.o(i.Key_Prompt) for Key_Prompt
[...]
    x$fpl$frsb                               0x0800521e   Section       20  faddsub_clz.o(x$fpl$frsb)
    x$fpl$fsub                               0x08005234   Section      234  faddsub_clz.o(x$fpl$fsub)
    _fsub1                                   0x08005243   Thumb Code     0  faddsub_clz.o(x$fpl$fsub)
    x$fpl$usenofp                            0x0800531e   Section        0  usenofp.o(x$fpl$usenofp)
    .constdata                               0x08005320   Section      112  freertos.o(.constdata)
    .constdata                               0x08005390   Section       16  system_stm32f1xx.o(.constdata)
    .constdata                               0x080053a0   Section        8  system_stm32f1xx.o(.constdata)
    .constdata                               0x080053a8   Section     1520  oled.o(.constdata)
    .constdata                               0x08005998   Section       14  buzzer.o(.constdata)
    .conststring                             0x080059a8   Section       46  freertos.o(.conststring)
    .data                                    0x20000000   Section       16  freertos.o(.data)
    .data                                    0x20000010   Section        1  can.o(.data)
    i                                        0x20000010   Data           1  can.o(.data)
    .data                                    0x20000014   Section        8  crc.o(.data)
    .data                                    0x2000001c   Section        4  system_stm32f1xx.o(.data)
    .data                                    0x20000020   Section       12  stm32f1xx_hal.o(.data)
    .data                                    0x2000002c   Section       60  tasks.o(.data)
    pxDelayedTaskList                        0x20000030   Data           4  tasks.o(.data)
    pxOverflowDelayedTaskList                0x20000034   Data           4  tasks.o(.data)
    uxDeletedTasksWaitingCleanUp             0x20000038   Data           4  tasks.o(.data)
    uxCurrentNumberOfTasks                   0x2000003c   Data           4  tasks.o(.data)
    xTickCount                               0x20000040   Data           4  tasks.o(.data)
    uxTopReadyPriority                       0x20000044   Data           4  tasks.o(.data)
    xSchedulerRunning                        0x20000048   Data           4  tasks.o(.data)
    uxPendedTicks                            0x2000004c   Data           4  tasks.o(.data)
    xYieldPending                            0x20000050   Data           4  tasks.o(.data)
    xNumOfOverflows                          0x20000054   Data           4  tasks.o(.data)
    uxTaskNumber                             0x20000058   Data           4  tasks.o(.data)
    xNextTaskUnblockTime                     0x2000005c   Data           4  tasks.o(.data)
    xIdleTaskHandle                          0x20000060   Data           4  tasks.o(.data)
    uxSchedulerSuspended                     0x20000064   Data           4  tasks.o(.data)
    .data                                    0x20000068   Section       20  timers.o(.data)
    pxCurrentTimerList                       0x20000068   Data           4  timers.o(.data)
    pxOverflowTimerList                      0x2000006c   Data           4  timers.o(.data)
    xTimerQueue                              0x20000070   Data           4  timers.o(.data)
    xTimerTaskHandle                         0x20000074   Data           4  timers.o(.data)
    xLastTime                                0x20000078   Data           4  timers.o(.data)
    .data                                    0x2000007c   Section       24  heap_4.o(.data)
    pxEnd                                    0x2000007c   Data           4  heap_4.o(.data)
    xFreeBytesRemaining                      0x20000080   Data           4  heap_4.o(.data)
    xMinimumEverFreeBytesRemaining           0x20000084   Data           4  heap_4.o(.data)
    xBlockAllocatedBit                       0x20000088   Data           4  heap_4.o(.data)
    xStart                                   0x2000008c   Data           8  heap_4.o(.data)
    .data                                    0x20000094   Section       12  port.o(.data)
    ucMaxSysCallPriority                     0x20000094   Data           1  port.o(.data)
    uxCriticalNesting                        0x20000098   Data           4  port.o(.data)
    ulMaxPRIGROUPValue                       0x2000009c   Data           4  port.o(.data)
    .data                                    0x200000a0   Section       20  gimbal.o(.data)
    .data                                    0x200000b4   Section        2  key.o(.data)
    .data                                    0x200000b6   Section        3  key.o(.data)
    .bss                                     0x200000bc   Section       40  main.o(.bss)
    .bss                                     0x200000e4   Section       24  main.o(.bss)
    .bss                                     0x200000fc   Section       14  main.o(.bss)
    .bss                                     0x2000010c   Section     1720  freertos.o(.bss)
    xIdleTaskTCBBuffer                       0x2000010c   Data          92  freertos.o(.bss)
    xIdleStack                               0x20000168   Data         512  freertos.o(.bss)
    xTimerTaskTCBBuffer                      0x20000368   Data          92  freertos.o(.bss)
    xTimerStack                              0x200003c4   Data        1024  freertos.o(.bss)
    .bss                                     0x200007c4   Section       28  can.o(.bss)
    .bss                                     0x200007e0   Section       40  can.o(.bss)
    .bss                                     0x20000808   Section       84  i2c.o(.bss)
    .bss                                     0x2000085c   Section       88  spi.o(.bss)
    .bss                                     0x200008b4   Section      144  tim.o(.bss)
    .bss                                     0x20000944   Section      272  usart.o(.bss)
    .bss                                     0x20000a54   Section      128  stm32f1xx_it.o(.bss)
    .bss                                     0x20000ad4   Section       72  stm32f1xx_hal_timebase_tim.o(.bss)
    .bss                                     0x20000b1c   Section       64  queue.o(.bss)
    .bss                                     0x20000b5c   Section      240  tasks.o(.bss)
    pxReadyTasksLists                        0x20000b5c   Data         140  tasks.o(.bss)
    xDelayedTaskList1                        0x20000be8   Data          20  tasks.o(.bss)
    xDelayedTaskList2                        0x20000bfc   Data          20  tasks.o(.bss)
    xPendingReadyList                        0x20000c10   Data          20  tasks.o(.bss)
    xTasksWaitingTermination                 0x20000c24   Data          20  tasks.o(.bss)
    xSuspendedTaskList                       0x20000c38   Data          20  tasks.o(.bss)
    .bss                                     0x20000c4c   Section      240  timers.o(.bss)
    xActiveTimerList1                        0x20000c4c   Data          20  timers.o(.bss)
    xActiveTimerList2                        0x20000c60   Data          20  timers.o(.bss)
    xStaticTimerQueue                        0x20000c74   Data          80  timers.o(.bss)
    ucStaticTimerQueueStorage                0x20000cc4   Data         120  timers.o(.bss)
    .bss                                     0x20000d3c   Section     3072  heap_4.o(.bss)
    ucHeap                                   0x20000d3c   Data        3072  heap_4.o(.bss)
    .bss                                     0x2000193c   Section       10  gimbal.o(.bss)
    .bss                                     0x20001948   Section       32  pid.o(.bss)
    .bss                                     0x20001968   Section       32  pid.o(.bss)
    .bss                                     0x20001988   Section       32  pid.o(.bss)
    .bss                                     0x200019a8   Section       32  pid.o(.bss)
    .bss                                     0x200019c8   Section       64  motor.o(.bss)
    .bss                                     0x20001a08   Section       96  libspace.o(.bss)
    HEAP                                     0x20001a68   Section      512  startup_stm32f103xb.o(HEAP)
    Heap_Mem                                 0x20001a68   Data         512  startup_stm32f103xb.o(HEAP)
    STACK                                    0x20001c68   Section     1024  startup_stm32f103xb.o(STACK)
    Stack_Mem                                0x20001c68   Data        1024  startup_stm32f103xb.o(STACK)
    __initial_sp                             0x20002068   Data           0  startup_stm32f103xb.o(STACK)

    Global Symbols

    Symbol Name                              Value     Ov Type        Size  Object(Section)

    BuildAttributes$$THM_ISAv4$P$D$K$B$S$PE$A:L22UL41UL21$X:L11$S22US41US21$IEEE1$IW$USESV6$~STKCKD$USESV7$~SHL$OSPACE$ROPI$EBA8$UX$STANDARDLIB$REQ8$PRES8$EABIv2 0x00000000   Number         0  anon$$obj.o ABSOLUTE
    __ARM_use_no_argv                        0x00000000   Number         0  main.o ABSOLUTE
    __ARM_exceptions_init                     - Undefined Weak Reference
    __alloca_initialize                       - Undefined Weak Reference
    __arm_preinit_                            - Undefined Weak Reference
    __cpp_initialize__aeabi_                  - Undefined Weak Reference
    __cxa_finalize                            - Undefined Weak Reference
    __rt_locale                               - Undefined Weak Reference
    __sigvec_lookup                           - Undefined Weak Reference
    _atexit_init                              - Undefined Weak Reference
    _call_atexit_fns                          - Undefined Weak Reference
    _clock_init                               - Undefined Weak Reference
    _fp_trap_init                             - Undefined Weak Reference
    _fp_trap_shutdown                         - Undefined Weak Reference
    _get_lc_collate                           - Undefined Weak Reference
    _get_lc_ctype                             - Undefined Weak Reference
    _get_lc_monetary                          - Undefined Weak Reference
    _get_lc_numeric                           - Undefined Weak Reference
    _get_lc_time                              - Undefined Weak Reference
    _getenv_init                              - Undefined Weak Reference
    _handle_redirection                       - Undefined Weak Reference
    _init_alloc                               - Undefined Weak Reference
    _init_user_alloc                          - Undefined Weak Reference
    _initio                                   - Undefined Weak Reference
    _rand_init                                - Undefined Weak Reference
    _signal_finish                            - Undefined Weak Reference
    _signal_init                              - Undefined Weak Reference
    _terminate_alloc                          - Undefined Weak Reference
    _terminate_user_alloc                     - Undefined Weak Reference
    _terminateio                              - Undefined Weak Reference
    __Vectors_Size                           0x000000ec   Number         0  startup_stm32f103xb.o ABSOLUTE
    __Vectors                                0x08000000   Data           4  startup_stm32f103xb.o(RESET)
    __Vectors_End                            0x080000ec   Data           0  startup_stm32f103xb.o(RESET)
    __main                                   0x080000ed   Thumb Code     8  __main.o(!!!main)
    __scatterload                            0x080000f5   Thumb Code     0  __scatter.o(!!!scatter)
    __scatterload_rt2                        0x080000f5   Thumb Code    44  __scatter.o(!!!scatter)
    __scatterload_rt2_thumb_only             0x080000f5   Thumb Code     0  __scatter.o(!!!scatter)
    __scatterload_null                       0x08000103   Thumb Code     0  __scatter.o(!!!scatter)
    __scatterload_copy                       0x08000129   Thumb Code    26  __scatter_copy.o(!!handler_copy)
    __scatterload_zeroinit                   0x08000145   Thumb Code    28  __scatter_zi.o(!!handler_zi)
    __rt_lib_init                            0x08000161   Thumb Code     0  libinit.o(.ARM.Collect$$libinit$$00000000)
    __rt_lib_init_alloca_1                   0x08000163   Thumb Code     0  libinit2.o(.ARM.Collect$$libinit$$0000002E)
    __rt_lib_init_argv_1                     0x08000163   Thumb Code     0  libinit2.o(.ARM.Collect$$libinit$$0000002C)
    __rt_lib_init_atexit_1                   0x08000163   Thumb Code     0  libinit2.o(.ARM.Collect$$libinit$$0000001B)
    __rt_lib_init_clock_1                    0x08000163   Thumb Code     0  libinit2.o(.ARM.Collect$$libinit$$00000021)
    __rt_lib_init_cpp_1                      0x08000163   Thumb Code     0  libinit2.o(.ARM.Collect$$libinit$$00000032)
    __rt_lib_init_exceptions_1               0x08000163   Thumb Code     0  libinit2.o(.ARM.Collect$$libinit$$00000030)
    __rt_lib_init_fp_1                       0x08000163   Thumb Code     0  libinit2.o(.ARM.Collect$$libinit$$00000002)
    __rt_lib_init_fp_trap_1                  0x08000163   Thumb Code     0  libinit2.o(.ARM.Collect$$libinit$$0000001F)
    __rt_lib_init_getenv_1                   0x08000163   Thumb Code     0  libinit2.o(.ARM.Collect$$libinit$$00000023)
    __rt_lib_init_heap_1                     0x08000163   Thumb Code     0  libinit2.o(.ARM.Collect$$libinit$$0000000A)
    __rt_lib_init_lc_collate_1               0x08000163   Thumb Code     0  libinit2.o(.ARM.Collect$$libinit$$00000011)
    __rt_lib_init_lc_ctype_1                 0x08000163   Thumb Code     0  libinit2.o(.ARM.Collect$$libinit$$00000013)
    __rt_lib_init_lc_monetary_1              0x08000163   Thumb Code     0  libinit2.o(.ARM.Collect$$libinit$$00000015)
    __rt_lib_init_lc_numeric_1               0x08000163   Thumb Code     0  libinit2.o(.ARM.Collect$$libinit$$00000017)
    __rt_lib_init_lc_time_1                  0x08000163   Thumb Code     0  libinit2.o(.ARM.Collect$$libinit$$00000019)
    __rt_lib_init_preinit_1                  0x08000163   Thumb Code     0  libinit2.o(.ARM.Collect$$libinit$$00000004)
    __rt_lib_init_rand_1                     0x08000163   Thumb Code     0  libinit2.o(.ARM.Collect$$libinit$$0000000E)
    __rt_lib_init_return                     0x08000163   Thumb Code     0  libinit2.o(.ARM.Collect$$libinit$$00000033)
    __rt_lib_init_signal_1                   0x08000163   Thumb Code     0  libinit2.o(.ARM.Collect$$libinit$$0000001D)
    __rt_lib_init_stdio_1                    0x08000163   Thumb Code     0  libinit2.o(.ARM.Collect$$libinit$$00000025)
    __rt_lib_init_user_alloc_1               0x08000163   Thumb Code     0  libinit2.o(.ARM.Collect$$libinit$$0000000C)
    __rt_lib_shutdown                        0x08000165   Thumb Code     0  libshutdown.o(.ARM.Collect$$libshutdown$$00000000)
    __rt_lib_shutdown_cpp_1                  0x08000167   Thumb Code     0  libshutdown2.o(.ARM.Collect$$libshutdown$$00000002)
    __rt_lib_shutdown_fp_trap_1              0x08000167   Thumb Code     0  libshutdown2.o(.ARM.Collect$$libshutdown$$00000007)
    __rt_lib_shutdown_heap_1                 0x08000167   Thumb Code     0  libshutdown2.o(.ARM.Collect$$libshutdown$$0000000F)
    __rt_lib_shutdown_return                 0x08000167   Thumb Code     0  libshutdown2.o(.ARM.Collect$$libshutdown$$00000010)
    __rt_lib_shutdown_signal_1               0x08000167   Thumb Code     0  libshutdown2.o(.ARM.Collect$$libshutdown$$0000000A)
    __rt_lib_shutdown_stdio_1                0x08000167   Thumb Code     0  libshutdown2.o(.ARM.Collect$$libshutdown$$00000004)
    __rt_lib_shutdown_user_alloc_1           0x08000167   Thumb Code     0  libshutdown2.o(.ARM.Collect$$libshutdown$$0000000C)
    __rt_entry                               0x08000169   Thumb Code     0  __rtentry.o(.ARM.Collect$$rtentry$$00000000)
    __rt_entry_presh_1                       0x08000169   Thumb Code     0  __rtentry2.o(.ARM.Collect$$rtentry$$00000002)
    __rt_entry_sh                            0x08000169   Thumb Code     0  __rtentry4.o(.ARM.Collect$$rtentry$$00000004)
    __rt_entry_li                            0x0800016f   Thumb Code     0  __rtentry2.o(.ARM.Collect$$rtentry$$0000000A)
    __rt_entry_postsh_1                      0x0800016f   Thumb Code     0  __rtentry2.o(.ARM.Collect$$rtentry$$00000009)
    __rt_entry_main                          0x08000173   Thumb Code     0  __rtentry2.o(.ARM.Collect$$rtentry$$0000000D)
    __rt_entry_postli_1                      0x08000173   Thumb Code     0  __rtentry2.o(.ARM.Collect$$rtentry$$0000000C)
    __rt_exit                                0x0800017b   Thumb Code     0  rtexit.o(.ARM.Collect$$rtexit$$00000000)
    __rt_exit_ls                             0x0800017d   Thumb Code     0  rtexit2.o(.ARM.Collect$$rtexit$$00000003)
    __rt_exit_prels_1                        0x0800017d   Thumb Code     0  rtexit2.o(.ARM.Collect$$rtexit$$00000002)
    __rt_exit_exit                           0x08000181   Thumb Code     0  rtexit2.o(.ARM.Collect$$rtexit$$00000004)
    SVC_Handler                              0x08000189   Thumb Code    32  port.o(.emb_text)
    __asm___6_port_c_39a90d8d__prvStartFirstTask 0x080001ad   Thumb Code    28  port.o(.emb_text)
    PendSV_Handler                           0x080001cd   Thumb Code    72  port.o(.emb_text)
    vPortGetIPSR                             0x08000219   Thumb Code     6  port.o(.emb_text)
    Reset_Handler                            0x08000221   Thumb Code     8  startup_stm32f103xb.o(.text)
    ADC1_2_IRQHandler                        0x0800023b   Thumb Code     0  startup_stm32f103xb.o(.text)
    CAN1_RX1_IRQHandler                      0x0800023b   Thumb Code     0  startup_stm32f103xb.o(.text)
    CAN1_SCE_IRQHandler                      0x0800023b   Thumb Code     0  startup_stm32f103xb.o(.text)
    DMA1_Channel1_IRQHandler                 0x0800023b   Thumb Code     0  startup_stm32f103xb.o(.text)
    DMA1_Channel2_IRQHandler                 0x0800023b   Thumb Code     0  startup_stm32f103xb.o(.text)
    DMA1_Channel3_IRQHandler                 0x0800023b   Thumb Code     0  startup_stm32f103xb.o(.text)
    DMA1_Channel4_IRQHandler                 0x0800023b   Thumb Code     0  startup_stm32f103xb.o(.text)
    DMA1_Channel5_IRQHandler                 0x0800023b   Thumb Code     0  startup_stm32f103xb.o(.text)
    EXTI0_IRQHandler                         0x0800023b   Thumb Code     0  startup_stm32f103xb.o(.text)
    EXTI15_10_IRQHandler                     0x0800023b   Thumb Code     0  startup_stm32f103xb.o(.text)
    EXTI1_IRQHandler                         0x0800023b   Thumb Code     0  startup_stm32f103xb.o(.text)
    EXTI2_IRQHandler                         0x0800023b   Thumb Code     0  startup_stm32f103xb.o(.text)
    EXTI3_IRQHandler                         0x0800023b   Thumb Code     0  startup_stm32f103xb.o(.text)
    EXTI4_IRQHandler                         0x0800023b   Thumb Code     0  startup_stm32f103xb.o(.text)
    EXTI9_5_IRQHandler                       0x0800023b   Thumb Code     0  startup_stm32f103xb.o(.text)
    FLASH_IRQHandler                         0x0800023b   Thumb Code     0  startup_stm32f103xb.o(.text)
    I2C1_ER_IRQHandler                       0x0800023b   Thumb Code     0  startup_stm32f103xb.o(.text)
    I2C1_EV_IRQHandler                       0x0800023b   Thumb Code     0  startup_stm32f103xb.o(.text)
    I2C2_ER_IRQHandler                       0x0800023b   Thumb Code     0  startup_stm32f103xb.o(.text)
    I2C2_EV_IRQHandler                       0x0800023b   Thumb Code     0  startup_stm32f103xb.o(.text)
    PVD_IRQHandler                           0x0800023b   Thumb Code     0  startup_stm32f103xb.o(.text)
    RCC_IRQHandler                           0x0800023b   Thumb Code     0  startup_stm32f103xb.o(.text)
    RTC_Alarm_IRQHandler                     0x0800023b   Thumb Code     0  startup_stm32f103xb.o(.text)
    RTC_IRQHandler                           0x0800023b   Thumb Code     0  startup_stm32f103xb.o(.text)
    SPI1_IRQHandler                          0x0800023b   Thumb Code     0  startup_stm32f103xb.o(.text)
    SPI2_IRQHandler                          0x0800023b   Thumb Code     0  startup_stm32f103xb.o(.text)
    TAMPER_IRQHandler                        0x0800023b   Thumb Code     0  startup_stm32f103xb.o(.text)
    TIM1_BRK_IRQHandler                      0x0800023b   Thumb Code     0  startup_stm32f103xb.o(.text)
    TIM1_CC_IRQHandler                       0x0800023b   Thumb Code     0  startup_stm32f103xb.o(.text)
    TIM1_TRG_COM_IRQHandler                  0x0800023b   Thumb Code     0  startup_stm32f103xb.o(.text)
    TIM1_UP_IRQHandler                       0x0800023b   Thumb Code     0  startup_stm32f103xb.o(.text)
    TIM2_IRQHandler                          0x0800023b   Thumb Code     0  startup_stm32f103xb.o(.text)
    TIM3_IRQHandler                          0x0800023b   Thumb Code     0  startup_stm32f103xb.o(.text)
    USART1_IRQHandler                        0x0800023b   Thumb Code     0  startup_stm32f103xb.o(.text)
    USBWakeUp_IRQHandler                     0x0800023b   Thumb Code     0  startup_stm32f103xb.o(.text)
    USB_HP_CAN1_TX_IRQHandler                0x0800023b   Thumb Code     0  startup_stm32f103xb.o(.text)
    WWDG_IRQHandler                          0x0800023b   Thumb Code     0  startup_stm32f103xb.o(.text)
    __user_initial_stackheap                 0x0800023d   Thumb Code     0  startup_stm32f103xb.o(.text)
    __aeabi_memcpy                           0x08000261   Thumb Code     0  rt_memcpy_v6.o(.text)
    __rt_memcpy                              0x08000261   Thumb Code   138  rt_memcpy_v6.o(.text)
    _memcpy_lastbytes                        0x080002c7   Thumb Code     0  rt_memcpy_v6.o(.text)
    __aeabi_memcpy4                          0x080002eb   Thumb Code     0  rt_memcpy_w.o(.text)
    __aeabi_memcpy8                          0x080002eb   Thumb Code     0  rt_memcpy_w.o(.text)
    __rt_memcpy_w                            0x080002eb   Thumb Code   100  rt_memcpy_w.o(.text)
    _memcpy_lastbytes_aligned                0x08000333   Thumb Code     0  rt_memcpy_w.o(.text)
    __aeabi_memset                           0x0800034f   Thumb Code    16  aeabi_memset.o(.text)
    __aeabi_memclr4                          0x0800035f   Thumb Code     0  rt_memclr_w.o(.text)
    __aeabi_memclr8                          0x0800035f   Thumb Code     0  rt_memclr_w.o(.text)
    __rt_memclr_w                            0x0800035f   Thumb Code    78  rt_memclr_w.o(.text)
    _memset_w                                0x08000363   Thumb Code     0  rt_memclr_w.o(.text)
    __use_two_region_memory                  0x080003ad   Thumb Code     2  heapauxi.o(.text)
    __rt_heap_escrow$2region                 0x080003af   Thumb Code     2  heapauxi.o(.text)
    __rt_heap_expand$2region                 0x080003b1   Thumb Code     2  heapauxi.o(.text)
    __aeabi_memclr                           0x080003b3   Thumb Code     0  rt_memclr.o(.text)
    __rt_memclr                              0x080003b3   Thumb Code    68  rt_memclr.o(.text)
    _memset                                  0x080003b7   Thumb Code     0  rt_memclr.o(.text)
    __user_setup_stackheap                   0x080003f7   Thumb Code    74  sys_stackheap_outer.o(.text)
    exit                                     0x08000441   Thumb Code    18  exit.o(.text)
    __user_libspace                          0x08000455   Thumb Code     8  libspace.o(.text)
    __user_perproc_libspace                  0x08000455   Thumb Code     0  libspace.o(.text)
    __user_perthread_libspace                0x08000455   Thumb Code     0  libspace.o(.text)
    _sys_exit                                0x0800045d   Thumb Code     8  sys_exit.o(.text)
    __I$use$semihosting                      0x08000469   Thumb Code     0  use_no_semi.o(.text)
    __use_no_semihosting_swi                 0x08000469   Thumb Code     2  use_no_semi.o(.text)
    __semihosting_library_function           0x0800046b   Thumb Code     0  indicate_semi.o(.text)
    Boot_Prompt                              0x0800046d   Thumb Code    52  buzzer.o(i.Boot_Prompt)
    BusFault_Handler                         0x080004a9   Thumb Code     2  stm32f1xx_it.o(i.BusFault_Handler)
    Buzzer_OFF                               0x080004ad   Thumb Code    10  buzzer.o(i.Buzzer_OFF)
    CAN_Send_Message                         0x080004bd   Thumb Code    80  can.o(i.CAN_Send_Message)
    DMA1_Channel6_IRQHandler                 0x08000511   Thumb Code     2  stm32f1xx_it.o(i.DMA1_Channel6_IRQHandler)
    DMA1_Channel7_IRQHandler                 0x08000513   Thumb Code     2  stm32f1xx_it.o(i.DMA1_Channel7_IRQHandler)
    DebugMon_Handler                         0x0800053f   Thumb Code     2  stm32f1xx_it.o(i.DebugMon_Handler)
    Detection                                0x08000541   Thumb Code    36  freertos.o(i.Detection)
    Error_Handler                            0x0800056d   Thumb Code     4  main.o(i.Error_Handler)
    Gimbal_CTRL                              0x08000571   Thumb Code   174  gimbal.o(i.Gimbal_CTRL)
    Gimbal_StrPID                            0x08000645   Thumb Code    46  gimbal.o(i.Gimbal_StrPID)
    HAL_CAN_AddTxMessage                     0x08000673   Thumb Code   200  stm32f1xx_hal_can.o(i.HAL_CAN_AddTxMessage)
    HAL_CAN_ConfigFilter                     0x0800073d   Thumb Code   238  stm32f1xx_hal_can.o(i.HAL_CAN_ConfigFilter)
    HAL_CAN_GetRxMessage                     0x0800082b   Thumb Code   232  stm32f1xx_hal_can.o(i.HAL_CAN_GetRxMessage)
    HAL_CAN_Init                             0x08000913   Thumb Code   282  stm32f1xx_hal_can.o(i.HAL_CAN_Init)
    HAL_CAN_MspInit                          0x08000a2d   Thumb Code   124  can.o(i.HAL_CAN_MspInit)
    HAL_CAN_Start                            0x08000ab9   Thumb Code    88  stm32f1xx_hal_can.o(i.HAL_CAN_Start)
    HAL_CRC_Init                             0x08000b11   Thumb Code    34  stm32f1xx_hal_crc.o(i.HAL_CRC_Init)
    HAL_CRC_MspInit                          0x08000b35   Thumb Code    30  crc.o(i.HAL_CRC_MspInit)
    HAL_DMA_Abort                            0x08000b5d   Thumb Code    70  stm32f1xx_hal_dma.o(i.HAL_DMA_Abort)
    HAL_DMA_Init                             0x08000ba5   Thumb Code    84  stm32f1xx_hal_dma.o(i.HAL_DMA_Init)
    HAL_DMA_Start_IT                         0x08000c01   Thumb Code   112  stm32f1xx_hal_dma.o(i.HAL_DMA_Start_IT)
    HAL_Delay                                0x08000c71   Thumb Code    32  stm32f1xx_hal.o(i.HAL_Delay)
    HAL_GPIO_Init                            0x08000c95   Thumb Code   446  stm32f1xx_hal_gpio.o(i.HAL_GPIO_Init)
    HAL_GPIO_ReadPin                         0x08000e75   Thumb Code    10  stm32f1xx_hal_gpio.o(i.HAL_GPIO_ReadPin)
    HAL_GPIO_WritePin                        0x08000e7f   Thumb Code    10  stm32f1xx_hal_gpio.o(i.HAL_GPIO_WritePin)
    HAL_GetTick                              0x08000e89   Thumb Code     6  stm32f1xx_hal.o(i.HAL_GetTick)
    HAL_I2C_Init                             0x08000e95   Thumb Code   376  stm32f1xx_hal_i2c.o(i.HAL_I2C_Init)
    HAL_I2C_Mem_Write                        0x0800101d   Thumb Code   294  stm32f1xx_hal_i2c.o(i.HAL_I2C_Mem_Write)
    HAL_I2C_MspInit                          0x0800114d   Thumb Code    80  i2c.o(i.HAL_I2C_MspInit)
    HAL_IncTick                              0x080011a9   Thumb Code    12  stm32f1xx_hal.o(i.HAL_IncTick)
    HAL_Init                                 0x080011b9   Thumb Code    32  stm32f1xx_hal.o(i.HAL_Init)
    HAL_InitTick                             0x080011dd   Thumb Code   132  stm32f1xx_hal_timebase_tim.o(i.HAL_InitTick)
    HAL_MspInit                              0x08001275   Thumb Code    62  stm32f1xx_hal_msp.o(i.HAL_MspInit)
    HAL_NVIC_EnableIRQ                       0x080012bd   Thumb Code    26  stm32f1xx_hal_cortex.o(i.HAL_NVIC_EnableIRQ)
    HAL_NVIC_SetPriority                     0x080012d9   Thumb Code    60  stm32f1xx_hal_cortex.o(i.HAL_NVIC_SetPriority)
    HAL_NVIC_SetPriorityGrouping             0x08001319   Thumb Code    26  stm32f1xx_hal_cortex.o(i.HAL_NVIC_SetPriorityGrouping)
    HAL_RCC_ClockConfig                      0x0800133d   Thumb Code   280  stm32f1xx_hal_rcc.o(i.HAL_RCC_ClockConfig)
    HAL_RCC_GetClockConfig                   0x08001469   Thumb Code    54  stm32f1xx_hal_rcc.o(i.HAL_RCC_GetClockConfig)
    HAL_RCC_GetPCLK1Freq                     0x080014a9   Thumb Code    20  stm32f1xx_hal_rcc.o(i.HAL_RCC_GetPCLK1Freq)
    HAL_RCC_GetPCLK2Freq                     0x080014c9   Thumb Code    20  stm32f1xx_hal_rcc.o(i.HAL_RCC_GetPCLK2Freq)
    HAL_RCC_GetSysClockFreq                  0x080014e9   Thumb Code    74  stm32f1xx_hal_rcc.o(i.HAL_RCC_GetSysClockFreq)
    HAL_RCC_OscConfig                        0x08001555   Thumb Code   778  stm32f1xx_hal_rcc.o(i.HAL_RCC_OscConfig)
    HAL_SPI_Init                             0x08001875   Thumb Code   178  stm32f1xx_hal_spi.o(i.HAL_SPI_Init)
    HAL_SPI_MspInit                          0x08001929   Thumb Code    98  spi.o(i.HAL_SPI_MspInit)
    HAL_TIMEx_BreakCallback                  0x08001999   Thumb Code     2  stm32f1xx_hal_tim_ex.o(i.HAL_TIMEx_BreakCallback)
    HAL_TIMEx_CommutCallback                 0x0800199b   Thumb Code     2  stm32f1xx_hal_tim_ex.o(i.HAL_TIMEx_CommutCallback)
    HAL_TIMEx_ConfigBreakDeadTime            0x0800199d   Thumb Code    84  stm32f1xx_hal_tim_ex.o(i.HAL_TIMEx_ConfigBreakDeadTime)
    HAL_TIMEx_MasterConfigSynchronization    0x080019f1   Thumb Code    92  stm32f1xx_hal_tim_ex.o(i.HAL_TIMEx_MasterConfigSynchronization)
    HAL_TIM_Base_Init                        0x08001a59   Thumb Code    90  stm32f1xx_hal_tim.o(i.HAL_TIM_Base_Init)
    HAL_TIM_Base_MspInit                     0x08001ab5   Thumb Code    30  tim.o(i.HAL_TIM_Base_MspInit)
    HAL_TIM_Base_Start_IT                    0x08001add   Thumb Code    76  stm32f1xx_hal_tim.o(i.HAL_TIM_Base_Start_IT)
    HAL_TIM_ConfigClockSource                0x08001b35   Thumb Code   214  stm32f1xx_hal_tim.o(i.HAL_TIM_ConfigClockSource)
    HAL_TIM_IC_CaptureCallback               0x08001c0b   Thumb Code     2  stm32f1xx_hal_tim.o(i.HAL_TIM_IC_CaptureCallback)
    HAL_TIM_IRQHandler                       0x08001c0d   Thumb Code   358  stm32f1xx_hal_tim.o(i.HAL_TIM_IRQHandler)
    HAL_TIM_MspPostInit                      0x08001d75   Thumb Code   154  tim.o(i.HAL_TIM_MspPostInit)
    HAL_TIM_OC_DelayElapsedCallback          0x08001e29   Thumb Code     2  stm32f1xx_hal_tim.o(i.HAL_TIM_OC_DelayElapsedCallback)
    HAL_TIM_PWM_ConfigChannel                0x08001e2b   Thumb Code   198  stm32f1xx_hal_tim.o(i.HAL_TIM_PWM_ConfigChannel)
    HAL_TIM_PWM_Init                         0x08001ef1   Thumb Code    90  stm32f1xx_hal_tim.o(i.HAL_TIM_PWM_Init)
    HAL_TIM_PWM_MspInit                      0x08001f4d   Thumb Code    30  tim.o(i.HAL_TIM_PWM_MspInit)
    HAL_TIM_PWM_PulseFinishedCallback        0x08001f75   Thumb Code     2  stm32f1xx_hal_tim.o(i.HAL_TIM_PWM_PulseFinishedCallback)
    HAL_TIM_PWM_Start                        0x08001f79   Thumb Code   144  stm32f1xx_hal_tim.o(i.HAL_TIM_PWM_Start)
    HAL_TIM_PeriodElapsedCallback            0x08002015   Thumb Code    14  main.o(i.HAL_TIM_PeriodElapsedCallback)
    HAL_TIM_TriggerCallback                  0x08002029   Thumb Code     2  stm32f1xx_hal_tim.o(i.HAL_TIM_TriggerCallback)
    HAL_UARTEx_RxEventCallback               0x0800202b   Thumb Code     2  stm32f1xx_hal_uart.o(i.HAL_UARTEx_RxEventCallback)
    HAL_UART_DMAStop                         0x0800202d   Thumb Code    88  stm32f1xx_hal_uart.o(i.HAL_UART_DMAStop)
    HAL_UART_ErrorCallback                   0x08002085   Thumb Code     2  stm32f1xx_hal_uart.o(i.HAL_UART_ErrorCallback)
    HAL_UART_Init                            0x08002087   Thumb Code    98  stm32f1xx_hal_uart.o(i.HAL_UART_Init)
    HAL_UART_MspInit                         0x080020e9   Thumb Code   284  usart.o(i.HAL_UART_MspInit)
    HAL_UART_Receive_DMA                     0x08002221   Thumb Code    42  stm32f1xx_hal_uart.o(i.HAL_UART_Receive_DMA)
    HAL_UART_RxCpltCallback                  0x0800224b   Thumb Code     2  stm32f1xx_hal_uart.o(i.HAL_UART_RxCpltCallback)
    HAL_UART_RxHalfCpltCallback              0x0800224d   Thumb Code     2  stm32f1xx_hal_uart.o(i.HAL_UART_RxHalfCpltCallback)
    HardFault_Handler                        0x0800224f   Thumb Code     2  stm32f1xx_it.o(i.HardFault_Handler)
    IMU_MesReceive                           0x080024bf   Thumb Code    50  imu.o(i.IMU_MesReceive)
    Info                                     0x080024f1   Thumb Code    12  freertos.o(i.Info)
    Key_Prompt                               0x080024fd   Thumb Code    50  buzzer.o(i.Key_Prompt)
    Key_Scan                                 0x08002539   Thumb Code   104  key.o(i.Key_Scan)
    LED                                      0x080025ad   Thumb Code     8  freertos.o(i.LED)
    LocationPID_Process                      0x080025b5   Thumb Code   124  pid.o(i.LocationPID_Process)
    MOD2                                     0x08002631   Thumb Code   340  gimbal.o(i.MOD2)
    MOD3                                     0x080027bd   Thumb Code   108  gimbal.o(i.MOD3)
    MX_CAN_Init                              0x08002855   Thumb Code    96  can.o(i.MX_CAN_Init)
    MX_CRC_Init                              0x080028bd   Thumb Code    28  crc.o(i.MX_CRC_Init)
    MX_DMA_Init                              0x080028e1   Thumb Code    56  dma.o(i.MX_DMA_Init)
    MX_FREERTOS_Init                         0x0800291d   Thumb Code    96  freertos.o(i.MX_FREERTOS_Init)
    MX_GPIO_Init                             0x08002985   Thumb Code   178  gpio.o(i.MX_GPIO_Init)
    MX_I2C1_Init                             0x08002a49   Thumb Code    50  i2c.o(i.MX_I2C1_Init)
    MX_SPI1_Init                             0x08002a89   Thumb Code    64  spi.o(i.MX_SPI1_Init)
    MX_TIM1_Init                             0x08002ad1   Thumb Code   224  tim.o(i.MX_TIM1_Init)
    MX_TIM3_Init                             0x08002bb9   Thumb Code   104  tim.o(i.MX_TIM3_Init)
    MX_USART2_UART_Init                      0x08002c29   Thumb Code    54  usart.o(i.MX_USART2_UART_Init)
    MX_USART3_UART_Init                      0x08002c69   Thumb Code    48  usart.o(i.MX_USART3_UART_Init)
    MemManage_Handler                        0x08002ca1   Thumb Code     2  stm32f1xx_it.o(i.MemManage_Handler)
    Message_buffer                           0x08002ca5   Thumb Code   220  can.o(i.Message_buffer)
    MotorData_Process                        0x08002d85   Thumb Code    42  motor.o(i.MotorData_Process)
    NMI_Handler                              0x08002daf   Thumb Code     2  stm32f1xx_it.o(i.NMI_Handler)
    OLED_Clear                               0x08002db1   Thumb Code    38  oled.o(i.OLED_Clear)
    OLED_Init                                0x08002dd7   Thumb Code   168  oled.o(i.OLED_Init)
    OLED_Pow                                 0x08002e7f   Thumb Code    22  oled.o(i.OLED_Pow)
    OLED_SetCursor                           0x08002e95   Thumb Code    34  oled.o(i.OLED_SetCursor)
    OLED_ShowChar                            0x08002eb9   Thumb Code    98  oled.o(i.OLED_ShowChar)
    OLED_ShowNum                             0x08002f21   Thumb Code    66  oled.o(i.OLED_ShowNum)
    OLED_ShowString                          0x08002f63   Thumb Code    38  oled.o(i.OLED_ShowString)
    OLED_WriteCommand                        0x08002f89   Thumb Code    32  oled.o(i.OLED_WriteCommand)
    OLED_WriteData                           0x08002fad   Thumb Code    32  oled.o(i.OLED_WriteData)
    PID_Init                                 0x08002fd1   Thumb Code    22  pid.o(i.PID_Init)
    PID_LimitMax                             0x08002fe7   Thumb Code    36  pid.o(i.PID_LimitMax)
    Ramp_float                               0x0800300d   Thumb Code    86  mymath.o(i.Ramp_float)
    SpeedPID_Process                         0x08003069   Thumb Code   116  pid.o(i.SpeedPID_Process)
    SysTick_Handler                          0x080030dd   Thumb Code    38  port.o(i.SysTick_Handler)
    SystemClock_Config                       0x08003109   Thumb Code    94  main.o(i.SystemClock_Config)
    SystemInit                               0x08003167   Thumb Code     2  system_stm32f1xx.o(i.SystemInit)
    TIM4_IRQHandler                          0x08003169   Thumb Code     6  stm32f1xx_it.o(i.TIM4_IRQHandler)
    TIM_Base_SetConfig                       0x08003175   Thumb Code    94  stm32f1xx_hal_tim.o(i.TIM_Base_SetConfig)
    TIM_CCxChannelCmd                        0x080031e1   Thumb Code    26  stm32f1xx_hal_tim.o(i.TIM_CCxChannelCmd)
    TIM_ETR_SetConfig                        0x080031fb   Thumb Code    20  stm32f1xx_hal_tim.o(i.TIM_ETR_SetConfig)
    TIM_OC2_SetConfig                        0x08003271   Thumb Code    84  stm32f1xx_hal_tim.o(i.TIM_OC2_SetConfig)
    UART_Start_Receive_DMA                   0x08003565   Thumb Code    98  stm32f1xx_hal_uart.o(i.UART_Start_Receive_DMA)
    UI                                       0x080035d5   Thumb Code    62  freertos.o(i.UI)
    USART2_IRQHandler                        0x08003635   Thumb Code    52  stm32f1xx_it.o(i.USART2_IRQHandler)
    USART3_IRQHandler                        0x08003675   Thumb Code     2  stm32f1xx_it.o(i.USART3_IRQHandler)
    USB_LP_CAN1_RX0_IRQHandler               0x08003679   Thumb Code    46  stm32f1xx_it.o(i.USB_LP_CAN1_RX0_IRQHandler)
    UsageFault_Handler                       0x080036c1   Thumb Code     2  stm32f1xx_it.o(i.UsageFault_Handler)
    VisionData_Process                       0x080036c3   Thumb Code    28  usart.o(i.VisionData_Process)
    main                                     0x08003701   Thumb Code   188  main.o(i.main)
    osDelay                                  0x08003815   Thumb Code    14  cmsis_os.o(i.osDelay)
    osKernelStart                            0x08003823   Thumb Code    10  cmsis_os.o(i.osKernelStart)
    osThreadCreate                           0x0800382d   Thumb Code    84  cmsis_os.o(i.osThreadCreate)
    pvPortMalloc                             0x08003fc9   Thumb Code   210  heap_4.o(i.pvPortMalloc)
    pxPortInitialiseStack                    0x080040a1   Thumb Code    32  port.o(i.pxPortInitialiseStack)
    uxListRemove                             0x080040c5   Thumb Code    38  list.o(i.uxListRemove)
    vApplicationGetIdleTaskMemory            0x080040ed   Thumb Code    16  freertos.o(i.vApplicationGetIdleTaskMemory)
    vApplicationGetTimerTaskMemory           0x08004101   Thumb Code    18  freertos.o(i.vApplicationGetTimerTaskMemory)
    vListInitialise                          0x08004119   Thumb Code    22  list.o(i.vListInitialise)
    vListInitialiseItem                      0x0800412f   Thumb Code     6  list.o(i.vListInitialiseItem)
    vListInsert                              0x08004135   Thumb Code    48  list.o(i.vListInsert)
    vListInsertEnd                           0x08004165   Thumb Code    24  list.o(i.vListInsertEnd)
    vPortEnterCritical                       0x0800417d   Thumb Code    54  port.o(i.vPortEnterCritical)
    vPortExitCritical                        0x080041bd   Thumb Code    34  port.o(i.vPortExitCritical)
    vPortFree                                0x080041e5   Thumb Code    88  heap_4.o(i.vPortFree)
    vPortSetupTimerInterrupt                 0x08004241   Thumb Code    32  port.o(i.vPortSetupTimerInterrupt)
    vPortValidateInterruptPriority           0x08004265   Thumb Code    74  port.o(i.vPortValidateInterruptPriority)
    vQueueAddToRegistry                      0x080042b9   Thumb Code    34  queue.o(i.vQueueAddToRegistry)
    vQueueWaitForMessageRestricted           0x080042e1   Thumb Code    68  queue.o(i.vQueueWaitForMessageRestricted)
    vTaskDelay                               0x08004325   Thumb Code    66  tasks.o(i.vTaskDelay)
    vTaskInternalSetTimeOutState             0x08004371   Thumb Code    12  tasks.o(i.vTaskInternalSetTimeOutState)
    vTaskMissedYield                         0x08004381   Thumb Code     8  tasks.o(i.vTaskMissedYield)
    vTaskPlaceOnEventList                    0x0800438d   Thumb Code    44  tasks.o(i.vTaskPlaceOnEventList)
    vTaskPlaceOnEventListRestricted          0x080043bd   Thumb Code    52  tasks.o(i.vTaskPlaceOnEventListRestricted)
    vTaskStartScheduler                      0x080043f5   Thumb Code   118  tasks.o(i.vTaskStartScheduler)
    vTaskSuspendAll                          0x0800447d   Thumb Code    10  tasks.o(i.vTaskSuspendAll)
    vTaskSwitchContext                       0x0800448d   Thumb Code    82  tasks.o(i.vTaskSwitchContext)
    xPortStartScheduler                      0x080044e9   Thumb Code   154  port.o(i.xPortStartScheduler)
    xQueueGenericCreateStatic                0x08004591   Thumb Code   102  queue.o(i.xQueueGenericCreateStatic)
    xQueueGenericReset                       0x080045f9   Thumb Code   132  queue.o(i.xQueueGenericReset)
    xQueueGenericSend                        0x08004681   Thumb Code   346  queue.o(i.xQueueGenericSend)
    xQueueGenericSendFromISR                 0x080047e1   Thumb Code   188  queue.o(i.xQueueGenericSendFromISR)
    xQueueReceive                            0x0800489d   Thumb Code   308  queue.o(i.xQueueReceive)
    xTaskCheckForTimeOut                     0x080049d5   Thumb Code   112  tasks.o(i.xTaskCheckForTimeOut)
    xTaskCreate                              0x08004a49   Thumb Code    90  tasks.o(i.xTaskCreate)
    xTaskCreateStatic                        0x08004aa3   Thumb Code    86  tasks.o(i.xTaskCreateStatic)
    xTaskGetSchedulerState                   0x08004af9   Thumb Code    22  tasks.o(i.xTaskGetSchedulerState)
    xTaskGetTickCount                        0x08004b15   Thumb Code     6  tasks.o(i.xTaskGetTickCount)
    xTaskIncrementTick                       0x08004b21   Thumb Code   192  tasks.o(i.xTaskIncrementTick)
    xTaskPriorityDisinherit                  0x08004be9   Thumb Code   144  tasks.o(i.xTaskPriorityDisinherit)
    xTaskRemoveFromEventList                 0x08004c81   Thumb Code   108  tasks.o(i.xTaskRemoveFromEventList)
    xTaskResumeAll                           0x08004cf5   Thumb Code   182  tasks.o(i.xTaskResumeAll)
    xTimerCreateTimerTask                    0x08004db9   Thumb Code    78  timers.o(i.xTimerCreateTimerTask)
    xTimerGenericCommand                     0x08004e19   Thumb Code    92  timers.o(i.xTimerGenericCommand)
    __aeabi_fadd                             0x08004e79   Thumb Code     0  faddsub_clz.o(x$fpl$fadd)
    _fadd                                    0x08004e79   Thumb Code   196  faddsub_clz.o(x$fpl$fadd)
    __fpl_fcmp_Inf                           0x08004f3d   Thumb Code    24  fcmpi.o(x$fpl$fcmpinf)
    __aeabi_f2iz                             0x08004f55   Thumb Code     0  ffix.o(x$fpl$ffix)
    _ffix                                    0x08004f55   Thumb Code    54  ffix.o(x$fpl$ffix)
    __aeabi_i2f                              0x08004f8d   Thumb Code     0  fflt_clz.o(x$fpl$fflt)
    _fflt                                    0x08004f8d   Thumb Code    48  fflt_clz.o(x$fpl$fflt)
    __aeabi_cfcmple                          0x08004fbd   Thumb Code     0  fleqf.o(x$fpl$fleqf)
    _fcmple                                  0x08004fbd   Thumb Code   104  fleqf.o(x$fpl$fleqf)
    __fpl_fcmple_InfNaN                      0x0800500f   Thumb Code     0  fleqf.o(x$fpl$fleqf)
    __aeabi_fmul                             0x08005025   Thumb Code     0  fmul.o(x$fpl$fmul)
    _fmul                                    0x08005025   Thumb Code   258  fmul.o(x$fpl$fmul)
    __fpl_fnaninf                            0x08005127   Thumb Code   140  fnaninf.o(x$fpl$fnaninf)
    __fpl_fretinf                            0x080051b3   Thumb Code    10  fretinf.o(x$fpl$fretinf)
    __aeabi_cfrcmple                         0x080051bd   Thumb Code     0  frleqf.o(x$fpl$frleqf)
    _frcmple                                 0x080051bd   Thumb Code    98  frleqf.o(x$fpl$frleqf)
    __aeabi_frsub                            0x0800521f   Thumb Code     0  faddsub_clz.o(x$fpl$frsb)
    _frsb                                    0x0800521f   Thumb Code    20  faddsub_clz.o(x$fpl$frsb)
    __aeabi_fsub                             0x08005235   Thumb Code     0  faddsub_clz.o(x$fpl$fsub)
    _fsub                                    0x08005235   Thumb Code   234  faddsub_clz.o(x$fpl$fsub)
    __I$use$fp                               0x0800531e   Number         0  usenofp.o(x$fpl$usenofp)
    AHBPrescTable                            0x08005390   Data          16  system_stm32f1xx.o(.constdata)
    APBPrescTable                            0x080053a0   Data           8  system_stm32f1xx.o(.constdata)
    OLED_F8x16                               0x080053a8   Data        1520  oled.o(.constdata)
    Region$$Table$$Base                      0x080059d8   Number         0  anon$$obj.o(Region$$Table)
    Region$$Table$$Limit                     0x080059f8   Number         0  anon$$obj.o(Region$$Table)
    Task_UIHandle                            0x20000000   Data           4  freertos.o(.data)
    Task_InfoHandle                          0x20000004   Data           4  freertos.o(.data)
    Task_DetectionHandle                     0x20000008   Data           4  freertos.o(.data)
    Task_LEDHandle                           0x2000000c   Data           4  freertos.o(.data)
    hcrc                                     0x20000014   Data           8  crc.o(.data)
    SystemCoreClock                          0x2000001c   Data           4  system_stm32f1xx.o(.data)
    uwTickFreq                               0x20000020   Data           1  stm32f1xx_hal.o(.data)
    uwTickPrio                               0x20000024   Data           4  stm32f1xx_hal.o(.data)
    uwTick                                   0x20000028   Data           4  stm32f1xx_hal.o(.data)
    pxCurrentTCB                             0x2000002c   Data           4  tasks.o(.data)
    initcompaly                              0x200000a0   Data           1  gimbal.o(.data)
    Yaw                                      0x200000a4   Data           8  gimbal.o(.data)
    Pitch                                    0x200000ac   Data           8  gimbal.o(.data)
    flag1                                    0x200000b4   Data           1  key.o(.data)
    falg2                                    0x200000b5   Data           1  key.o(.data)
    Allkey                                   0x200000b6   Data           3  key.o(.data)
    frame                                    0x200000bc   Data          40  main.o(.bss)
    Receive                                  0x200000e4   Data          24  main.o(.bss)
    BMI088                                   0x200000fc   Data          14  main.o(.bss)
    RxMessage                                0x200007c4   Data          28  can.o(.bss)
    hcan                                     0x200007e0   Data          40  can.o(.bss)
    hi2c1                                    0x20000808   Data          84  i2c.o(.bss)
    hspi1                                    0x2000085c   Data          88  spi.o(.bss)
    htim1                                    0x200008b4   Data          72  tim.o(.bss)
    htim3                                    0x200008fc   Data          72  tim.o(.bss)
    huart2                                   0x20000944   Data          68  usart.o(.bss)
    huart3                                   0x20000988   Data          68  usart.o(.bss)
    hdma_usart2_rx                           0x200009cc   Data          68  usart.o(.bss)
    hdma_usart2_tx                           0x20000a10   Data          68  usart.o(.bss)
    can_data                                 0x20000a54   Data         128  stm32f1xx_it.o(.bss)
    htim4                                    0x20000ad4   Data          72  stm32f1xx_hal_timebase_tim.o(.bss)
    xQueueRegistry                           0x20000b1c   Data          64  queue.o(.bss)
    flag                                     0x2000193c   Data          10  gimbal.o(.bss)
    Yaw_SpeedPID                             0x20001948   Data          32  pid.o(.bss)
    Yaw_LocationPID                          0x20001968   Data          32  pid.o(.bss)
    Pitch_SpeedPID                           0x20001988   Data          32  pid.o(.bss)
    Pitch_LocationPID                        0x200019a8   Data          32  pid.o(.bss)
    M3508                                    0x200019c8   Data          64  motor.o(.bss)
    __libspace_start                         0x20001a08   Data          96  libspace.o(.bss)
    __temporary_stack_top$libspace           0x20001a68   Data           0  libspace.o(.bss)



==============================================================================

Memory Map of the image

  Image Entry point : 0x080000ed

  Load Region LR_IROM1 (Base: 0x08000000, Size: 0x00005ab4, Max: 0x00010000, ABSOLUTE)

    Execution Region ER_IROM1 (Exec base: 0x08000000, Load base: 0x08000000, Size: 0x000059f8, Max: 0x00010000, ABSOLUTE)

    Exec Addr    Load Addr    Size         Type   Attr      Idx    E Section Name        Object

    0x08000000   0x08000000   0x000000ec   Data   RO            3    RESET               startup_stm32f103xb.o
    0x080000ec   0x080000ec   0x00000008   Code   RO         6284  * !!!main             c_w.l(__main.o)
    0x080000f4   0x080000f4   0x00000034   Code   RO         6472    !!!scatter          c_w.l(__scatter.o)
    0x08000128   0x08000128   0x0000001a   Code   RO         6474    !!handler_copy      c_w.l(__scatter_copy.o)
    0x08000142   0x08000142   0x00000002   PAD
    0x08000144   0x08000144   0x0000001c   Code   RO         6476    !!handler_zi        c_w.l(__scatter_zi.o)
    0x08000160   0x08000160   0x00000002   Code   RO         6342    .ARM.Collect$$libinit$$00000000  c_w.l(libinit.o)
    0x08000162   0x08000162   0x00000000   Code   RO         6349    .ARM.Collect$$libinit$$00000002  c_w.l(libinit2.o)
    0x08000162   0x08000162   0x00000000   Code   RO         6351    .ARM.Collect$$libinit$$00000004  c_w.l(libinit2.o)
    0x08000162   0x08000162   0x00000000   Code   RO         6354    .ARM.Collect$$libinit$$0000000A  c_w.l(libinit2.o)
    0x08000162   0x08000162   0x00000000   Code   RO         6356    .ARM.Collect$$libinit$$0000000C  c_w.l(libinit2.o)
    0x08000162   0x08000162   0x00000000   Code   RO         6358    .ARM.Collect$$libinit$$0000000E  c_w.l(libinit2.o)
    0x08000162   0x08000162   0x00000000   Code   RO         6361    .ARM.Collect$$libinit$$00000011  c_w.l(libinit2.o)
    0x08000162   0x08000162   0x00000000   Code   RO         6363    .ARM.Collect$$libinit$$00000013  c_w.l(libinit2.o)
    0x08000162   0x08000162   0x00000000   Code   RO         6365    .ARM.Collect$$libinit$$00000015  c_w.l(libinit2.o)
    0x08000162   0x08000162   0x00000000   Code   RO         6367    .ARM.Collect$$libinit$$00000017  c_w.l(libinit2.o)
    0x08000162   0x08000162   0x00000000   Code   RO         6369    .ARM.Collect$$libinit$$00000019  c_w.l(libinit2.o)
    0x08000162   0x08000162   0x00000000   Code   RO         6371    .ARM.Collect$$libinit$$0000001B  c_w.l(libinit2.o)
    0x08000162   0x08000162   0x00000000   Code   RO         6373    .ARM.Collect$$libinit$$0000001D  c_w.l(libinit2.o)
    0x08000162   0x08000162   0x00000000   Code   RO         6375    .ARM.Collect$$libinit$$0000001F  c_w.l(libinit2.o)
    0x08000162   0x08000162   0x00000000   Code   RO         6377    .ARM.Collect$$libinit$$00000021  c_w.l(libinit2.o)
    0x08000162   0x08000162   0x00000000   Code   RO         6379    .ARM.Collect$$libinit$$00000023  c_w.l(libinit2.o)
    0x08000162   0x08000162   0x00000000   Code   RO         6381    .ARM.Collect$$libinit$$00000025  c_w.l(libinit2.o)
    0x08000162   0x08000162   0x00000000   Code   RO         6385    .ARM.Collect$$libinit$$0000002C  c_w.l(libinit2.o)
    0x08000162   0x08000162   0x00000000   Code   RO         6387    .ARM.Collect$$libinit$$0000002E  c_w.l(libinit2.o)
    0x08000162   0x08000162   0x00000000   Code   RO         6389    .ARM.Collect$$libinit$$00000030  c_w.l(libinit2.o)
    0x08000162   0x08000162   0x00000000   Code   RO         6391    .ARM.Collect$$libinit$$00000032  c_w.l(libinit2.o)
    0x08000162   0x08000162   0x00000002   Code   RO         6392    .ARM.Collect$$libinit$$00000033  c_w.l(libinit2.o)
    0x08000164   0x08000164   0x00000002   Code   RO         6412    .ARM.Collect$$libshutdown$$00000000  c_w.l(libshutdown.o)
    0x08000166   0x08000166   0x00000000   Code   RO         6425    .ARM.Collect$$libshutdown$$00000002  c_w.l(libshutdown2.o)
    0x08000166   0x08000166   0x00000000   Code   RO         6427    .ARM.Collect$$libshutdown$$00000004  c_w.l(libshutdown2.o)
    0x08000166   0x08000166   0x00000000   Code   RO         6430    .ARM.Collect$$libshutdown$$00000007  c_w.l(libshutdown2.o)
    0x08000166   0x08000166   0x00000000   Code   RO         6433    .ARM.Collect$$libshutdown$$0000000A  c_w.l(libshutdown2.o)
    0x08000166   0x08000166   0x00000000   Code   RO         6435    .ARM.Collect$$libshutdown$$0000000C  c_w.l(libshutdown2.o)
    0x08000166   0x08000166   0x00000000   Code   RO         6438    .ARM.Collect$$libshutdown$$0000000F  c_w.l(libshutdown2.o)
    0x08000166   0x08000166   0x00000002   Code   RO         6439    .ARM.Collect$$libshutdown$$00000010  c_w.l(libshutdown2.o)
    0x08000168   0x08000168   0x00000000   Code   RO         6306    .ARM.Collect$$rtentry$$00000000  c_w.l(__rtentry.o)
    0x08000168   0x08000168   0x00000000   Code   RO         6317    .ARM.Collect$$rtentry$$00000002  c_w.l(__rtentry2.o)
    0x08000168   0x08000168   0x00000006   Code   RO         6329    .ARM.Collect$$rtentry$$00000004  c_w.l(__rtentry4.o)
    0x0800016e   0x0800016e   0x00000000   Code   RO         6319    .ARM.Collect$$rtentry$$00000009  c_w.l(__rtentry2.o)
    0x0800016e   0x0800016e   0x00000004   Code   RO         6320    .ARM.Collect$$rtentry$$0000000A  c_w.l(__rtentry2.o)
    0x08000172   0x08000172   0x00000000   Code   RO         6322    .ARM.Collect$$rtentry$$0000000C  c_w.l(__rtentry2.o)
    0x08000172   0x08000172   0x00000008   Code   RO         6323    .ARM.Collect$$rtentry$$0000000D  c_w.l(__rtentry2.o)
    0x0800017a   0x0800017a   0x00000002   Code   RO         6346    .ARM.Collect$$rtexit$$00000000  c_w.l(rtexit.o)
    0x0800017c   0x0800017c   0x00000000   Code   RO         6394    .ARM.Collect$$rtexit$$00000002  c_w.l(rtexit2.o)
    0x0800017c   0x0800017c   0x00000004   Code   RO         6395    .ARM.Collect$$rtexit$$00000003  c_w.l(rtexit2.o)
    0x08000180   0x08000180   0x00000006   Code   RO         6396    .ARM.Collect$$rtexit$$00000004  c_w.l(rtexit2.o)
    0x08000186   0x08000186   0x00000002   PAD
    0x08000188   0x08000188   0x00000096   Code   RO         5845    .emb_text           port.o
    0x0800021e   0x0800021e   0x00000002   PAD
    0x08000220   0x08000220   0x00000040   Code   RO            4    .text               startup_stm32f103xb.o
    0x08000260   0x08000260   0x0000008a   Code   RO         6272    .text               c_w.l(rt_memcpy_v6.o)
    0x080002ea   0x080002ea   0x00000064   Code   RO         6274    .text               c_w.l(rt_memcpy_w.o)
    0x0800034e   0x0800034e   0x00000010   Code   RO         6278    .text               c_w.l(aeabi_memset.o)
    0x0800035e   0x0800035e   0x0000004e   Code   RO         6280    .text               c_w.l(rt_memclr_w.o)
    0x080003ac   0x080003ac   0x00000006   Code   RO         6282    .text               c_w.l(heapauxi.o)
    0x080003b2   0x080003b2   0x00000044   Code   RO         6307    .text               c_w.l(rt_memclr.o)
    0x080003f6   0x080003f6   0x0000004a   Code   RO         6333    .text               c_w.l(sys_stackheap_outer.o)
    0x08000440   0x08000440   0x00000012   Code   RO         6335    .text               c_w.l(exit.o)
    0x08000452   0x08000452   0x00000002   PAD
    0x08000454   0x08000454   0x00000008   Code   RO         6343    .text               c_w.l(libspace.o)
    0x0800045c   0x0800045c   0x0000000c   Code   RO         6404    .text               c_w.l(sys_exit.o)
    0x08000468   0x08000468   0x00000002   Code   RO         6415    .text               c_w.l(use_no_semi.o)
    0x0800046a   0x0800046a   0x00000000   Code   RO         6417    .text               c_w.l(indicate_semi.o)
    0x0800046a   0x0800046a   0x00000002   PAD
    0x0800046c   0x0800046c   0x0000003c   Code   RO         6131    i.Boot_Prompt       buzzer.o
    0x080004a8   0x080004a8   0x00000002   Code   RO          685    i.BusFault_Handler  stm32f1xx_it.o
    0x080004aa   0x080004aa   0x00000002   PAD
    0x080004ac   0x080004ac   0x00000010   Code   RO         6132    i.Buzzer_OFF        buzzer.o
    0x080004bc   0x080004bc   0x00000054   Code   RO          359    i.CAN_Send_Message  can.o
    0x08000510   0x08000510   0x00000002   Code   RO          686    i.DMA1_Channel6_IRQHandler  stm32f1xx_it.o
    0x08000512   0x08000512   0x00000002   Code   RO          687    i.DMA1_Channel7_IRQHandler  stm32f1xx_it.o
    0x08000514   0x08000514   0x0000002a   Code   RO         1640    i.DMA_SetConfig     stm32f1xx_hal_dma.o
    0x0800053e   0x0800053e   0x00000002   Code   RO          688    i.DebugMon_Handler  stm32f1xx_it.o
    0x08000540   0x08000540   0x0000002c   Code   RO          273    i.Detection         freertos.o
    0x0800056c   0x0800056c   0x00000004   Code   RO           13    i.Error_Handler     main.o
    0x08000570   0x08000570   0x000000d4   Code   RO         5925    i.Gimbal_CTRL       gimbal.o
    0x08000644   0x08000644   0x0000002e   Code   RO         5926    i.Gimbal_StrPID     gimbal.o
    0x08000672   0x08000672   0x000000c8   Code   RO         1030    i.HAL_CAN_AddTxMessage  stm32f1xx_hal_can.o
    0x0800073a   0x0800073a   0x00000002   PAD
    0x0800073c   0x0800073c   0x000000ee   Code   RO         1031    i.HAL_CAN_ConfigFilter  stm32f1xx_hal_can.o
    0x0800082a   0x0800082a   0x000000e8   Code   RO         1037    i.HAL_CAN_GetRxMessage  stm32f1xx_hal_can.o
    0x08000912   0x08000912   0x0000011a   Code   RO         1042    i.HAL_CAN_Init      stm32f1xx_hal_can.o
    0x08000a2c   0x08000a2c   0x0000008c   Code   RO          361    i.HAL_CAN_MspInit   can.o
    0x08000ab8   0x08000ab8   0x00000058   Code   RO         1054    i.HAL_CAN_Start     stm32f1xx_hal_can.o
    0x08000b10   0x08000b10   0x00000022   Code   RO         2241    i.HAL_CRC_Init      stm32f1xx_hal_crc.o
    0x08000b32   0x08000b32   0x00000002   PAD
    0x08000b34   0x08000b34   0x00000028   Code   RO          416    i.HAL_CRC_MspInit   crc.o
    0x08000b5c   0x08000b5c   0x00000046   Code   RO         1641    i.HAL_DMA_Abort     stm32f1xx_hal_dma.o
    0x08000ba2   0x08000ba2   0x00000002   PAD
    0x08000ba4   0x08000ba4   0x0000005c   Code   RO         1647    i.HAL_DMA_Init      stm32f1xx_hal_dma.o
    0x08000c00   0x08000c00   0x00000070   Code   RO         1651    i.HAL_DMA_Start_IT  stm32f1xx_hal_dma.o
    0x08000c70   0x08000c70   0x00000024   Code   RO         1269    i.HAL_Delay         stm32f1xx_hal.o
    0x08000c94   0x08000c94   0x000001e0   Code   RO         1577    i.HAL_GPIO_Init     stm32f1xx_hal_gpio.o
    0x08000e74   0x08000e74   0x0000000a   Code   RO         1579    i.HAL_GPIO_ReadPin  stm32f1xx_hal_gpio.o
    0x08000e7e   0x08000e7e   0x0000000a   Code   RO         1581    i.HAL_GPIO_WritePin  stm32f1xx_hal_gpio.o
    0x08000e88   0x08000e88   0x0000000c   Code   RO         1273    i.HAL_GetTick       stm32f1xx_hal.o
    0x08000e94   0x08000e94   0x00000188   Code   RO         2308    i.HAL_I2C_Init      stm32f1xx_hal_i2c.o
    0x0800101c   0x0800101c   0x00000130   Code   RO         2329    i.HAL_I2C_Mem_Write  stm32f1xx_hal_i2c.o
    0x0800114c   0x0800114c   0x0000005c   Code   RO          482    i.HAL_I2C_MspInit   i2c.o
    0x080011a8   0x080011a8   0x00000010   Code   RO         1279    i.HAL_IncTick       stm32f1xx_hal.o
    0x080011b8   0x080011b8   0x00000024   Code   RO         1280    i.HAL_Init          stm32f1xx_hal.o
    0x080011dc   0x080011dc   0x00000098   Code   RO          810    i.HAL_InitTick      stm32f1xx_hal_timebase_tim.o
    0x08001274   0x08001274   0x00000048   Code   RO          786    i.HAL_MspInit       stm32f1xx_hal_msp.o
    0x080012bc   0x080012bc   0x0000001a   Code   RO         1737    i.HAL_NVIC_EnableIRQ  stm32f1xx_hal_cortex.o
    0x080012d6   0x080012d6   0x00000002   PAD
    0x080012d8   0x080012d8   0x00000040   Code   RO         1743    i.HAL_NVIC_SetPriority  stm32f1xx_hal_cortex.o
    0x08001318   0x08001318   0x00000024   Code   RO         1744    i.HAL_NVIC_SetPriorityGrouping  stm32f1xx_hal_cortex.o
    0x0800133c   0x0800133c   0x0000012c   Code   RO         1437    i.HAL_RCC_ClockConfig  stm32f1xx_hal_rcc.o
    0x08001468   0x08001468   0x00000040   Code   RO         1441    i.HAL_RCC_GetClockConfig  stm32f1xx_hal_rcc.o
    0x080014a8   0x080014a8   0x00000020   Code   RO         1444    i.HAL_RCC_GetPCLK1Freq  stm32f1xx_hal_rcc.o
    0x080014c8   0x080014c8   0x00000020   Code   RO         1445    i.HAL_RCC_GetPCLK2Freq  stm32f1xx_hal_rcc.o
    0x080014e8   0x080014e8   0x0000006c   Code   RO         1446    i.HAL_RCC_GetSysClockFreq  stm32f1xx_hal_rcc.o
    0x08001554   0x08001554   0x00000320   Code   RO         1449    i.HAL_RCC_OscConfig  stm32f1xx_hal_rcc.o
    0x08001874   0x08001874   0x000000b2   Code   RO         2740    i.HAL_SPI_Init      stm32f1xx_hal_spi.o
    0x08001926   0x08001926   0x00000002   PAD
    0x08001928   0x08001928   0x00000070   Code   RO          524    i.HAL_SPI_MspInit   spi.o
    0x08001998   0x08001998   0x00000002   Code   RO         3757    i.HAL_TIMEx_BreakCallback  stm32f1xx_hal_tim_ex.o
    0x0800199a   0x0800199a   0x00000002   Code   RO         3758    i.HAL_TIMEx_CommutCallback  stm32f1xx_hal_tim_ex.o
    0x0800199c   0x0800199c   0x00000054   Code   RO         3760    i.HAL_TIMEx_ConfigBreakDeadTime  stm32f1xx_hal_tim_ex.o
    0x080019f0   0x080019f0   0x00000068   Code   RO         3776    i.HAL_TIMEx_MasterConfigSynchronization  stm32f1xx_hal_tim_ex.o
    0x08001a58   0x08001a58   0x0000005a   Code   RO         3053    i.HAL_TIM_Base_Init  stm32f1xx_hal_tim.o
    0x08001ab2   0x08001ab2   0x00000002   PAD
    0x08001ab4   0x08001ab4   0x00000028   Code   RO          566    i.HAL_TIM_Base_MspInit  tim.o
    0x08001adc   0x08001adc   0x00000058   Code   RO         3058    i.HAL_TIM_Base_Start_IT  stm32f1xx_hal_tim.o
    0x08001b34   0x08001b34   0x000000d6   Code   RO         3062    i.HAL_TIM_ConfigClockSource  stm32f1xx_hal_tim.o
    0x08001c0a   0x08001c0a   0x00000002   Code   RO         3087    i.HAL_TIM_IC_CaptureCallback  stm32f1xx_hal_tim.o
    0x08001c0c   0x08001c0c   0x00000166   Code   RO         3101    i.HAL_TIM_IRQHandler  stm32f1xx_hal_tim.o
    0x08001d72   0x08001d72   0x00000002   PAD
    0x08001d74   0x08001d74   0x000000b4   Code   RO          567    i.HAL_TIM_MspPostInit  tim.o
    0x08001e28   0x08001e28   0x00000002   Code   RO         3104    i.HAL_TIM_OC_DelayElapsedCallback  stm32f1xx_hal_tim.o
    0x08001e2a   0x08001e2a   0x000000c6   Code   RO         3125    i.HAL_TIM_PWM_ConfigChannel  stm32f1xx_hal_tim.o
    0x08001ef0   0x08001ef0   0x0000005a   Code   RO         3128    i.HAL_TIM_PWM_Init  stm32f1xx_hal_tim.o
    0x08001f4a   0x08001f4a   0x00000002   PAD
    0x08001f4c   0x08001f4c   0x00000028   Code   RO          569    i.HAL_TIM_PWM_MspInit  tim.o
    0x08001f74   0x08001f74   0x00000002   Code   RO         3131    i.HAL_TIM_PWM_PulseFinishedCallback  stm32f1xx_hal_tim.o
    0x08001f76   0x08001f76   0x00000002   PAD
    0x08001f78   0x08001f78   0x0000009c   Code   RO         3133    i.HAL_TIM_PWM_Start  stm32f1xx_hal_tim.o
    0x08002014   0x08002014   0x00000014   Code   RO           14    i.HAL_TIM_PeriodElapsedCallback  main.o
    0x08002028   0x08002028   0x00000002   Code   RO         3144    i.HAL_TIM_TriggerCallback  stm32f1xx_hal_tim.o
    0x0800202a   0x0800202a   0x00000002   Code   RO         4035    i.HAL_UARTEx_RxEventCallback  stm32f1xx_hal_uart.o
    0x0800202c   0x0800202c   0x00000058   Code   RO         4047    i.HAL_UART_DMAStop  stm32f1xx_hal_uart.o
    0x08002084   0x08002084   0x00000002   Code   RO         4049    i.HAL_UART_ErrorCallback  stm32f1xx_hal_uart.o
    0x08002086   0x08002086   0x00000062   Code   RO         4053    i.HAL_UART_Init     stm32f1xx_hal_uart.o
    0x080020e8   0x080020e8   0x00000138   Code   RO          632    i.HAL_UART_MspInit  usart.o
    0x08002220   0x08002220   0x0000002a   Code   RO         4057    i.HAL_UART_Receive_DMA  stm32f1xx_hal_uart.o
    0x0800224a   0x0800224a   0x00000002   Code   RO         4059    i.HAL_UART_RxCpltCallback  stm32f1xx_hal_uart.o
    0x0800224c   0x0800224c   0x00000002   Code   RO         4060    i.HAL_UART_RxHalfCpltCallback  stm32f1xx_hal_uart.o
    0x0800224e   0x0800224e   0x00000002   Code   RO          689    i.HardFault_Handler  stm32f1xx_it.o
    0x08002250   0x08002250   0x0000002e   Code   RO         2350    i.I2C_IsAcknowledgeFailed  stm32f1xx_hal_i2c.o
    0x0800227e   0x0800227e   0x00000002   PAD
    0x08002280   0x08002280   0x000000a8   Code   RO         2361    i.I2C_RequestMemoryWrite  stm32f1xx_hal_i2c.o
    0x08002328   0x08002328   0x0000004c   Code   RO         2365    i.I2C_WaitOnBTFFlagUntilTimeout  stm32f1xx_hal_i2c.o
    0x08002374   0x08002374   0x00000068   Code   RO         2366    i.I2C_WaitOnFlagUntilTimeout  stm32f1xx_hal_i2c.o
    0x080023dc   0x080023dc   0x00000096   Code   RO         2367    i.I2C_WaitOnMasterAddressFlagUntilTimeout  stm32f1xx_hal_i2c.o
    0x08002472   0x08002472   0x0000004c   Code   RO         2369    i.I2C_WaitOnTXEFlagUntilTimeout  stm32f1xx_hal_i2c.o
    0x080024be   0x080024be   0x00000032   Code   RO         6181    i.IMU_MesReceive    imu.o
    0x080024f0   0x080024f0   0x0000000c   Code   RO          274    i.Info              freertos.o
    0x080024fc   0x080024fc   0x0000003c   Code   RO         6135    i.Key_Prompt        buzzer.o
    0x08002538   0x08002538   0x00000074   Code   RO         6239    i.Key_Scan          key.o
    0x080025ac   0x080025ac   0x00000008   Code   RO          275    i.LED               freertos.o
    0x080025b4   0x080025b4   0x0000007c   Code   RO         5974    i.LocationPID_Process  pid.o
    0x08002630   0x08002630   0x0000018c   Code   RO         5927    i.MOD2              gimbal.o
    0x080027bc   0x080027bc   0x00000098   Code   RO         5928    i.MOD3              gimbal.o
    0x08002854   0x08002854   0x00000068   Code   RO          362    i.MX_CAN_Init       can.o
    0x080028bc   0x080028bc   0x00000024   Code   RO          417    i.MX_CRC_Init       crc.o
    0x080028e0   0x080028e0   0x0000003c   Code   RO          457    i.MX_DMA_Init       dma.o
    0x0800291c   0x0800291c   0x00000068   Code   RO          276    i.MX_FREERTOS_Init  freertos.o
    0x08002984   0x08002984   0x000000c4   Code   RO          245    i.MX_GPIO_Init      gpio.o
    0x08002a48   0x08002a48   0x00000040   Code   RO          483    i.MX_I2C1_Init      i2c.o
    0x08002a88   0x08002a88   0x00000048   Code   RO          525    i.MX_SPI1_Init      spi.o
    0x08002ad0   0x08002ad0   0x000000e8   Code   RO          570    i.MX_TIM1_Init      tim.o
    0x08002bb8   0x08002bb8   0x00000070   Code   RO          571    i.MX_TIM3_Init      tim.o
    0x08002c28   0x08002c28   0x00000040   Code   RO          633    i.MX_USART2_UART_Init  usart.o
    0x08002c68   0x08002c68   0x00000038   Code   RO          634    i.MX_USART3_UART_Init  usart.o
    0x08002ca0   0x08002ca0   0x00000002   Code   RO          690    i.MemManage_Handler  stm32f1xx_it.o
    0x08002ca2   0x08002ca2   0x00000002   PAD
    0x08002ca4   0x08002ca4   0x000000e0   Code   RO          363    i.Message_buffer    can.o
    0x08002d84   0x08002d84   0x0000002a   Code   RO         6209    i.MotorData_Process  motor.o
    0x08002dae   0x08002dae   0x00000002   Code   RO          691    i.NMI_Handler       stm32f1xx_it.o
    0x08002db0   0x08002db0   0x00000026   Code   RO         6025    i.OLED_Clear        oled.o
    0x08002dd6   0x08002dd6   0x000000a8   Code   RO         6027    i.OLED_Init         oled.o
    0x08002e7e   0x08002e7e   0x00000016   Code   RO         6028    i.OLED_Pow          oled.o
    0x08002e94   0x08002e94   0x00000022   Code   RO         6029    i.OLED_SetCursor    oled.o
    0x08002eb6   0x08002eb6   0x00000002   PAD
    0x08002eb8   0x08002eb8   0x00000068   Code   RO         6032    i.OLED_ShowChar     oled.o
    0x08002f20   0x08002f20   0x00000042   Code   RO         6034    i.OLED_ShowNum      oled.o
    0x08002f62   0x08002f62   0x00000026   Code   RO         6036    i.OLED_ShowString   oled.o
    0x08002f88   0x08002f88   0x00000024   Code   RO         6037    i.OLED_WriteCommand  oled.o
    0x08002fac   0x08002fac   0x00000024   Code   RO         6038    i.OLED_WriteData    oled.o
    0x08002fd0   0x08002fd0   0x00000016   Code   RO         5975    i.PID_Init          pid.o
    0x08002fe6   0x08002fe6   0x00000024   Code   RO         5976    i.PID_LimitMax      pid.o
    0x0800300a   0x0800300a   0x00000002   PAD
    0x0800300c   0x0800300c   0x0000005c   Code   RO          936    i.Ramp_float        mymath.o
    0x08003068   0x08003068   0x00000074   Code   RO         5977    i.SpeedPID_Process  pid.o
    0x080030dc   0x080030dc   0x0000002c   Code   RO         5846    i.SysTick_Handler   port.o
    0x08003108   0x08003108   0x0000005e   Code   RO           15    i.SystemClock_Config  main.o
    0x08003166   0x08003166   0x00000002   Code   RO          955    i.SystemInit        system_stm32f1xx.o
    0x08003168   0x08003168   0x0000000c   Code   RO          692    i.TIM4_IRQHandler   stm32f1xx_it.o
    0x08003174   0x08003174   0x0000006c   Code   RO         3146    i.TIM_Base_SetConfig  stm32f1xx_hal_tim.o
    0x080031e0   0x080031e0   0x0000001a   Code   RO         3147    i.TIM_CCxChannelCmd  stm32f1xx_hal_tim.o
    0x080031fa   0x080031fa   0x00000014   Code   RO         3157    i.TIM_ETR_SetConfig  stm32f1xx_hal_tim.o
    0x0800320e   0x0800320e   0x00000010   Code   RO         3158    i.TIM_ITRx_SetConfig  stm32f1xx_hal_tim.o
    0x0800321e   0x0800321e   0x00000002   PAD
    0x08003220   0x08003220   0x00000050   Code   RO         3159    i.TIM_OC1_SetConfig  stm32f1xx_hal_tim.o
    0x08003270   0x08003270   0x00000058   Code   RO         3160    i.TIM_OC2_SetConfig  stm32f1xx_hal_tim.o
    0x080032c8   0x080032c8   0x00000058   Code   RO         3161    i.TIM_OC3_SetConfig  stm32f1xx_hal_tim.o
    0x08003320   0x08003320   0x00000044   Code   RO         3162    i.TIM_OC4_SetConfig  stm32f1xx_hal_tim.o
    0x08003364   0x08003364   0x00000022   Code   RO         3164    i.TIM_TI1_ConfigInputStage  stm32f1xx_hal_tim.o
    0x08003386   0x08003386   0x00000024   Code   RO         3166    i.TIM_TI2_ConfigInputStage  stm32f1xx_hal_tim.o
    0x080033aa   0x080033aa   0x0000004a   Code   RO         4067    i.UART_DMAError     stm32f1xx_hal_uart.o
    0x080033f4   0x080033f4   0x0000005a   Code   RO         4068    i.UART_DMAReceiveCplt  stm32f1xx_hal_uart.o
    0x0800344e   0x0800344e   0x0000001a   Code   RO         4070    i.UART_DMARxHalfCplt  stm32f1xx_hal_uart.o
    0x08003468   0x08003468   0x00000030   Code   RO         4076    i.UART_EndRxTransfer  stm32f1xx_hal_uart.o
    0x08003498   0x08003498   0x00000012   Code   RO         4077    i.UART_EndTxTransfer  stm32f1xx_hal_uart.o
    0x080034aa   0x080034aa   0x00000002   PAD
    0x080034ac   0x080034ac   0x000000b8   Code   RO         4079    i.UART_SetConfig    stm32f1xx_hal_uart.o
    0x08003564   0x08003564   0x00000070   Code   RO         4080    i.UART_Start_Receive_DMA  stm32f1xx_hal_uart.o
    0x080035d4   0x080035d4   0x00000060   Code   RO          277    i.UI                freertos.o
    0x08003634   0x08003634   0x00000040   Code   RO          693    i.USART2_IRQHandler  stm32f1xx_it.o
    0x08003674   0x08003674   0x00000002   Code   RO          694    i.USART3_IRQHandler  stm32f1xx_it.o
    0x08003676   0x08003676   0x00000002   PAD
    0x08003678   0x08003678   0x00000048   Code   RO          695    i.USB_LP_CAN1_RX0_IRQHandler  stm32f1xx_it.o
    0x080036c0   0x080036c0   0x00000002   Code   RO          696    i.UsageFault_Handler  stm32f1xx_it.o
    0x080036c2   0x080036c2   0x0000001c   Code   RO          635    i.VisionData_Process  usart.o
    0x080036de   0x080036de   0x00000020   Code   RO         1750    i.__NVIC_SetPriority  stm32f1xx_hal_cortex.o
    0x080036fe   0x080036fe   0x00000002   PAD
    0x08003700   0x08003700   0x00000108   Code   RO           16    i.main              main.o
    0x08003808   0x08003808   0x0000000c   Code   RO         5426    i.makeFreeRtosPriority  cmsis_os.o
    0x08003814   0x08003814   0x0000000e   Code   RO         5428    i.osDelay           cmsis_os.o
    0x08003822   0x08003822   0x0000000a   Code   RO         5431    i.osKernelStart     cmsis_os.o
    0x0800382c   0x0800382c   0x00000054   Code   RO         5465    i.osThreadCreate    cmsis_os.o
    0x08003880   0x08003880   0x00000070   Code   RO         4950    i.prvAddCurrentTaskToDelayedList  tasks.o
    0x080038f0   0x080038f0   0x000000d0   Code   RO         4951    i.prvAddNewTaskToReadyList  tasks.o
    0x080039c0   0x080039c0   0x00000058   Code   RO         5283    i.prvCheckForValidListAndQueue  timers.o
    0x08003a18   0x08003a18   0x00000026   Code   RO         4565    i.prvCopyDataFromQueue  queue.o
    0x08003a3e   0x08003a3e   0x0000006c   Code   RO         4566    i.prvCopyDataToQueue  queue.o
    0x08003aaa   0x08003aaa   0x00000034   Code   RO         4952    i.prvDeleteTCB      tasks.o
    0x08003ade   0x08003ade   0x00000002   PAD
    0x08003ae0   0x08003ae0   0x0000004c   Code   RO         5796    i.prvHeapInit       heap_4.o
    0x08003b2c   0x08003b2c   0x00000060   Code   RO         4953    i.prvIdleTask       tasks.o
    0x08003b8c   0x08003b8c   0x00000022   Code   RO         4568    i.prvInitialiseNewQueue  queue.o
    0x08003bae   0x08003bae   0x0000009c   Code   RO         4954    i.prvInitialiseNewTask  tasks.o
    0x08003c4a   0x08003c4a   0x00000002   PAD
    0x08003c4c   0x08003c4c   0x0000004c   Code   RO         5797    i.prvInsertBlockIntoFreeList  heap_4.o
    0x08003c98   0x08003c98   0x00000038   Code   RO         5285    i.prvInsertTimerInActiveList  timers.o
    0x08003cd0   0x08003cd0   0x0000001c   Code   RO         4569    i.prvIsQueueEmpty   queue.o
    0x08003cec   0x08003cec   0x000000bc   Code   RO         5286    i.prvProcessReceivedCommands  timers.o
    0x08003da8   0x08003da8   0x000000b4   Code   RO         5287    i.prvProcessTimerOrBlockTask  timers.o
    0x08003e5c   0x08003e5c   0x00000020   Code   RO         4956    i.prvResetNextTaskUnblockTime  tasks.o
    0x08003e7c   0x08003e7c   0x00000028   Code   RO         5288    i.prvSampleTimeNow  timers.o
    0x08003ea4   0x08003ea4   0x0000006c   Code   RO         5289    i.prvSwitchTimerLists  timers.o
    0x08003f10   0x08003f10   0x00000028   Code   RO         5847    i.prvTaskExitError  port.o
    0x08003f38   0x08003f38   0x00000024   Code   RO         5290    i.prvTimerTask      timers.o
    0x08003f5c   0x08003f5c   0x0000006a   Code   RO         4570    i.prvUnlockQueue    queue.o
    0x08003fc6   0x08003fc6   0x00000002   PAD
    0x08003fc8   0x08003fc8   0x000000d8   Code   RO         5798    i.pvPortMalloc      heap_4.o
    0x080040a0   0x080040a0   0x00000024   Code   RO         5848    i.pxPortInitialiseStack  port.o
    0x080040c4   0x080040c4   0x00000026   Code   RO         4525    i.uxListRemove      list.o
    0x080040ea   0x080040ea   0x00000002   PAD
    0x080040ec   0x080040ec   0x00000014   Code   RO          278    i.vApplicationGetIdleTaskMemory  freertos.o
    0x08004100   0x08004100   0x00000018   Code   RO          279    i.vApplicationGetTimerTaskMemory  freertos.o
    0x08004118   0x08004118   0x00000016   Code   RO         4526    i.vListInitialise   list.o
    0x0800412e   0x0800412e   0x00000006   Code   RO         4527    i.vListInitialiseItem  list.o
    0x08004134   0x08004134   0x00000030   Code   RO         4528    i.vListInsert       list.o
    0x08004164   0x08004164   0x00000018   Code   RO         4529    i.vListInsertEnd    list.o
    0x0800417c   0x0800417c   0x00000040   Code   RO         5850    i.vPortEnterCritical  port.o
    0x080041bc   0x080041bc   0x00000028   Code   RO         5851    i.vPortExitCritical  port.o
    0x080041e4   0x080041e4   0x0000005c   Code   RO         5799    i.vPortFree         heap_4.o
    0x08004240   0x08004240   0x00000024   Code   RO         5852    i.vPortSetupTimerInterrupt  port.o
    0x08004264   0x08004264   0x00000054   Code   RO         5853    i.vPortValidateInterruptPriority  port.o
    0x080042b8   0x080042b8   0x00000028   Code   RO         4576    i.vQueueAddToRegistry  queue.o
    0x080042e0   0x080042e0   0x00000044   Code   RO         4580    i.vQueueWaitForMessageRestricted  queue.o
    0x08004324   0x08004324   0x0000004c   Code   RO         4966    i.vTaskDelay        tasks.o
    0x08004370   0x08004370   0x00000010   Code   RO         4970    i.vTaskInternalSetTimeOutState  tasks.o
    0x08004380   0x08004380   0x0000000c   Code   RO         4971    i.vTaskMissedYield  tasks.o
    0x0800438c   0x0800438c   0x00000030   Code   RO         4973    i.vTaskPlaceOnEventList  tasks.o
    0x080043bc   0x080043bc   0x00000038   Code   RO         4974    i.vTaskPlaceOnEventListRestricted  tasks.o
    0x080043f4   0x080043f4   0x00000088   Code   RO         4982    i.vTaskStartScheduler  tasks.o
    0x0800447c   0x0800447c   0x00000010   Code   RO         4984    i.vTaskSuspendAll   tasks.o
    0x0800448c   0x0800448c   0x0000005c   Code   RO         4985    i.vTaskSwitchContext  tasks.o
    0x080044e8   0x080044e8   0x000000a8   Code   RO         5854    i.xPortStartScheduler  port.o
    0x08004590   0x08004590   0x00000066   Code   RO         4586    i.xQueueGenericCreateStatic  queue.o
    0x080045f6   0x080045f6   0x00000002   PAD
    0x080045f8   0x080045f8   0x00000088   Code   RO         4587    i.xQueueGenericReset  queue.o
    0x08004680   0x08004680   0x00000160   Code   RO         4588    i.xQueueGenericSend  queue.o
    0x080047e0   0x080047e0   0x000000bc   Code   RO         4589    i.xQueueGenericSendFromISR  queue.o
    0x0800489c   0x0800489c   0x00000138   Code   RO         4596    i.xQueueReceive     queue.o
    0x080049d4   0x080049d4   0x00000074   Code   RO         4986    i.xTaskCheckForTimeOut  tasks.o
    0x08004a48   0x08004a48   0x0000005a   Code   RO         4987    i.xTaskCreate       tasks.o
    0x08004aa2   0x08004aa2   0x00000056   Code   RO         4988    i.xTaskCreateStatic  tasks.o
    0x08004af8   0x08004af8   0x0000001c   Code   RO         4992    i.xTaskGetSchedulerState  tasks.o
    0x08004b14   0x08004b14   0x0000000c   Code   RO         4993    i.xTaskGetTickCount  tasks.o
    0x08004b20   0x08004b20   0x000000c8   Code   RO         4995    i.xTaskIncrementTick  tasks.o
    0x08004be8   0x08004be8   0x00000098   Code   RO         4998    i.xTaskPriorityDisinherit  tasks.o
    0x08004c80   0x08004c80   0x00000074   Code   RO         5000    i.xTaskRemoveFromEventList  tasks.o
    0x08004cf4   0x08004cf4   0x000000c4   Code   RO         5001    i.xTaskResumeAll    tasks.o
    0x08004db8   0x08004db8   0x00000060   Code   RO         5297    i.xTimerCreateTimerTask  timers.o
    0x08004e18   0x08004e18   0x00000060   Code   RO         5298    i.xTimerGenericCommand  timers.o
    0x08004e78   0x08004e78   0x000000c4   Code   RO         6286    x$fpl$fadd          fz_ws.l(faddsub_clz.o)
    0x08004f3c   0x08004f3c   0x00000018   Code   RO         6331    x$fpl$fcmpinf       fz_ws.l(fcmpi.o)
    0x08004f54   0x08004f54   0x00000036   Code   RO         6292    x$fpl$ffix          fz_ws.l(ffix.o)
    0x08004f8a   0x08004f8a   0x00000002   PAD
    0x08004f8c   0x08004f8c   0x00000030   Code   RO         6297    x$fpl$fflt          fz_ws.l(fflt_clz.o)
    0x08004fbc   0x08004fbc   0x00000068   Code   RO         6309    x$fpl$fleqf         fz_ws.l(fleqf.o)
    0x08005024   0x08005024   0x00000102   Code   RO         6302    x$fpl$fmul          fz_ws.l(fmul.o)
    0x08005126   0x08005126   0x0000008c   Code   RO         6311    x$fpl$fnaninf       fz_ws.l(fnaninf.o)
    0x080051b2   0x080051b2   0x0000000a   Code   RO         6313    x$fpl$fretinf       fz_ws.l(fretinf.o)
    0x080051bc   0x080051bc   0x00000062   Code   RO         6304    x$fpl$frleqf        fz_ws.l(frleqf.o)
    0x0800521e   0x0800521e   0x00000014   Code   RO         6287    x$fpl$frsb          fz_ws.l(faddsub_clz.o)
    0x08005232   0x08005232   0x00000002   PAD
    0x08005234   0x08005234   0x000000ea   Code   RO         6288    x$fpl$fsub          fz_ws.l(faddsub_clz.o)
    0x0800531e   0x0800531e   0x00000000   Code   RO         6315    x$fpl$usenofp       fz_ws.l(usenofp.o)
    0x0800531e   0x0800531e   0x00000002   PAD
    0x08005320   0x08005320   0x00000070   Data   RO          281    .constdata          freertos.o
    0x08005390   0x08005390   0x00000010   Data   RO          956    .constdata          system_stm32f1xx.o
    0x080053a0   0x080053a0   0x00000008   Data   RO          957    .constdata          system_stm32f1xx.o
    0x080053a8   0x080053a8   0x000005f0   Data   RO         6039    .constdata          oled.o
    0x08005998   0x08005998   0x0000000e   Data   RO         6136    .constdata          buzzer.o
    0x080059a6   0x080059a6   0x00000002   PAD
    0x080059a8   0x080059a8   0x0000002e   Data   RO          282    .conststring        freertos.o
    0x080059d6   0x080059d6   0x00000002   PAD
    0x080059d8   0x080059d8   0x00000020   Data   RO         6470    Region$$Table       anon$$obj.o


    Execution Region RW_IRAM1 (Exec base: 0x20000000, Load base: 0x080059f8, Size: 0x00002068, Max: 0x00005000, ABSOLUTE)

    Exec Addr    Load Addr    Size         Type   Attr      Idx    E Section Name        Object

    0x20000000   0x080059f8   0x00000010   Data   RW          283    .data               freertos.o
    0x20000010   0x08005a08   0x00000001   Data   RW          366    .data               can.o
    0x20000011   0x08005a09   0x00000003   PAD
    0x20000014   0x08005a0c   0x00000008   Data   RW          418    .data               crc.o
    0x2000001c   0x08005a14   0x00000004   Data   RW          958    .data               system_stm32f1xx.o
    0x20000020   0x08005a18   0x0000000c   Data   RW         1287    .data               stm32f1xx_hal.o
    0x2000002c   0x08005a24   0x0000003c   Data   RW         5004    .data               tasks.o
    0x20000068   0x08005a60   0x00000014   Data   RW         5304    .data               timers.o
    0x2000007c   0x08005a74   0x00000018   Data   RW         5804    .data               heap_4.o
    0x20000094   0x08005a8c   0x0000000c   Data   RW         5855    .data               port.o
    0x200000a0   0x08005a98   0x00000014   Data   RW         5930    .data               gimbal.o
    0x200000b4   0x08005aac   0x00000002   Data   RW         6240    .data               key.o
    0x200000b6   0x08005aae   0x00000003   Data   RW         6242    .data               key.o
    0x200000b9   0x08005ab1   0x00000003   PAD
    0x200000bc        -       0x00000028   Zero   RW           17    .bss                main.o
    0x200000e4        -       0x00000018   Zero   RW           18    .bss                main.o
    0x200000fc        -       0x0000000e   Zero   RW           19    .bss                main.o
    0x2000010a   0x08005ab1   0x00000002   PAD
    0x2000010c        -       0x000006b8   Zero   RW          280    .bss                freertos.o
    0x200007c4        -       0x0000001c   Zero   RW          364    .bss                can.o
    0x200007e0        -       0x00000028   Zero   RW          365    .bss                can.o
    0x20000808        -       0x00000054   Zero   RW          484    .bss                i2c.o
    0x2000085c        -       0x00000058   Zero   RW          526    .bss                spi.o
    0x200008b4        -       0x00000090   Zero   RW          572    .bss                tim.o
    0x20000944        -       0x00000110   Zero   RW          636    .bss                usart.o
    0x20000a54        -       0x00000080   Zero   RW          697    .bss                stm32f1xx_it.o
    0x20000ad4        -       0x00000048   Zero   RW          813    .bss                stm32f1xx_hal_timebase_tim.o
    0x20000b1c        -       0x00000040   Zero   RW         4600    .bss                queue.o
    0x20000b5c        -       0x000000f0   Zero   RW         5003    .bss                tasks.o
    0x20000c4c        -       0x000000f0   Zero   RW         5303    .bss                timers.o
    0x20000d3c        -       0x00000c00   Zero   RW         5803    .bss                heap_4.o
    0x2000193c        -       0x0000000a   Zero   RW         5929    .bss                gimbal.o
    0x20001946   0x08005ab1   0x00000002   PAD
    0x20001948        -       0x00000020   Zero   RW         5978    .bss                pid.o
    0x20001968        -       0x00000020   Zero   RW         5979    .bss                pid.o
    0x20001988        -       0x00000020   Zero   RW         5980    .bss                pid.o
    0x200019a8        -       0x00000020   Zero   RW         5981    .bss                pid.o
    0x200019c8        -       0x00000040   Zero   RW         6210    .bss                motor.o
    0x20001a08        -       0x00000060   Zero   RW         6344    .bss                c_w.l(libspace.o)
    0x20001a68        -       0x00000200   Zero   RW            2    HEAP                startup_stm32f103xb.o
    0x20001c68        -       0x00000400   Zero   RW            1    STACK               startup_stm32f103xb.o


==============================================================================

Image component sizes


      Code (inc. data)   RO Data    RW Data    ZI Data      Debug   Object Name

       136         24         14          0          0       2415   buzzer.o
       552         32          0          1         68       3293   can.o
       120          0          0          0          0      25153   cmsis_os.o
        76         18          0          8          0       1427   crc.o
         0          0          0          0          0       7416   croutine.o
        60          4          0          0          0        730   dma.o
         0          0          0          0          0      20620   event_groups.o
       308         60        158         16       1720       5242   freertos.o
       806        138          0         20         10       3781   gimbal.o
       196         18          0          0          0       1923   gpio.o
       460         24          0         24       3072       4631   heap_4.o
       156         26          0          0         84       1569   i2c.o
        50          0          0          0          0       1366   imu.o
       116         12          0          5          0       1722   key.o
       138          0          0          0          0       3358   list.o
       382         82          0          0         78     484511   main.o
        42          0          0          0         64       1692   motor.o
        92          6          0          0          0        789   mymath.o
       542         14       1520          0          0       6571   oled.o
       298          0          0          0        128       3883   pid.o
       662         70          0         12          0      11097   port.o
      1512         20          0          0         64      16804   queue.o
       184         22          0          0         88       1597   spi.o
        64         26        236          0       1536        804   startup_stm32f103xb.o
       100         18          0         12          0       5198   stm32f1xx_hal.o
      1040          0          0          0          0       5100   stm32f1xx_hal_can.o
       158         14          0          0          0      28150   stm32f1xx_hal_cortex.o
        34          0          0          0          0       1019   stm32f1xx_hal_crc.o
       316          8          0          0          0       3278   stm32f1xx_hal_dma.o
       500         34          0          0          0       3487   stm32f1xx_hal_gpio.o
      1316         32          0          0          0       9131   stm32f1xx_hal_i2c.o
        72         10          0          0          0        834   stm32f1xx_hal_msp.o
      1336        110          0          0          0       5777   stm32f1xx_hal_rcc.o
       178          0          0          0          0       1219   stm32f1xx_hal_spi.o
      1766         58          0          0          0      15216   stm32f1xx_hal_tim.o
       192         12          0          0          0       3125   stm32f1xx_hal_tim_ex.o
       152         20          0          0         72     447863   stm32f1xx_hal_timebase_tim.o
       788         20          0          0          0       8877   stm32f1xx_hal_uart.o
       166         44          0          0        128       6063   stm32f1xx_it.o
         0          0          0          0          0        388   stream_buffer.o
         2          0         24          4          0       1075   system_stm32f1xx.o
      2104        156          0         60        240      23040   tasks.o
       604         62          0          0        144       3599   tim.o
       888         78          0         20        240      26263   timers.o
       460         46          0          0        272       3030   usart.o

    ----------------------------------------------------------------------
     19172       1318       1988        188       8012    1214126   Object Totals
         0          0         32          0          0          0   (incl. Generated)
        48          0          4          6          4          0   (incl. Padding)

    ----------------------------------------------------------------------

      Code (inc. data)   RO Data    RW Data    ZI Data      Debug   Library Member Name

         8          0          0          0          0         68   __main.o
         0          0          0          0          0          0   __rtentry.o
        12          0          0          0          0          0   __rtentry2.o
         6          0          0          0          0          0   __rtentry4.o
        52          8          0          0          0          0   __scatter.o
        26          0          0          0          0          0   __scatter_copy.o
        28          0          0          0          0          0   __scatter_zi.o
        16          0          0          0          0         68   aeabi_memset.o
        18          0          0          0          0         80   exit.o
         6          0          0          0          0        152   heapauxi.o
         0          0          0          0          0          0   indicate_semi.o
         2          0          0          0          0          0   libinit.o
         2          0          0          0          0          0   libinit2.o
         2          0          0          0          0          0   libshutdown.o
         2          0          0          0          0          0   libshutdown2.o
         8          4          0          0         96         68   libspace.o
        68          0          0          0          0         68   rt_memclr.o
        78          0          0          0          0         80   rt_memclr_w.o
       138          0          0          0          0         68   rt_memcpy_v6.o
       100          0          0          0          0         80   rt_memcpy_w.o
         2          0          0          0          0          0   rtexit.o
        10          0          0          0          0          0   rtexit2.o
        12          4          0          0          0         68   sys_exit.o
        74          0          0          0          0         80   sys_stackheap_outer.o
         2          0          0          0          0         68   use_no_semi.o
       450          8          0          0          0        236   faddsub_clz.o
        24          0          0          0          0         68   fcmpi.o
        54          4          0          0          0         84   ffix.o
        48          0          0          0          0         68   fflt_clz.o
       104          4          0          0          0         84   fleqf.o
       258          4          0          0          0         84   fmul.o
       140          4          0          0          0         84   fnaninf.o
        10          0          0          0          0         68   fretinf.o
        98          0          0          0          0         68   frleqf.o
         0          0          0          0          0          0   usenofp.o

    ----------------------------------------------------------------------
      1872         40          0          0         96       1792   Library Totals
        14          0          0          0          0          0   (incl. Padding)

    ----------------------------------------------------------------------

      Code (inc. data)   RO Data    RW Data    ZI Data      Debug   Library Name

       672         16          0          0         96        948   c_w.l
      1186         24          0          0          0        844   fz_ws.l

    ----------------------------------------------------------------------
      1872         40          0          0         96       1792   Library Totals

    ----------------------------------------------------------------------

==============================================================================


      Code (inc. data)   RO Data    RW Data    ZI Data      Debug   

     21044       1358       1988        188       8108    1204214   Grand Totals
     21044       1358       1988        188       8108    1204214   ELF Image Totals
     21044       1358       1988        188          0          0   ROM Totals

==============================================================================

    Total RO  Size (Code + RO Data)                23032 (  22.49kB)
    Total RW  Size (RW Data + ZI Data)              8296 (   8.10kB)
    Total ROM Size (Code + RO Data + RW Data)      23220 (  22.68kB)

==============================================================================

