Component: ARM Compiler 5.06 update 5 (build 528) Tool: armlink [4d35e2]

==============================================================================

Section Cross References

    startup_stm32f103xe.o(STACK) refers (Special) to heapauxi.o(.text) for __use_two_region_memory
    startup_stm32f103xe.o(HEAP) refers (Special) to heapauxi.o(.text) for __use_two_region_memory
    startup_stm32f103xe.o(RESET) refers (Special) to heapauxi.o(.text) for __use_two_region_memory
    startup_stm32f103xe.o(RESET) refers to startup_stm32f103xe.o(STACK) for __initial_sp
    startup_stm32f103xe.o(RESET) refers to startup_stm32f103xe.o(.text) for Reset_Handler
    startup_stm32f103xe.o(RESET) refers to stm32f1xx_it.o(i.NMI_Handler) for NMI_Handler
    startup_stm32f103xe.o(RESET) refers to stm32f1xx_it.o(i.HardFault_Handler) for HardFault_Handler
    startup_stm32f103xe.o(RESET) refers to stm32f1xx_it.o(i.MemManage_Handler) for MemManage_Handler
    startup_stm32f103xe.o(RESET) refers to stm32f1xx_it.o(i.BusFault_Handler) for BusFault_Handler
    startup_stm32f103xe.o(RESET) refers to stm32f1xx_it.o(i.UsageFault_Handler) for UsageFault_Handler
    startup_stm32f103xe.o(RESET) refers to port.o(.emb_text) for SVC_Handler
    startup_stm32f103xe.o(RESET) refers to stm32f1xx_it.o(i.DebugMon_Handler) for DebugMon_Handler
    startup_stm32f103xe.o(RESET) refers to port.o(i.SysTick_Handler) for SysTick_Handler
    startup_stm32f103xe.o(RESET) refers to stm32f1xx_it.o(i.DMA1_Channel6_IRQHandler) for DMA1_Channel6_IRQHandler
    startup_stm32f103xe.o(RESET) refers to stm32f1xx_it.o(i.DMA1_Channel7_IRQHandler) for DMA1_Channel7_IRQHandler
    startup_stm32f103xe.o(RESET) refers to stm32f1xx_it.o(i.USB_LP_CAN1_RX0_IRQHandler) for USB_LP_CAN1_RX0_IRQHandler
    startup_stm32f103xe.o(RESET) refers to stm32f1xx_it.o(i.TIM1_UP_IRQHandler) for TIM1_UP_IRQHandler
    startup_stm32f103xe.o(RESET) refers to stm32f1xx_it.o(i.TIM2_IRQHandler) for TIM2_IRQHandler
    startup_stm32f103xe.o(RESET) refers to stm32f1xx_it.o(i.TIM3_IRQHandler) for TIM3_IRQHandler
    startup_stm32f103xe.o(RESET) refers to stm32f1xx_it.o(i.USART1_IRQHandler) for USART1_IRQHandler
    startup_stm32f103xe.o(RESET) refers to stm32f1xx_it.o(i.USART2_IRQHandler) for USART2_IRQHandler
    startup_stm32f103xe.o(RESET) refers to stm32f1xx_it.o(i.TIM5_IRQHandler) for TIM5_IRQHandler
    startup_stm32f103xe.o(RESET) refers to stm32f1xx_it.o(i.TIM6_IRQHandler) for TIM6_IRQHandler
    startup_stm32f103xe.o(RESET) refers to stm32f1xx_it.o(i.TIM7_IRQHandler) for TIM7_IRQHandler
    startup_stm32f103xe.o(.text) refers (Special) to heapauxi.o(.text) for __use_two_region_memory
    startup_stm32f103xe.o(.text) refers to system_stm32f1xx.o(i.SystemInit) for SystemInit
    startup_stm32f103xe.o(.text) refers to __main.o(!!!main) for __main
    startup_stm32f103xe.o(.text) refers to startup_stm32f103xe.o(HEAP) for Heap_Mem
    startup_stm32f103xe.o(.text) refers to startup_stm32f103xe.o(STACK) for Stack_Mem
    chassis_ctrl.o(i.Turn_90_chack) refers to pid.o(i.SpeedPID_Process) for SpeedPID_Process
    chassis_ctrl.o(i.Turn_90_chack) refers to fflt_clz.o(x$fpl$fflt) for __aeabi_i2f
    chassis_ctrl.o(i.Turn_90_chack) refers to motor.o(i.Motor_Output) for Motor_Output
    chassis_ctrl.o(i.Turn_90_chack) refers to motor.o(.bss) for Motor
    chassis_ctrl.o(i.Turn_90_chack) refers to pid.o(.bss) for Chassis_PID
    chassis_ctrl.o(i.crossroad) refers to pid.o(i.SpeedPID_Process) for SpeedPID_Process
    chassis_ctrl.o(i.crossroad) refers to fflt_clz.o(x$fpl$fflt) for __aeabi_i2f
    chassis_ctrl.o(i.crossroad) refers to motor.o(i.Motor_Output) for Motor_Output
    chassis_ctrl.o(i.crossroad) refers to stm32f1xx_hal.o(i.HAL_Delay) for HAL_Delay
    chassis_ctrl.o(i.crossroad) refers to motor.o(.bss) for Motor
    chassis_ctrl.o(i.crossroad) refers to pid.o(.bss) for Chassis_PID
    main.o(i.HAL_TIM_PeriodElapsedCallback) refers to stm32f1xx_hal.o(i.HAL_IncTick) for HAL_IncTick
    main.o(i.SystemClock_Config) refers to rt_memclr_w.o(.text) for __aeabi_memclr4
    main.o(i.SystemClock_Config) refers to stm32f1xx_hal_rcc.o(i.HAL_RCC_OscConfig) for HAL_RCC_OscConfig
    main.o(i.SystemClock_Config) refers to stm32f1xx_hal_rcc.o(i.HAL_RCC_ClockConfig) for HAL_RCC_ClockConfig
    main.o(i.SystemClock_Config) refers to stm32f1xx_hal_rcc_ex.o(i.HAL_RCCEx_PeriphCLKConfig) for HAL_RCCEx_PeriphCLKConfig
    main.o(i.main) refers to stm32f1xx_hal.o(i.HAL_Init) for HAL_Init
    main.o(i.main) refers to pid.o(i.PID_Init) for PID_Init
    main.o(i.main) refers to main.o(i.SystemClock_Config) for SystemClock_Config
    main.o(i.main) refers to gpio.o(i.MX_GPIO_Init) for MX_GPIO_Init
    main.o(i.main) refers to dma.o(i.MX_DMA_Init) for MX_DMA_Init
    main.o(i.main) refers to can.o(i.MX_CAN_Init) for MX_CAN_Init
    main.o(i.main) refers to i2c.o(i.MX_I2C1_Init) for MX_I2C1_Init
    main.o(i.main) refers to i2c.o(i.MX_I2C2_Init) for MX_I2C2_Init
[...]
    i.xQueueReceive                          0x08004f2c   Section        0  queue.o(i.xQueueReceive)
    i.xTaskCheckForTimeOut                   0x08005064   Section        0  tasks.o(i.xTaskCheckForTimeOut)
    i.xTaskCreate                            0x080050d8   Section        0  tasks.o(i.xTaskCreate)
    i.xTaskCreateStatic                      0x08005132   Section        0  tasks.o(i.xTaskCreateStatic)
    i.xTaskGetSchedulerState                 0x08005188   Section        0  tasks.o(i.xTaskGetSchedulerState)
    i.xTaskGetTickCount                      0x080051a4   Section        0  tasks.o(i.xTaskGetTickCount)
    i.xTaskIncrementTick                     0x080051b0   Section        0  tasks.o(i.xTaskIncrementTick)
    i.xTaskPriorityDisinherit                0x08005278   Section        0  tasks.o(i.xTaskPriorityDisinherit)
    i.xTaskRemoveFromEventList               0x08005310   Section        0  tasks.o(i.xTaskRemoveFromEventList)
    i.xTaskResumeAll                         0x08005384   Section        0  tasks.o(i.xTaskResumeAll)
    i.xTimerCreateTimerTask                  0x08005448   Section        0  timers.o(i.xTimerCreateTimerTask)
    i.xTimerGenericCommand                   0x080054a8   Section        0  timers.o(i.xTimerGenericCommand)
    x$fpl$fadd                               0x08005508   Section      196  faddsub_clz.o(x$fpl$fadd)
    _fadd1                                   0x08005517   Thumb Code     0  faddsub_clz.o(x$fpl$fadd)
    x$fpl$fcmpinf                            0x080055cc   Section       24  fcmpi.o(x$fpl$fcmpinf)
    x$fpl$fdiv                               0x080055e4   Section      388  fdiv.o(x$fpl$fdiv)
    _fdiv1                                   0x080055e5   Thumb Code     0  fdiv.o(x$fpl$fdiv)
    x$fpl$ffix                               0x08005768   Section       54  ffix.o(x$fpl$ffix)
    x$fpl$ffixu                              0x080057a0   Section       62  ffixu.o(x$fpl$ffixu)
    x$fpl$fflt                               0x080057e0   Section       48  fflt_clz.o(x$fpl$fflt)
    x$fpl$fleqf                              0x08005810   Section      104  fleqf.o(x$fpl$fleqf)
    x$fpl$fmul                               0x08005878   Section      258  fmul.o(x$fpl$fmul)
    x$fpl$fnaninf                            0x0800597a   Section      140  fnaninf.o(x$fpl$fnaninf)
    x$fpl$fretinf                            0x08005a06   Section       10  fretinf.o(x$fpl$fretinf)
    x$fpl$frleqf                             0x08005a10   Section       98  frleqf.o(x$fpl$frleqf)
    x$fpl$fsub                               0x08005a74   Section      234  faddsub_clz.o(x$fpl$fsub)
    _fsub1                                   0x08005a83   Thumb Code     0  faddsub_clz.o(x$fpl$fsub)
    x$fpl$usenofp                            0x08005b5e   Section        0  usenofp.o(x$fpl$usenofp)
    .constdata                               0x08005b60   Section       84  freertos.o(.constdata)
    .constdata                               0x08005bb4   Section       18  stm32f1xx_hal_rcc.o(.constdata)
    aPredivFactorTable                       0x08005bb4   Data           2  stm32f1xx_hal_rcc.o(.constdata)
    aPLLMULFactorTable                       0x08005bb6   Data          16  stm32f1xx_hal_rcc.o(.constdata)
    .constdata                               0x08005bc6   Section       18  stm32f1xx_hal_rcc_ex.o(.constdata)
    aPredivFactorTable                       0x08005bc6   Data           2  stm32f1xx_hal_rcc_ex.o(.constdata)
    aPLLMULFactorTable                       0x08005bc8   Data          16  stm32f1xx_hal_rcc_ex.o(.constdata)
    .constdata                               0x08005bd8   Section       16  system_stm32f1xx.o(.constdata)
    .constdata                               0x08005be8   Section        8  system_stm32f1xx.o(.constdata)
    .conststring                             0x08005bf0   Section       36  freertos.o(.conststring)
    .data                                    0x20000000   Section       12  freertos.o(.data)
    .data                                    0x2000000c   Section       12  stm32f1xx_hal.o(.data)
    .data                                    0x20000018   Section        4  system_stm32f1xx.o(.data)
    .data                                    0x2000001c   Section       60  tasks.o(.data)
    pxDelayedTaskList                        0x20000020   Data           4  tasks.o(.data)
    pxOverflowDelayedTaskList                0x20000024   Data           4  tasks.o(.data)
    uxDeletedTasksWaitingCleanUp             0x20000028   Data           4  tasks.o(.data)
    uxCurrentNumberOfTasks                   0x2000002c   Data           4  tasks.o(.data)
    xTickCount                               0x20000030   Data           4  tasks.o(.data)
    uxTopReadyPriority                       0x20000034   Data           4  tasks.o(.data)
    xSchedulerRunning                        0x20000038   Data           4  tasks.o(.data)
    uxPendedTicks                            0x2000003c   Data           4  tasks.o(.data)
    xYieldPending                            0x20000040   Data           4  tasks.o(.data)
    xNumOfOverflows                          0x20000044   Data           4  tasks.o(.data)
    uxTaskNumber                             0x20000048   Data           4  tasks.o(.data)
    xNextTaskUnblockTime                     0x2000004c   Data           4  tasks.o(.data)
    xIdleTaskHandle                          0x20000050   Data           4  tasks.o(.data)
    uxSchedulerSuspended                     0x20000054   Data           4  tasks.o(.data)
    .data                                    0x20000058   Section       20  timers.o(.data)
    pxCurrentTimerList                       0x20000058   Data           4  timers.o(.data)
    pxOverflowTimerList                      0x2000005c   Data           4  timers.o(.data)
    xTimerQueue                              0x20000060   Data           4  timers.o(.data)
    xTimerTaskHandle                         0x20000064   Data           4  timers.o(.data)
    xLastTime                                0x20000068   Data           4  timers.o(.data)
    .data                                    0x2000006c   Section       24  heap_4.o(.data)
    pxEnd                                    0x2000006c   Data           4  heap_4.o(.data)
    xFreeBytesRemaining                      0x20000070   Data           4  heap_4.o(.data)
    xMinimumEverFreeBytesRemaining           0x20000074   Data           4  heap_4.o(.data)
    xBlockAllocatedBit                       0x20000078   Data           4  heap_4.o(.data)
    xStart                                   0x2000007c   Data           8  heap_4.o(.data)
    .data                                    0x20000084   Section       12  port.o(.data)
    ucMaxSysCallPriority                     0x20000084   Data           1  port.o(.data)
    uxCriticalNesting                        0x20000088   Data           4  port.o(.data)
    ulMaxPRIGROUPValue                       0x2000008c   Data           4  port.o(.data)
    .bss                                     0x20000090   Section       16  main.o(.bss)
    .bss                                     0x200000a0   Section      140  main.o(.bss)
    .bss                                     0x2000012c   Section     1704  freertos.o(.bss)
    xIdleTaskTCBBuffer                       0x2000012c   Data          84  freertos.o(.bss)
    xIdleStack                               0x20000180   Data         512  freertos.o(.bss)
    xTimerTaskTCBBuffer                      0x20000380   Data          84  freertos.o(.bss)
    xTimerStack                              0x200003d4   Data        1024  freertos.o(.bss)
    .bss                                     0x200007d4   Section       40  can.o(.bss)
    .bss                                     0x200007fc   Section      168  i2c.o(.bss)
    .bss                                     0x200008a4   Section       20  rtc.o(.bss)
    .bss                                     0x200008b8   Section      432  tim.o(.bss)
    .bss                                     0x20000a68   Section      280  usart.o(.bss)
    .bss                                     0x20000b80   Section       72  stm32f1xx_hal_timebase_tim.o(.bss)
    .bss                                     0x20000bc8   Section       32  motor.o(.bss)
    .bss                                     0x20000be8   Section       32  pid.o(.bss)
    .bss                                     0x20000c08   Section       32  pid.o(.bss)
    .bss                                     0x20000c28   Section       64  queue.o(.bss)
    .bss                                     0x20000c68   Section      240  tasks.o(.bss)
    pxReadyTasksLists                        0x20000c68   Data         140  tasks.o(.bss)
    xDelayedTaskList1                        0x20000cf4   Data          20  tasks.o(.bss)
    xDelayedTaskList2                        0x20000d08   Data          20  tasks.o(.bss)
    xPendingReadyList                        0x20000d1c   Data          20  tasks.o(.bss)
    xTasksWaitingTermination                 0x20000d30   Data          20  tasks.o(.bss)
    xSuspendedTaskList                       0x20000d44   Data          20  tasks.o(.bss)
    .bss                                     0x20000d58   Section      232  timers.o(.bss)
    xActiveTimerList1                        0x20000d58   Data          20  timers.o(.bss)
    xActiveTimerList2                        0x20000d6c   Data          20  timers.o(.bss)
    xStaticTimerQueue                        0x20000d80   Data          72  timers.o(.bss)
    ucStaticTimerQueueStorage                0x20000dc8   Data         120  timers.o(.bss)
    .bss                                     0x20000e40   Section     3072  heap_4.o(.bss)
    ucHeap                                   0x20000e40   Data        3072  heap_4.o(.bss)
    .bss                                     0x20001a40   Section       96  libspace.o(.bss)
    HEAP                                     0x20001aa0   Section      512  startup_stm32f103xe.o(HEAP)
    Heap_Mem                                 0x20001aa0   Data         512  startup_stm32f103xe.o(HEAP)
    STACK                                    0x20001ca0   Section     1024  startup_stm32f103xe.o(STACK)
    Stack_Mem                                0x20001ca0   Data        1024  startup_stm32f103xe.o(STACK)
    __initial_sp                             0x200020a0   Data           0  startup_stm32f103xe.o(STACK)

    Global Symbols

    Symbol Name                              Value     Ov Type        Size  Object(Section)

    BuildAttributes$$THM_ISAv4$P$D$K$B$S$PE$A:L22UL41UL21$X:L11$S22US41US21$IEEE1$IW$USESV6$~STKCKD$USESV7$~SHL$OSPACE$ROPI$EBA8$UX$STANDARDLIB$REQ8$PRES8$EABIv2 0x00000000   Number         0  anon$$obj.o ABSOLUTE
    __ARM_use_no_argv                        0x00000000   Number         0  main.o ABSOLUTE
    __ARM_exceptions_init                     - Undefined Weak Reference
    __alloca_initialize                       - Undefined Weak Reference
    __arm_preinit_                            - Undefined Weak Reference
    __cpp_initialize__aeabi_                  - Undefined Weak Reference
    __cxa_finalize                            - Undefined Weak Reference
    __rt_locale                               - Undefined Weak Reference
    __sigvec_lookup                           - Undefined Weak Reference
    _atexit_init                              - Undefined Weak Reference
    _call_atexit_fns                          - Undefined Weak Reference
    _clock_init                               - Undefined Weak Reference
    _fp_trap_init                             - Undefined Weak Reference
    _fp_trap_shutdown                         - Undefined Weak Reference
    _get_lc_collate                           - Undefined Weak Reference
    _get_lc_ctype                             - Undefined Weak Reference
    _get_lc_monetary                          - Undefined Weak Reference
    _get_lc_numeric                           - Undefined Weak Reference
    _get_lc_time                              - Undefined Weak Reference
    _getenv_init                              - Undefined Weak Reference
    _handle_redirection                       - Undefined Weak Reference
    _init_alloc                               - Undefined Weak Reference
    _init_user_alloc                          - Undefined Weak Reference
    _initio                                   - Undefined Weak Reference
    _rand_init                                - Undefined Weak Reference
    _signal_finish                            - Undefined Weak Reference
    _signal_init                              - Undefined Weak Reference
    _terminate_alloc                          - Undefined Weak Reference
    _terminate_user_alloc                     - Undefined Weak Reference
    _terminateio                              - Undefined Weak Reference
    __Vectors_Size                           0x00000130   Number         0  startup_stm32f103xe.o ABSOLUTE
    __Vectors                                0x08000000   Data           4  startup_stm32f103xe.o(RESET)
    __Vectors_End                            0x08000130   Data           0  startup_stm32f103xe.o(RESET)
    __main                                   0x08000131   Thumb Code     8  __main.o(!!!main)
    __scatterload                            0x08000139   Thumb Code     0  __scatter.o(!!!scatter)
    __scatterload_rt2                        0x08000139   Thumb Code    44  __scatter.o(!!!scatter)
    __scatterload_rt2_thumb_only             0x08000139   Thumb Code     0  __scatter.o(!!!scatter)
    __scatterload_null                       0x08000147   Thumb Code     0  __scatter.o(!!!scatter)
    __scatterload_copy                       0x0800016d   Thumb Code    26  __scatter_copy.o(!!handler_copy)
    __scatterload_zeroinit                   0x08000189   Thumb Code    28  __scatter_zi.o(!!handler_zi)
    __rt_lib_init                            0x080001a5   Thumb Code     0  libinit.o(.ARM.Collect$$libinit$$00000000)
    __rt_lib_init_alloca_1                   0x080001a7   Thumb Code     0  libinit2.o(.ARM.Collect$$libinit$$0000002E)
    __rt_lib_init_argv_1                     0x080001a7   Thumb Code     0  libinit2.o(.ARM.Collect$$libinit$$0000002C)
    __rt_lib_init_atexit_1                   0x080001a7   Thumb Code     0  libinit2.o(.ARM.Collect$$libinit$$0000001B)
    __rt_lib_init_clock_1                    0x080001a7   Thumb Code     0  libinit2.o(.ARM.Collect$$libinit$$00000021)
    __rt_lib_init_cpp_1                      0x080001a7   Thumb Code     0  libinit2.o(.ARM.Collect$$libinit$$00000032)
    __rt_lib_init_exceptions_1               0x080001a7   Thumb Code     0  libinit2.o(.ARM.Collect$$libinit$$00000030)
    __rt_lib_init_fp_1                       0x080001a7   Thumb Code     0  libinit2.o(.ARM.Collect$$libinit$$00000002)
    __rt_lib_init_fp_trap_1                  0x080001a7   Thumb Code     0  libinit2.o(.ARM.Collect$$libinit$$0000001F)
    __rt_lib_init_getenv_1                   0x080001a7   Thumb Code     0  libinit2.o(.ARM.Collect$$libinit$$00000023)
    __rt_lib_init_heap_1                     0x080001a7   Thumb Code     0  libinit2.o(.ARM.Collect$$libinit$$0000000A)
    __rt_lib_init_lc_collate_1               0x080001a7   Thumb Code     0  libinit2.o(.ARM.Collect$$libinit$$00000011)
    __rt_lib_init_lc_ctype_1                 0x080001a7   Thumb Code     0  libinit2.o(.ARM.Collect$$libinit$$00000013)
    __rt_lib_init_lc_monetary_1              0x080001a7   Thumb Code     0  libinit2.o(.ARM.Collect$$libinit$$00000015)
    __rt_lib_init_lc_numeric_1               0x080001a7   Thumb Code     0  libinit2.o(.ARM.Collect$$libinit$$00000017)
    __rt_lib_init_lc_time_1                  0x080001a7   Thumb Code     0  libinit2.o(.ARM.Collect$$libinit$$00000019)
    __rt_lib_init_preinit_1                  0x080001a7   Thumb Code     0  libinit2.o(.ARM.Collect$$libinit$$00000004)
    __rt_lib_init_rand_1                     0x080001a7   Thumb Code     0  libinit2.o(.ARM.Collect$$libinit$$0000000E)
    __rt_lib_init_return                     0x080001a7   Thumb Code     0  libinit2.o(.ARM.Collect$$libinit$$00000033)
    __rt_lib_init_signal_1                   0x080001a7   Thumb Code     0  libinit2.o(.ARM.Collect$$libinit$$0000001D)
    __rt_lib_init_stdio_1                    0x080001a7   Thumb Code     0  libinit2.o(.ARM.Collect$$libinit$$00000025)
    __rt_lib_init_user_alloc_1               0x080001a7   Thumb Code     0  libinit2.o(.ARM.Collect$$libinit$$0000000C)
    __rt_lib_shutdown                        0x080001a9   Thumb Code     0  libshutdown.o(.ARM.Collect$$libshutdown$$00000000)
    __rt_lib_shutdown_cpp_1                  0x080001ab   Thumb Code     0  libshutdown2.o(.ARM.Collect$$libshutdown$$00000002)
    __rt_lib_shutdown_fp_trap_1              0x080001ab   Thumb Code     0  libshutdown2.o(.ARM.Collect$$libshutdown$$00000007)
    __rt_lib_shutdown_heap_1                 0x080001ab   Thumb Code     0  libshutdown2.o(.ARM.Collect$$libshutdown$$0000000F)
    __rt_lib_shutdown_return                 0x080001ab   Thumb Code     0  libshutdown2.o(.ARM.Collect$$libshutdown$$00000010)
    __rt_lib_shutdown_signal_1               0x080001ab   Thumb Code     0  libshutdown2.o(.ARM.Collect$$libshutdown$$0000000A)
    __rt_lib_shutdown_stdio_1                0x080001ab   Thumb Code     0  libshutdown2.o(.ARM.Collect$$libshutdown$$00000004)
    __rt_lib_shutdown_user_alloc_1           0x080001ab   Thumb Code     0  libshutdown2.o(.ARM.Collect$$libshutdown$$0000000C)
    __rt_entry                               0x080001ad   Thumb Code     0  __rtentry.o(.ARM.Collect$$rtentry$$00000000)
    __rt_entry_presh_1                       0x080001ad   Thumb Code     0  __rtentry2.o(.ARM.Collect$$rtentry$$00000002)
    __rt_entry_sh                            0x080001ad   Thumb Code     0  __rtentry4.o(.ARM.Collect$$rtentry$$00000004)
    __rt_entry_li                            0x080001b3   Thumb Code     0  __rtentry2.o(.ARM.Collect$$rtentry$$0000000A)
    __rt_entry_postsh_1                      0x080001b3   Thumb Code     0  __rtentry2.o(.ARM.Collect$$rtentry$$00000009)
    __rt_entry_main                          0x080001b7   Thumb Code     0  __rtentry2.o(.ARM.Collect$$rtentry$$0000000D)
    __rt_entry_postli_1                      0x080001b7   Thumb Code     0  __rtentry2.o(.ARM.Collect$$rtentry$$0000000C)
    __rt_exit                                0x080001bf   Thumb Code     0  rtexit.o(.ARM.Collect$$rtexit$$00000000)
    __rt_exit_ls                             0x080001c1   Thumb Code     0  rtexit2.o(.ARM.Collect$$rtexit$$00000003)
    __rt_exit_prels_1                        0x080001c1   Thumb Code     0  rtexit2.o(.ARM.Collect$$rtexit$$00000002)
    __rt_exit_exit                           0x080001c5   Thumb Code     0  rtexit2.o(.ARM.Collect$$rtexit$$00000004)
    SVC_Handler                              0x080001cd   Thumb Code    32  port.o(.emb_text)
    __asm___6_port_c_39a90d8d__prvStartFirstTask 0x080001f1   Thumb Code    28  port.o(.emb_text)
    PendSV_Handler                           0x08000211   Thumb Code    72  port.o(.emb_text)
    vPortGetIPSR                             0x0800025d   Thumb Code     6  port.o(.emb_text)
    Reset_Handler                            0x08000265   Thumb Code     8  startup_stm32f103xe.o(.text)
    ADC1_2_IRQHandler                        0x0800027f   Thumb Code     0  startup_stm32f103xe.o(.text)
    ADC3_IRQHandler                          0x0800027f   Thumb Code     0  startup_stm32f103xe.o(.text)
    CAN1_RX1_IRQHandler                      0x0800027f   Thumb Code     0  startup_stm32f103xe.o(.text)
    CAN1_SCE_IRQHandler                      0x0800027f   Thumb Code     0  startup_stm32f103xe.o(.text)
    DMA1_Channel1_IRQHandler                 0x0800027f   Thumb Code     0  startup_stm32f103xe.o(.text)
    DMA1_Channel2_IRQHandler                 0x0800027f   Thumb Code     0  startup_stm32f103xe.o(.text)
    DMA1_Channel3_IRQHandler                 0x0800027f   Thumb Code     0  startup_stm32f103xe.o(.text)
    DMA1_Channel4_IRQHandler                 0x0800027f   Thumb Code     0  startup_stm32f103xe.o(.text)
    DMA1_Channel5_IRQHandler                 0x0800027f   Thumb Code     0  startup_stm32f103xe.o(.text)
    DMA2_Channel1_IRQHandler                 0x0800027f   Thumb Code     0  startup_stm32f103xe.o(.text)
    DMA2_Channel2_IRQHandler                 0x0800027f   Thumb Code     0  startup_stm32f103xe.o(.text)
    DMA2_Channel3_IRQHandler                 0x0800027f   Thumb Code     0  startup_stm32f103xe.o(.text)
    DMA2_Channel4_5_IRQHandler               0x0800027f   Thumb Code     0  startup_stm32f103xe.o(.text)
    EXTI0_IRQHandler                         0x0800027f   Thumb Code     0  startup_stm32f103xe.o(.text)
    EXTI15_10_IRQHandler                     0x0800027f   Thumb Code     0  startup_stm32f103xe.o(.text)
    EXTI1_IRQHandler                         0x0800027f   Thumb Code     0  startup_stm32f103xe.o(.text)
    EXTI2_IRQHandler                         0x0800027f   Thumb Code     0  startup_stm32f103xe.o(.text)
    EXTI3_IRQHandler                         0x0800027f   Thumb Code     0  startup_stm32f103xe.o(.text)
    EXTI4_IRQHandler                         0x0800027f   Thumb Code     0  startup_stm32f103xe.o(.text)
    EXTI9_5_IRQHandler                       0x0800027f   Thumb Code     0  startup_stm32f103xe.o(.text)
    FLASH_IRQHandler                         0x0800027f   Thumb Code     0  startup_stm32f103xe.o(.text)
    FSMC_IRQHandler                          0x0800027f   Thumb Code     0  startup_stm32f103xe.o(.text)
    I2C1_ER_IRQHandler                       0x0800027f   Thumb Code     0  startup_stm32f103xe.o(.text)
    I2C1_EV_IRQHandler                       0x0800027f   Thumb Code     0  startup_stm32f103xe.o(.text)
    I2C2_ER_IRQHandler                       0x0800027f   Thumb Code     0  startup_stm32f103xe.o(.text)
    I2C2_EV_IRQHandler                       0x0800027f   Thumb Code     0  startup_stm32f103xe.o(.text)
    PVD_IRQHandler                           0x0800027f   Thumb Code     0  startup_stm32f103xe.o(.text)
    RCC_IRQHandler                           0x0800027f   Thumb Code     0  startup_stm32f103xe.o(.text)
    RTC_Alarm_IRQHandler                     0x0800027f   Thumb Code     0  startup_stm32f103xe.o(.text)
    RTC_IRQHandler                           0x0800027f   Thumb Code     0  startup_stm32f103xe.o(.text)
    SDIO_IRQHandler                          0x0800027f   Thumb Code     0  startup_stm32f103xe.o(.text)
    SPI1_IRQHandler                          0x0800027f   Thumb Code     0  startup_stm32f103xe.o(.text)
    SPI2_IRQHandler                          0x0800027f   Thumb Code     0  startup_stm32f103xe.o(.text)
    SPI3_IRQHandler                          0x0800027f   Thumb Code     0  startup_stm32f103xe.o(.text)
    TAMPER_IRQHandler                        0x0800027f   Thumb Code     0  startup_stm32f103xe.o(.text)
    TIM1_BRK_IRQHandler                      0x0800027f   Thumb Code     0  startup_stm32f103xe.o(.text)
    TIM1_CC_IRQHandler                       0x0800027f   Thumb Code     0  startup_stm32f103xe.o(.text)
    TIM1_TRG_COM_IRQHandler                  0x0800027f   Thumb Code     0  startup_stm32f103xe.o(.text)
    TIM4_IRQHandler                          0x0800027f   Thumb Code     0  startup_stm32f103xe.o(.text)
    TIM8_BRK_IRQHandler                      0x0800027f   Thumb Code     0  startup_stm32f103xe.o(.text)
    TIM8_CC_IRQHandler                       0x0800027f   Thumb Code     0  startup_stm32f103xe.o(.text)
    TIM8_TRG_COM_IRQHandler                  0x0800027f   Thumb Code     0  startup_stm32f103xe.o(.text)
    TIM8_UP_IRQHandler                       0x0800027f   Thumb Code     0  startup_stm32f103xe.o(.text)
    UART4_IRQHandler                         0x0800027f   Thumb Code     0  startup_stm32f103xe.o(.text)
    UART5_IRQHandler                         0x0800027f   Thumb Code     0  startup_stm32f103xe.o(.text)
    USART3_IRQHandler                        0x0800027f   Thumb Code     0  startup_stm32f103xe.o(.text)
    USBWakeUp_IRQHandler                     0x0800027f   Thumb Code     0  startup_stm32f103xe.o(.text)
    USB_HP_CAN1_TX_IRQHandler                0x0800027f   Thumb Code     0  startup_stm32f103xe.o(.text)
    WWDG_IRQHandler                          0x0800027f   Thumb Code     0  startup_stm32f103xe.o(.text)
    __user_initial_stackheap                 0x08000281   Thumb Code     0  startup_stm32f103xe.o(.text)
    __aeabi_memcpy                           0x080002a5   Thumb Code     0  rt_memcpy_v6.o(.text)
    __rt_memcpy                              0x080002a5   Thumb Code   138  rt_memcpy_v6.o(.text)
    _memcpy_lastbytes                        0x0800030b   Thumb Code     0  rt_memcpy_v6.o(.text)
    __aeabi_memcpy4                          0x0800032f   Thumb Code     0  rt_memcpy_w.o(.text)
    __aeabi_memcpy8                          0x0800032f   Thumb Code     0  rt_memcpy_w.o(.text)
    __rt_memcpy_w                            0x0800032f   Thumb Code   100  rt_memcpy_w.o(.text)
    _memcpy_lastbytes_aligned                0x08000377   Thumb Code     0  rt_memcpy_w.o(.text)
    __aeabi_memclr4                          0x08000393   Thumb Code     0  rt_memclr_w.o(.text)
    __aeabi_memclr8                          0x08000393   Thumb Code     0  rt_memclr_w.o(.text)
    __rt_memclr_w                            0x08000393   Thumb Code    78  rt_memclr_w.o(.text)
    _memset_w                                0x08000397   Thumb Code     0  rt_memclr_w.o(.text)
    __use_two_region_memory                  0x080003e1   Thumb Code     2  heapauxi.o(.text)
    __rt_heap_escrow$2region                 0x080003e3   Thumb Code     2  heapauxi.o(.text)
    __rt_heap_expand$2region                 0x080003e5   Thumb Code     2  heapauxi.o(.text)
    __user_setup_stackheap                   0x080003e7   Thumb Code    74  sys_stackheap_outer.o(.text)
    exit                                     0x08000431   Thumb Code    18  exit.o(.text)
    __user_libspace                          0x08000445   Thumb Code     8  libspace.o(.text)
    __user_perproc_libspace                  0x08000445   Thumb Code     0  libspace.o(.text)
    __user_perthread_libspace                0x08000445   Thumb Code     0  libspace.o(.text)
    _sys_exit                                0x0800044d   Thumb Code     8  sys_exit.o(.text)
    __I$use$semihosting                      0x08000459   Thumb Code     0  use_no_semi.o(.text)
    __use_no_semihosting_swi                 0x08000459   Thumb Code     2  use_no_semi.o(.text)
    BusFault_Handler                         0x0800045b   Thumb Code     2  stm32f1xx_it.o(i.BusFault_Handler)
    __semihosting_library_function           0x0800045b   Thumb Code     0  indicate_semi.o(.text)
    Chassis                                  0x0800045d   Thumb Code   106  freertos.o(i.Chassis)
    DMA1_Channel6_IRQHandler                 0x080004d9   Thumb Code     6  stm32f1xx_it.o(i.DMA1_Channel6_IRQHandler)
    DMA1_Channel7_IRQHandler                 0x080004e5   Thumb Code     6  stm32f1xx_it.o(i.DMA1_Channel7_IRQHandler)
    DebugMon_Handler                         0x0800051b   Thumb Code     2  stm32f1xx_it.o(i.DebugMon_Handler)
    Error_Handler                            0x0800051d   Thumb Code     4  main.o(i.Error_Handler)
    Gary_Read_8OC                            0x08000521   Thumb Code    44  grayscale_sensor.o(i.Gary_Read_8OC)
    Get_Velocity                             0x08000551   Thumb Code    20  motor.o(i.Get_Velocity)
    Gimbal                                   0x08000569   Thumb Code     8  freertos.o(i.Gimbal)
    HAL_CAN_ConfigFilter                     0x08000571   Thumb Code   238  stm32f1xx_hal_can.o(i.HAL_CAN_ConfigFilter)
    HAL_CAN_Init                             0x0800065f   Thumb Code   282  stm32f1xx_hal_can.o(i.HAL_CAN_Init)
    HAL_CAN_MspInit                          0x08000779   Thumb Code   124  can.o(i.HAL_CAN_MspInit)
    HAL_CAN_Start                            0x08000805   Thumb Code    88  stm32f1xx_hal_can.o(i.HAL_CAN_Start)
    HAL_DMA_Abort                            0x0800085d   Thumb Code    70  stm32f1xx_hal_dma.o(i.HAL_DMA_Abort)
    HAL_DMA_IRQHandler                       0x080008a5   Thumb Code   552  stm32f1xx_hal_dma.o(i.HAL_DMA_IRQHandler)
    HAL_DMA_Init                             0x08000aed   Thumb Code   112  stm32f1xx_hal_dma.o(i.HAL_DMA_Init)
    HAL_DMA_Start_IT                         0x08000b69   Thumb Code   112  stm32f1xx_hal_dma.o(i.HAL_DMA_Start_IT)
    HAL_Delay                                0x08000bd9   Thumb Code    32  stm32f1xx_hal.o(i.HAL_Delay)
    HAL_GPIO_Init                            0x08000bfd   Thumb Code   462  stm32f1xx_hal_gpio.o(i.HAL_GPIO_Init)
    HAL_GPIO_WritePin                        0x08000df5   Thumb Code    10  stm32f1xx_hal_gpio.o(i.HAL_GPIO_WritePin)
    HAL_GetTick                              0x08000e01   Thumb Code     6  stm32f1xx_hal.o(i.HAL_GetTick)
    HAL_I2C_Init                             0x08000e0d   Thumb Code   376  stm32f1xx_hal_i2c.o(i.HAL_I2C_Init)
    HAL_I2C_Master_Receive                   0x08000f95   Thumb Code   576  stm32f1xx_hal_i2c.o(i.HAL_I2C_Master_Receive)
    HAL_I2C_Master_Transmit                  0x080011e5   Thumb Code   290  stm32f1xx_hal_i2c.o(i.HAL_I2C_Master_Transmit)
    HAL_I2C_MspInit                          0x08001311   Thumb Code   148  i2c.o(i.HAL_I2C_MspInit)
    HAL_IncTick                              0x080013b9   Thumb Code    12  stm32f1xx_hal.o(i.HAL_IncTick)
    HAL_Init                                 0x080013c9   Thumb Code    32  stm32f1xx_hal.o(i.HAL_Init)
    HAL_InitTick                             0x080013ed   Thumb Code   132  stm32f1xx_hal_timebase_tim.o(i.HAL_InitTick)
    HAL_MspInit                              0x08001485   Thumb Code    62  stm32f1xx_hal_msp.o(i.HAL_MspInit)
    HAL_NVIC_EnableIRQ                       0x080014cd   Thumb Code    26  stm32f1xx_hal_cortex.o(i.HAL_NVIC_EnableIRQ)
    HAL_NVIC_SetPriority                     0x080014e9   Thumb Code    60  stm32f1xx_hal_cortex.o(i.HAL_NVIC_SetPriority)
    HAL_NVIC_SetPriorityGrouping             0x08001529   Thumb Code    26  stm32f1xx_hal_cortex.o(i.HAL_NVIC_SetPriorityGrouping)
    HAL_PWR_EnableBkUpAccess                 0x0800154d   Thumb Code     8  stm32f1xx_hal_pwr.o(i.HAL_PWR_EnableBkUpAccess)
    HAL_RCCEx_GetPeriphCLKFreq               0x08001559   Thumb Code   166  stm32f1xx_hal_rcc_ex.o(i.HAL_RCCEx_GetPeriphCLKFreq)
    HAL_RCCEx_PeriphCLKConfig                0x08001611   Thumb Code   224  stm32f1xx_hal_rcc_ex.o(i.HAL_RCCEx_PeriphCLKConfig)
    HAL_RCC_ClockConfig                      0x080016fd   Thumb Code   280  stm32f1xx_hal_rcc.o(i.HAL_RCC_ClockConfig)
    HAL_RCC_GetClockConfig                   0x08001829   Thumb Code    54  stm32f1xx_hal_rcc.o(i.HAL_RCC_GetClockConfig)
    HAL_RCC_GetPCLK1Freq                     0x08001869   Thumb Code    20  stm32f1xx_hal_rcc.o(i.HAL_RCC_GetPCLK1Freq)
    HAL_RCC_GetPCLK2Freq                     0x08001889   Thumb Code    20  stm32f1xx_hal_rcc.o(i.HAL_RCC_GetPCLK2Freq)
    HAL_RCC_GetSysClockFreq                  0x080018a9   Thumb Code    58  stm32f1xx_hal_rcc.o(i.HAL_RCC_GetSysClockFreq)
    HAL_RCC_OscConfig                        0x080018f5   Thumb Code   778  stm32f1xx_hal_rcc.o(i.HAL_RCC_OscConfig)
    HAL_RTC_Init                             0x08001c15   Thumb Code   144  stm32f1xx_hal_rtc.o(i.HAL_RTC_Init)
    HAL_RTC_MspInit                          0x08001ca9   Thumb Code    40  rtc.o(i.HAL_RTC_MspInit)
    HAL_RTC_WaitForSynchro                   0x08001cdd   Thumb Code    58  stm32f1xx_hal_rtc.o(i.HAL_RTC_WaitForSynchro)
    HAL_TIMEx_BreakCallback                  0x08001d17   Thumb Code     2  stm32f1xx_hal_tim_ex.o(i.HAL_TIMEx_BreakCallback)
    HAL_TIMEx_CommutCallback                 0x08001d19   Thumb Code     2  stm32f1xx_hal_tim_ex.o(i.HAL_TIMEx_CommutCallback)
    HAL_TIMEx_ConfigBreakDeadTime            0x08001d1b   Thumb Code    84  stm32f1xx_hal_tim_ex.o(i.HAL_TIMEx_ConfigBreakDeadTime)
    HAL_TIMEx_MasterConfigSynchronization    0x08001d71   Thumb Code   104  stm32f1xx_hal_tim_ex.o(i.HAL_TIMEx_MasterConfigSynchronization)
    HAL_TIM_Base_Init                        0x08001ded   Thumb Code    90  stm32f1xx_hal_tim.o(i.HAL_TIM_Base_Init)
    HAL_TIM_Base_MspInit                     0x08001e49   Thumb Code    72  tim.o(i.HAL_TIM_Base_MspInit)
    HAL_TIM_Base_Start_IT                    0x08001e9d   Thumb Code    88  stm32f1xx_hal_tim.o(i.HAL_TIM_Base_Start_IT)
    HAL_TIM_ConfigClockSource                0x08001f09   Thumb Code   220  stm32f1xx_hal_tim.o(i.HAL_TIM_ConfigClockSource)
    HAL_TIM_Encoder_Init                     0x08001fe5   Thumb Code   164  stm32f1xx_hal_tim.o(i.HAL_TIM_Encoder_Init)
    HAL_TIM_Encoder_MspInit                  0x08002089   Thumb Code   354  tim.o(i.HAL_TIM_Encoder_MspInit)
    HAL_TIM_Encoder_Start                    0x08002209   Thumb Code   142  stm32f1xx_hal_tim.o(i.HAL_TIM_Encoder_Start)
    HAL_TIM_IC_CaptureCallback               0x08002297   Thumb Code     2  stm32f1xx_hal_tim.o(i.HAL_TIM_IC_CaptureCallback)
    HAL_TIM_IRQHandler                       0x08002299   Thumb Code   358  stm32f1xx_hal_tim.o(i.HAL_TIM_IRQHandler)
    HAL_TIM_MspPostInit                      0x08002401   Thumb Code    64  tim.o(i.HAL_TIM_MspPostInit)
    HAL_TIM_OC_DelayElapsedCallback          0x0800244d   Thumb Code     2  stm32f1xx_hal_tim.o(i.HAL_TIM_OC_DelayElapsedCallback)
    HAL_TIM_PWM_ConfigChannel                0x0800244f   Thumb Code   204  stm32f1xx_hal_tim.o(i.HAL_TIM_PWM_ConfigChannel)
    HAL_TIM_PWM_Init                         0x0800251b   Thumb Code    90  stm32f1xx_hal_tim.o(i.HAL_TIM_PWM_Init)
    HAL_TIM_PWM_MspInit                      0x08002575   Thumb Code     2  stm32f1xx_hal_tim.o(i.HAL_TIM_PWM_MspInit)
    HAL_TIM_PWM_PulseFinishedCallback        0x08002577   Thumb Code     2  stm32f1xx_hal_tim.o(i.HAL_TIM_PWM_PulseFinishedCallback)
    HAL_TIM_PWM_Start                        0x08002579   Thumb Code   160  stm32f1xx_hal_tim.o(i.HAL_TIM_PWM_Start)
    HAL_TIM_PeriodElapsedCallback            0x0800262d   Thumb Code    14  main.o(i.HAL_TIM_PeriodElapsedCallback)
    HAL_TIM_TriggerCallback                  0x08002641   Thumb Code     2  stm32f1xx_hal_tim.o(i.HAL_TIM_TriggerCallback)
    HAL_UARTEx_RxEventCallback               0x08002643   Thumb Code     2  stm32f1xx_hal_uart.o(i.HAL_UARTEx_RxEventCallback)
    HAL_UART_DMAStop                         0x08002645   Thumb Code   112  stm32f1xx_hal_uart.o(i.HAL_UART_DMAStop)
    HAL_UART_ErrorCallback                   0x080026b5   Thumb Code     2  stm32f1xx_hal_uart.o(i.HAL_UART_ErrorCallback)
    HAL_UART_Init                            0x080026b7   Thumb Code   100  stm32f1xx_hal_uart.o(i.HAL_UART_Init)
    HAL_UART_MspInit                         0x0800271d   Thumb Code   302  usart.o(i.HAL_UART_MspInit)
    HAL_UART_Receive_DMA                     0x0800286d   Thumb Code    28  stm32f1xx_hal_uart.o(i.HAL_UART_Receive_DMA)
    HAL_UART_RxCpltCallback                  0x08002889   Thumb Code     2  stm32f1xx_hal_uart.o(i.HAL_UART_RxCpltCallback)
    HAL_UART_RxHalfCpltCallback              0x0800288b   Thumb Code     2  stm32f1xx_hal_uart.o(i.HAL_UART_RxHalfCpltCallback)
    HardFault_Handler                        0x0800288d   Thumb Code     2  stm32f1xx_it.o(i.HardFault_Handler)
    Info_Update                              0x08002caf   Thumb Code     8  freertos.o(i.Info_Update)
    LocationPID_Process                      0x08002cb7   Thumb Code   124  pid.o(i.LocationPID_Process)
    MX_CAN_Init                              0x08002d35   Thumb Code    96  can.o(i.MX_CAN_Init)
    MX_DMA_Init                              0x08002d9d   Thumb Code    56  dma.o(i.MX_DMA_Init)
    MX_FREERTOS_Init                         0x08002dd9   Thumb Code    74  freertos.o(i.MX_FREERTOS_Init)
    MX_GPIO_Init                             0x08002e2d   Thumb Code   158  gpio.o(i.MX_GPIO_Init)
    MX_I2C1_Init                             0x08002ed9   Thumb Code    50  i2c.o(i.MX_I2C1_Init)
    MX_I2C2_Init                             0x08002f19   Thumb Code    50  i2c.o(i.MX_I2C2_Init)
    MX_RTC_Init                              0x08002f59   Thumb Code    38  rtc.o(i.MX_RTC_Init)
    MX_TIM1_Init                             0x08002f89   Thumb Code   100  tim.o(i.MX_TIM1_Init)
    MX_TIM2_Init                             0x08002ff5   Thumb Code   100  tim.o(i.MX_TIM2_Init)
    MX_TIM3_Init                             0x0800305d   Thumb Code   114  tim.o(i.MX_TIM3_Init)
    MX_TIM5_Init                             0x080030d9   Thumb Code    98  tim.o(i.MX_TIM5_Init)
    MX_TIM6_Init                             0x08003145   Thumb Code    62  tim.o(i.MX_TIM6_Init)
    MX_TIM8_Init                             0x0800318d   Thumb Code   240  tim.o(i.MX_TIM8_Init)
    MX_USART1_UART_Init                      0x08003285   Thumb Code    48  usart.o(i.MX_USART1_UART_Init)
    MX_USART2_UART_Init                      0x080032bd   Thumb Code    54  usart.o(i.MX_USART2_UART_Init)
    MemManage_Handler                        0x080032fd   Thumb Code     2  stm32f1xx_it.o(i.MemManage_Handler)
    Motor_Output                             0x08003301   Thumb Code   212  motor.o(i.Motor_Output)
    NMI_Handler                              0x080033dd   Thumb Code     2  stm32f1xx_it.o(i.NMI_Handler)
    PID_Init                                 0x080033df   Thumb Code    22  pid.o(i.PID_Init)
    PID_LimitMax                             0x080033f5   Thumb Code    36  pid.o(i.PID_LimitMax)
    Positive_Inversion                       0x08003419   Thumb Code   136  motor.o(i.Positive_Inversion)
    Read_Encoder                             0x08003513   Thumb Code    22  motor.o(i.Read_Encoder)
    SpeedPID_Process                         0x08003529   Thumb Code   116  pid.o(i.SpeedPID_Process)
    SysTick_Handler                          0x0800359d   Thumb Code    38  port.o(i.SysTick_Handler)
    SystemClock_Config                       0x080035c9   Thumb Code   128  main.o(i.SystemClock_Config)
    SystemInit                               0x08003649   Thumb Code     2  system_stm32f1xx.o(i.SystemInit)
    TIM1_UP_IRQHandler                       0x0800364b   Thumb Code     2  stm32f1xx_it.o(i.TIM1_UP_IRQHandler)
    TIM2_IRQHandler                          0x0800364d   Thumb Code     2  stm32f1xx_it.o(i.TIM2_IRQHandler)
    TIM3_IRQHandler                          0x08003651   Thumb Code    14  stm32f1xx_it.o(i.TIM3_IRQHandler)
    TIM5_IRQHandler                          0x08003665   Thumb Code    14  stm32f1xx_it.o(i.TIM5_IRQHandler)
    TIM6_IRQHandler                          0x08003679   Thumb Code    56  stm32f1xx_it.o(i.TIM6_IRQHandler)
    TIM7_IRQHandler                          0x080036c5   Thumb Code     6  stm32f1xx_it.o(i.TIM7_IRQHandler)
    TIM_Base_SetConfig                       0x080036d1   Thumb Code   120  stm32f1xx_hal_tim.o(i.TIM_Base_SetConfig)
    TIM_CCxChannelCmd                        0x0800375d   Thumb Code    26  stm32f1xx_hal_tim.o(i.TIM_CCxChannelCmd)
    TIM_ETR_SetConfig                        0x08003777   Thumb Code    20  stm32f1xx_hal_tim.o(i.TIM_ETR_SetConfig)
    TIM_OC2_SetConfig                        0x080037fd   Thumb Code    98  stm32f1xx_hal_tim.o(i.TIM_OC2_SetConfig)
    Turn_90_chack                            0x08003969   Thumb Code   150  chassis_ctrl.o(i.Turn_90_chack)
    UART_Start_Receive_DMA                   0x08003c19   Thumb Code   130  stm32f1xx_hal_uart.o(i.UART_Start_Receive_DMA)
    USART1_IRQHandler                        0x08003ca9   Thumb Code     2  stm32f1xx_it.o(i.USART1_IRQHandler)
    USART2_IRQHandler                        0x08003cad   Thumb Code    42  stm32f1xx_it.o(i.USART2_IRQHandler)
    USB_LP_CAN1_RX0_IRQHandler               0x08003ce1   Thumb Code     2  stm32f1xx_it.o(i.USB_LP_CAN1_RX0_IRQHandler)
    UsageFault_Handler                       0x08003ce3   Thumb Code     2  stm32f1xx_it.o(i.UsageFault_Handler)
    crossroad                                0x08003d05   Thumb Code   216  chassis_ctrl.o(i.crossroad)
    main                                     0x08003de5   Thumb Code   164  main.o(i.main)
    osDelay                                  0x08003ec1   Thumb Code    14  cmsis_os.o(i.osDelay)
    osKernelStart                            0x08003ecf   Thumb Code    10  cmsis_os.o(i.osKernelStart)
    osThreadCreate                           0x08003ed9   Thumb Code    84  cmsis_os.o(i.osThreadCreate)
    pvPortMalloc                             0x08004659   Thumb Code   210  heap_4.o(i.pvPortMalloc)
    pxPortInitialiseStack                    0x08004731   Thumb Code    32  port.o(i.pxPortInitialiseStack)
    uxListRemove                             0x08004755   Thumb Code    38  list.o(i.uxListRemove)
    vApplicationGetIdleTaskMemory            0x0800477d   Thumb Code    16  freertos.o(i.vApplicationGetIdleTaskMemory)
    vApplicationGetTimerTaskMemory           0x08004791   Thumb Code    18  freertos.o(i.vApplicationGetTimerTaskMemory)
    vListInitialise                          0x080047a9   Thumb Code    22  list.o(i.vListInitialise)
    vListInitialiseItem                      0x080047bf   Thumb Code     6  list.o(i.vListInitialiseItem)
    vListInsert                              0x080047c5   Thumb Code    48  list.o(i.vListInsert)
    vListInsertEnd                           0x080047f5   Thumb Code    24  list.o(i.vListInsertEnd)
    vPortEnterCritical                       0x0800480d   Thumb Code    54  port.o(i.vPortEnterCritical)
    vPortExitCritical                        0x0800484d   Thumb Code    34  port.o(i.vPortExitCritical)
    vPortFree                                0x08004875   Thumb Code    88  heap_4.o(i.vPortFree)
    vPortSetupTimerInterrupt                 0x080048d1   Thumb Code    32  port.o(i.vPortSetupTimerInterrupt)
    vPortValidateInterruptPriority           0x080048f5   Thumb Code    74  port.o(i.vPortValidateInterruptPriority)
    vQueueAddToRegistry                      0x08004949   Thumb Code    34  queue.o(i.vQueueAddToRegistry)
    vQueueWaitForMessageRestricted           0x08004971   Thumb Code    68  queue.o(i.vQueueWaitForMessageRestricted)
    vTaskDelay                               0x080049b5   Thumb Code    66  tasks.o(i.vTaskDelay)
    vTaskInternalSetTimeOutState             0x08004a01   Thumb Code    12  tasks.o(i.vTaskInternalSetTimeOutState)
    vTaskMissedYield                         0x08004a11   Thumb Code     8  tasks.o(i.vTaskMissedYield)
    vTaskPlaceOnEventList                    0x08004a1d   Thumb Code    44  tasks.o(i.vTaskPlaceOnEventList)
    vTaskPlaceOnEventListRestricted          0x08004a4d   Thumb Code    52  tasks.o(i.vTaskPlaceOnEventListRestricted)
    vTaskStartScheduler                      0x08004a85   Thumb Code   118  tasks.o(i.vTaskStartScheduler)
    vTaskSuspendAll                          0x08004b0d   Thumb Code    10  tasks.o(i.vTaskSuspendAll)
    vTaskSwitchContext                       0x08004b1d   Thumb Code    82  tasks.o(i.vTaskSwitchContext)
    xPortStartScheduler                      0x08004b79   Thumb Code   154  port.o(i.xPortStartScheduler)
    xQueueGenericCreateStatic                0x08004c21   Thumb Code   102  queue.o(i.xQueueGenericCreateStatic)
    xQueueGenericReset                       0x08004c89   Thumb Code   132  queue.o(i.xQueueGenericReset)
    xQueueGenericSend                        0x08004d11   Thumb Code   346  queue.o(i.xQueueGenericSend)
    xQueueGenericSendFromISR                 0x08004e71   Thumb Code   188  queue.o(i.xQueueGenericSendFromISR)
    xQueueReceive                            0x08004f2d   Thumb Code   308  queue.o(i.xQueueReceive)
    xTaskCheckForTimeOut                     0x08005065   Thumb Code   112  tasks.o(i.xTaskCheckForTimeOut)
    xTaskCreate                              0x080050d9   Thumb Code    90  tasks.o(i.xTaskCreate)
    xTaskCreateStatic                        0x08005133   Thumb Code    86  tasks.o(i.xTaskCreateStatic)
    xTaskGetSchedulerState                   0x08005189   Thumb Code    22  tasks.o(i.xTaskGetSchedulerState)
    xTaskGetTickCount                        0x080051a5   Thumb Code     6  tasks.o(i.xTaskGetTickCount)
    xTaskIncrementTick                       0x080051b1   Thumb Code   192  tasks.o(i.xTaskIncrementTick)
    xTaskPriorityDisinherit                  0x08005279   Thumb Code   144  tasks.o(i.xTaskPriorityDisinherit)
    xTaskRemoveFromEventList                 0x08005311   Thumb Code   108  tasks.o(i.xTaskRemoveFromEventList)
    xTaskResumeAll                           0x08005385   Thumb Code   182  tasks.o(i.xTaskResumeAll)
    xTimerCreateTimerTask                    0x08005449   Thumb Code    78  timers.o(i.xTimerCreateTimerTask)
    xTimerGenericCommand                     0x080054a9   Thumb Code    92  timers.o(i.xTimerGenericCommand)
    __aeabi_fadd                             0x08005509   Thumb Code     0  faddsub_clz.o(x$fpl$fadd)
    _fadd                                    0x08005509   Thumb Code   196  faddsub_clz.o(x$fpl$fadd)
    __fpl_fcmp_Inf                           0x080055cd   Thumb Code    24  fcmpi.o(x$fpl$fcmpinf)
    __aeabi_fdiv                             0x080055e5   Thumb Code     0  fdiv.o(x$fpl$fdiv)
    _fdiv                                    0x080055e5   Thumb Code   384  fdiv.o(x$fpl$fdiv)
    __aeabi_f2iz                             0x08005769   Thumb Code     0  ffix.o(x$fpl$ffix)
    _ffix                                    0x08005769   Thumb Code    54  ffix.o(x$fpl$ffix)
    __aeabi_f2uiz                            0x080057a1   Thumb Code     0  ffixu.o(x$fpl$ffixu)
    _ffixu                                   0x080057a1   Thumb Code    62  ffixu.o(x$fpl$ffixu)
    __aeabi_i2f                              0x080057e1   Thumb Code     0  fflt_clz.o(x$fpl$fflt)
    _fflt                                    0x080057e1   Thumb Code    48  fflt_clz.o(x$fpl$fflt)
    __aeabi_cfcmple                          0x08005811   Thumb Code     0  fleqf.o(x$fpl$fleqf)
    _fcmple                                  0x08005811   Thumb Code   104  fleqf.o(x$fpl$fleqf)
    __fpl_fcmple_InfNaN                      0x08005863   Thumb Code     0  fleqf.o(x$fpl$fleqf)
    __aeabi_fmul                             0x08005879   Thumb Code     0  fmul.o(x$fpl$fmul)
    _fmul                                    0x08005879   Thumb Code   258  fmul.o(x$fpl$fmul)
    __fpl_fnaninf                            0x0800597b   Thumb Code   140  fnaninf.o(x$fpl$fnaninf)
    __fpl_fretinf                            0x08005a07   Thumb Code    10  fretinf.o(x$fpl$fretinf)
    __aeabi_cfrcmple                         0x08005a11   Thumb Code     0  frleqf.o(x$fpl$frleqf)
    _frcmple                                 0x08005a11   Thumb Code    98  frleqf.o(x$fpl$frleqf)
    __aeabi_fsub                             0x08005a75   Thumb Code     0  faddsub_clz.o(x$fpl$fsub)
    _fsub                                    0x08005a75   Thumb Code   234  faddsub_clz.o(x$fpl$fsub)
    __I$use$fp                               0x08005b5e   Number         0  usenofp.o(x$fpl$usenofp)
    AHBPrescTable                            0x08005bd8   Data          16  system_stm32f1xx.o(.constdata)
    APBPrescTable                            0x08005be8   Data           8  system_stm32f1xx.o(.constdata)
    Region$$Table$$Base                      0x08005c14   Number         0  anon$$obj.o(Region$$Table)
    Region$$Table$$Limit                     0x08005c34   Number         0  anon$$obj.o(Region$$Table)
    ChassisTaskHandle                        0x20000000   Data           4  freertos.o(.data)
    GimbalTaskHandle                         0x20000004   Data           4  freertos.o(.data)
    InfoTaskHandle                           0x20000008   Data           4  freertos.o(.data)
    uwTickFreq                               0x2000000c   Data           1  stm32f1xx_hal.o(.data)
    uwTickPrio                               0x20000010   Data           4  stm32f1xx_hal.o(.data)
    uwTick                                   0x20000014   Data           4  stm32f1xx_hal.o(.data)
    SystemCoreClock                          0x20000018   Data           4  system_stm32f1xx.o(.data)
    pxCurrentTCB                             0x2000001c   Data           4  tasks.o(.data)
    Receive                                  0x20000090   Data          16  main.o(.bss)
    Gary_1                                   0x200000a0   Data         140  main.o(.bss)
    hcan                                     0x200007d4   Data          40  can.o(.bss)
    hi2c1                                    0x200007fc   Data          84  i2c.o(.bss)
    hi2c2                                    0x20000850   Data          84  i2c.o(.bss)
    hrtc                                     0x200008a4   Data          20  rtc.o(.bss)
    htim1                                    0x200008b8   Data          72  tim.o(.bss)
    htim2                                    0x20000900   Data          72  tim.o(.bss)
    htim3                                    0x20000948   Data          72  tim.o(.bss)
    htim5                                    0x20000990   Data          72  tim.o(.bss)
    htim6                                    0x200009d8   Data          72  tim.o(.bss)
    htim8                                    0x20000a20   Data          72  tim.o(.bss)
    huart1                                   0x20000a68   Data          72  usart.o(.bss)
    huart2                                   0x20000ab0   Data          72  usart.o(.bss)
    hdma_usart2_rx                           0x20000af8   Data          68  usart.o(.bss)
    hdma_usart2_tx                           0x20000b3c   Data          68  usart.o(.bss)
    htim7                                    0x20000b80   Data          72  stm32f1xx_hal_timebase_tim.o(.bss)
    Motor                                    0x20000bc8   Data          32  motor.o(.bss)
    Chassis_PID                              0x20000be8   Data          32  pid.o(.bss)
    Location_PID                             0x20000c08   Data          32  pid.o(.bss)
    xQueueRegistry                           0x20000c28   Data          64  queue.o(.bss)
    __libspace_start                         0x20001a40   Data          96  libspace.o(.bss)
    __temporary_stack_top$libspace           0x20001aa0   Data           0  libspace.o(.bss)



==============================================================================

Memory Map of the image

  Image Entry point : 0x08000131

  Load Region LR_IROM1 (Base: 0x08000000, Size: 0x00005cc4, Max: 0x00040000, ABSOLUTE)

    Execution Region ER_IROM1 (Exec base: 0x08000000, Load base: 0x08000000, Size: 0x00005c34, Max: 0x00040000, ABSOLUTE)

    Exec Addr    Load Addr    Size         Type   Attr      Idx    E Section Name        Object

    0x08000000   0x08000000   0x00000130   Data   RO            3    RESET               startup_stm32f103xe.o
    0x08000130   0x08000130   0x00000008   Code   RO         5788  * !!!main             c_w.l(__main.o)
    0x08000138   0x08000138   0x00000034   Code   RO         5984    !!!scatter          c_w.l(__scatter.o)
    0x0800016c   0x0800016c   0x0000001a   Code   RO         5986    !!handler_copy      c_w.l(__scatter_copy.o)
    0x08000186   0x08000186   0x00000002   PAD
    0x08000188   0x08000188   0x0000001c   Code   RO         5988    !!handler_zi        c_w.l(__scatter_zi.o)
    0x080001a4   0x080001a4   0x00000002   Code   RO         5854    .ARM.Collect$$libinit$$00000000  c_w.l(libinit.o)
    0x080001a6   0x080001a6   0x00000000   Code   RO         5861    .ARM.Collect$$libinit$$00000002  c_w.l(libinit2.o)
    0x080001a6   0x080001a6   0x00000000   Code   RO         5863    .ARM.Collect$$libinit$$00000004  c_w.l(libinit2.o)
    0x080001a6   0x080001a6   0x00000000   Code   RO         5866    .ARM.Collect$$libinit$$0000000A  c_w.l(libinit2.o)
    0x080001a6   0x080001a6   0x00000000   Code   RO         5868    .ARM.Collect$$libinit$$0000000C  c_w.l(libinit2.o)
    0x080001a6   0x080001a6   0x00000000   Code   RO         5870    .ARM.Collect$$libinit$$0000000E  c_w.l(libinit2.o)
    0x080001a6   0x080001a6   0x00000000   Code   RO         5873    .ARM.Collect$$libinit$$00000011  c_w.l(libinit2.o)
    0x080001a6   0x080001a6   0x00000000   Code   RO         5875    .ARM.Collect$$libinit$$00000013  c_w.l(libinit2.o)
    0x080001a6   0x080001a6   0x00000000   Code   RO         5877    .ARM.Collect$$libinit$$00000015  c_w.l(libinit2.o)
    0x080001a6   0x080001a6   0x00000000   Code   RO         5879    .ARM.Collect$$libinit$$00000017  c_w.l(libinit2.o)
    0x080001a6   0x080001a6   0x00000000   Code   RO         5881    .ARM.Collect$$libinit$$00000019  c_w.l(libinit2.o)
    0x080001a6   0x080001a6   0x00000000   Code   RO         5883    .ARM.Collect$$libinit$$0000001B  c_w.l(libinit2.o)
    0x080001a6   0x080001a6   0x00000000   Code   RO         5885    .ARM.Collect$$libinit$$0000001D  c_w.l(libinit2.o)
    0x080001a6   0x080001a6   0x00000000   Code   RO         5887    .ARM.Collect$$libinit$$0000001F  c_w.l(libinit2.o)
    0x080001a6   0x080001a6   0x00000000   Code   RO         5889    .ARM.Collect$$libinit$$00000021  c_w.l(libinit2.o)
    0x080001a6   0x080001a6   0x00000000   Code   RO         5891    .ARM.Collect$$libinit$$00000023  c_w.l(libinit2.o)
    0x080001a6   0x080001a6   0x00000000   Code   RO         5893    .ARM.Collect$$libinit$$00000025  c_w.l(libinit2.o)
    0x080001a6   0x080001a6   0x00000000   Code   RO         5897    .ARM.Collect$$libinit$$0000002C  c_w.l(libinit2.o)
    0x080001a6   0x080001a6   0x00000000   Code   RO         5899    .ARM.Collect$$libinit$$0000002E  c_w.l(libinit2.o)
    0x080001a6   0x080001a6   0x00000000   Code   RO         5901    .ARM.Collect$$libinit$$00000030  c_w.l(libinit2.o)
    0x080001a6   0x080001a6   0x00000000   Code   RO         5903    .ARM.Collect$$libinit$$00000032  c_w.l(libinit2.o)
    0x080001a6   0x080001a6   0x00000002   Code   RO         5904    .ARM.Collect$$libinit$$00000033  c_w.l(libinit2.o)
    0x080001a8   0x080001a8   0x00000002   Code   RO         5924    .ARM.Collect$$libshutdown$$00000000  c_w.l(libshutdown.o)
    0x080001aa   0x080001aa   0x00000000   Code   RO         5937    .ARM.Collect$$libshutdown$$00000002  c_w.l(libshutdown2.o)
    0x080001aa   0x080001aa   0x00000000   Code   RO         5939    .ARM.Collect$$libshutdown$$00000004  c_w.l(libshutdown2.o)
    0x080001aa   0x080001aa   0x00000000   Code   RO         5942    .ARM.Collect$$libshutdown$$00000007  c_w.l(libshutdown2.o)
    0x080001aa   0x080001aa   0x00000000   Code   RO         5945    .ARM.Collect$$libshutdown$$0000000A  c_w.l(libshutdown2.o)
    0x080001aa   0x080001aa   0x00000000   Code   RO         5947    .ARM.Collect$$libshutdown$$0000000C  c_w.l(libshutdown2.o)
    0x080001aa   0x080001aa   0x00000000   Code   RO         5950    .ARM.Collect$$libshutdown$$0000000F  c_w.l(libshutdown2.o)
    0x080001aa   0x080001aa   0x00000002   Code   RO         5951    .ARM.Collect$$libshutdown$$00000010  c_w.l(libshutdown2.o)
    0x080001ac   0x080001ac   0x00000000   Code   RO         5818    .ARM.Collect$$rtentry$$00000000  c_w.l(__rtentry.o)
    0x080001ac   0x080001ac   0x00000000   Code   RO         5829    .ARM.Collect$$rtentry$$00000002  c_w.l(__rtentry2.o)
    0x080001ac   0x080001ac   0x00000006   Code   RO         5841    .ARM.Collect$$rtentry$$00000004  c_w.l(__rtentry4.o)
    0x080001b2   0x080001b2   0x00000000   Code   RO         5831    .ARM.Collect$$rtentry$$00000009  c_w.l(__rtentry2.o)
    0x080001b2   0x080001b2   0x00000004   Code   RO         5832    .ARM.Collect$$rtentry$$0000000A  c_w.l(__rtentry2.o)
    0x080001b6   0x080001b6   0x00000000   Code   RO         5834    .ARM.Collect$$rtentry$$0000000C  c_w.l(__rtentry2.o)
    0x080001b6   0x080001b6   0x00000008   Code   RO         5835    .ARM.Collect$$rtentry$$0000000D  c_w.l(__rtentry2.o)
    0x080001be   0x080001be   0x00000002   Code   RO         5858    .ARM.Collect$$rtexit$$00000000  c_w.l(rtexit.o)
    0x080001c0   0x080001c0   0x00000000   Code   RO         5906    .ARM.Collect$$rtexit$$00000002  c_w.l(rtexit2.o)
    0x080001c0   0x080001c0   0x00000004   Code   RO         5907    .ARM.Collect$$rtexit$$00000003  c_w.l(rtexit2.o)
    0x080001c4   0x080001c4   0x00000006   Code   RO         5908    .ARM.Collect$$rtexit$$00000004  c_w.l(rtexit2.o)
    0x080001ca   0x080001ca   0x00000002   PAD
    0x080001cc   0x080001cc   0x00000096   Code   RO         5697    .emb_text           port.o
    0x08000262   0x08000262   0x00000002   PAD
    0x08000264   0x08000264   0x00000040   Code   RO            4    .text               startup_stm32f103xe.o
    0x080002a4   0x080002a4   0x0000008a   Code   RO         5778    .text               c_w.l(rt_memcpy_v6.o)
    0x0800032e   0x0800032e   0x00000064   Code   RO         5780    .text               c_w.l(rt_memcpy_w.o)
    0x08000392   0x08000392   0x0000004e   Code   RO         5784    .text               c_w.l(rt_memclr_w.o)
    0x080003e0   0x080003e0   0x00000006   Code   RO         5786    .text               c_w.l(heapauxi.o)
    0x080003e6   0x080003e6   0x0000004a   Code   RO         5845    .text               c_w.l(sys_stackheap_outer.o)
    0x08000430   0x08000430   0x00000012   Code   RO         5847    .text               c_w.l(exit.o)
    0x08000442   0x08000442   0x00000002   PAD
    0x08000444   0x08000444   0x00000008   Code   RO         5855    .text               c_w.l(libspace.o)
    0x0800044c   0x0800044c   0x0000000c   Code   RO         5916    .text               c_w.l(sys_exit.o)
    0x08000458   0x08000458   0x00000002   Code   RO         5927    .text               c_w.l(use_no_semi.o)
    0x0800045a   0x0800045a   0x00000000   Code   RO         5929    .text               c_w.l(indicate_semi.o)
    0x0800045a   0x0800045a   0x00000002   Code   RO          671    i.BusFault_Handler  stm32f1xx_it.o
    0x0800045c   0x0800045c   0x0000007c   Code   RO          299    i.Chassis           freertos.o
    0x080004d8   0x080004d8   0x0000000c   Code   RO          672    i.DMA1_Channel6_IRQHandler  stm32f1xx_it.o
    0x080004e4   0x080004e4   0x0000000c   Code   RO          673    i.DMA1_Channel7_IRQHandler  stm32f1xx_it.o
    0x080004f0   0x080004f0   0x0000002a   Code   RO         1515    i.DMA_SetConfig     stm32f1xx_hal_dma.o
    0x0800051a   0x0800051a   0x00000002   Code   RO          674    i.DebugMon_Handler  stm32f1xx_it.o
    0x0800051c   0x0800051c   0x00000004   Code   RO          158    i.Error_Handler     main.o
    0x08000520   0x08000520   0x00000030   Code   RO         4195    i.Gary_Read_8OC     grayscale_sensor.o
    0x08000550   0x08000550   0x00000018   Code   RO         4231    i.Get_Velocity      motor.o
    0x08000568   0x08000568   0x00000008   Code   RO          300    i.Gimbal            freertos.o
    0x08000570   0x08000570   0x000000ee   Code   RO          904    i.HAL_CAN_ConfigFilter  stm32f1xx_hal_can.o
    0x0800065e   0x0800065e   0x0000011a   Code   RO          915    i.HAL_CAN_Init      stm32f1xx_hal_can.o
    0x08000778   0x08000778   0x0000008c   Code   RO          369    i.HAL_CAN_MspInit   can.o
    0x08000804   0x08000804   0x00000058   Code   RO          927    i.HAL_CAN_Start     stm32f1xx_hal_can.o
    0x0800085c   0x0800085c   0x00000046   Code   RO         1516    i.HAL_DMA_Abort     stm32f1xx_hal_dma.o
    0x080008a2   0x080008a2   0x00000002   PAD
    0x080008a4   0x080008a4   0x00000248   Code   RO         1521    i.HAL_DMA_IRQHandler  stm32f1xx_hal_dma.o
    0x08000aec   0x08000aec   0x0000007c   Code   RO         1522    i.HAL_DMA_Init      stm32f1xx_hal_dma.o
    0x08000b68   0x08000b68   0x00000070   Code   RO         1526    i.HAL_DMA_Start_IT  stm32f1xx_hal_dma.o
    0x08000bd8   0x08000bd8   0x00000024   Code   RO         1142    i.HAL_Delay         stm32f1xx_hal.o
    0x08000bfc   0x08000bfc   0x000001f8   Code   RO         1452    i.HAL_GPIO_Init     stm32f1xx_hal_gpio.o
    0x08000df4   0x08000df4   0x0000000a   Code   RO         1456    i.HAL_GPIO_WritePin  stm32f1xx_hal_gpio.o
    0x08000dfe   0x08000dfe   0x00000002   PAD
    0x08000e00   0x08000e00   0x0000000c   Code   RO         1146    i.HAL_GetTick       stm32f1xx_hal.o
    0x08000e0c   0x08000e0c   0x00000188   Code   RO         2123    i.HAL_I2C_Init      stm32f1xx_hal_i2c.o
    0x08000f94   0x08000f94   0x00000250   Code   RO         2129    i.HAL_I2C_Master_Receive  stm32f1xx_hal_i2c.o
    0x080011e4   0x080011e4   0x0000012c   Code   RO         2136    i.HAL_I2C_Master_Transmit  stm32f1xx_hal_i2c.o
    0x08001310   0x08001310   0x000000a8   Code   RO          444    i.HAL_I2C_MspInit   i2c.o
    0x080013b8   0x080013b8   0x00000010   Code   RO         1152    i.HAL_IncTick       stm32f1xx_hal.o
    0x080013c8   0x080013c8   0x00000024   Code   RO         1153    i.HAL_Init          stm32f1xx_hal.o
    0x080013ec   0x080013ec   0x00000098   Code   RO          826    i.HAL_InitTick      stm32f1xx_hal_timebase_tim.o
    0x08001484   0x08001484   0x00000048   Code   RO          802    i.HAL_MspInit       stm32f1xx_hal_msp.o
    0x080014cc   0x080014cc   0x0000001a   Code   RO         1612    i.HAL_NVIC_EnableIRQ  stm32f1xx_hal_cortex.o
    0x080014e6   0x080014e6   0x00000002   PAD
    0x080014e8   0x080014e8   0x00000040   Code   RO         1618    i.HAL_NVIC_SetPriority  stm32f1xx_hal_cortex.o
    0x08001528   0x08001528   0x00000024   Code   RO         1619    i.HAL_NVIC_SetPriorityGrouping  stm32f1xx_hal_cortex.o
    0x0800154c   0x0800154c   0x0000000c   Code   RO         1734    i.HAL_PWR_EnableBkUpAccess  stm32f1xx_hal_pwr.o
    0x08001558   0x08001558   0x000000b8   Code   RO         1413    i.HAL_RCCEx_GetPeriphCLKFreq  stm32f1xx_hal_rcc_ex.o
    0x08001610   0x08001610   0x000000ec   Code   RO         1414    i.HAL_RCCEx_PeriphCLKConfig  stm32f1xx_hal_rcc_ex.o
    0x080016fc   0x080016fc   0x0000012c   Code   RO         1310    i.HAL_RCC_ClockConfig  stm32f1xx_hal_rcc.o
    0x08001828   0x08001828   0x00000040   Code   RO         1314    i.HAL_RCC_GetClockConfig  stm32f1xx_hal_rcc.o
    0x08001868   0x08001868   0x00000020   Code   RO         1317    i.HAL_RCC_GetPCLK1Freq  stm32f1xx_hal_rcc.o
    0x08001888   0x08001888   0x00000020   Code   RO         1318    i.HAL_RCC_GetPCLK2Freq  stm32f1xx_hal_rcc.o
    0x080018a8   0x080018a8   0x0000004c   Code   RO         1319    i.HAL_RCC_GetSysClockFreq  stm32f1xx_hal_rcc.o
    0x080018f4   0x080018f4   0x00000320   Code   RO         1322    i.HAL_RCC_OscConfig  stm32f1xx_hal_rcc.o
    0x08001c14   0x08001c14   0x00000094   Code   RO         2557    i.HAL_RTC_Init      stm32f1xx_hal_rtc.o
    0x08001ca8   0x08001ca8   0x00000034   Code   RO          492    i.HAL_RTC_MspInit   rtc.o
    0x08001cdc   0x08001cdc   0x0000003a   Code   RO         2565    i.HAL_RTC_WaitForSynchro  stm32f1xx_hal_rtc.o
    0x08001d16   0x08001d16   0x00000002   Code   RO         3527    i.HAL_TIMEx_BreakCallback  stm32f1xx_hal_tim_ex.o
    0x08001d18   0x08001d18   0x00000002   Code   RO         3528    i.HAL_TIMEx_CommutCallback  stm32f1xx_hal_tim_ex.o
    0x08001d1a   0x08001d1a   0x00000054   Code   RO         3530    i.HAL_TIMEx_ConfigBreakDeadTime  stm32f1xx_hal_tim_ex.o
    0x08001d6e   0x08001d6e   0x00000002   PAD
    0x08001d70   0x08001d70   0x0000007c   Code   RO         3546    i.HAL_TIMEx_MasterConfigSynchronization  stm32f1xx_hal_tim_ex.o
    0x08001dec   0x08001dec   0x0000005a   Code   RO         2823    i.HAL_TIM_Base_Init  stm32f1xx_hal_tim.o
    0x08001e46   0x08001e46   0x00000002   PAD
    0x08001e48   0x08001e48   0x00000054   Code   RO          534    i.HAL_TIM_Base_MspInit  tim.o
    0x08001e9c   0x08001e9c   0x0000006c   Code   RO         2828    i.HAL_TIM_Base_Start_IT  stm32f1xx_hal_tim.o
    0x08001f08   0x08001f08   0x000000dc   Code   RO         2832    i.HAL_TIM_ConfigClockSource  stm32f1xx_hal_tim.o
    0x08001fe4   0x08001fe4   0x000000a4   Code   RO         2844    i.HAL_TIM_Encoder_Init  stm32f1xx_hal_tim.o
    0x08002088   0x08002088   0x00000180   Code   RO          536    i.HAL_TIM_Encoder_MspInit  tim.o
    0x08002208   0x08002208   0x0000008e   Code   RO         2847    i.HAL_TIM_Encoder_Start  stm32f1xx_hal_tim.o
    0x08002296   0x08002296   0x00000002   Code   RO         2857    i.HAL_TIM_IC_CaptureCallback  stm32f1xx_hal_tim.o
    0x08002298   0x08002298   0x00000166   Code   RO         2871    i.HAL_TIM_IRQHandler  stm32f1xx_hal_tim.o
    0x080023fe   0x080023fe   0x00000002   PAD
    0x08002400   0x08002400   0x0000004c   Code   RO          537    i.HAL_TIM_MspPostInit  tim.o
    0x0800244c   0x0800244c   0x00000002   Code   RO         2874    i.HAL_TIM_OC_DelayElapsedCallback  stm32f1xx_hal_tim.o
    0x0800244e   0x0800244e   0x000000cc   Code   RO         2895    i.HAL_TIM_PWM_ConfigChannel  stm32f1xx_hal_tim.o
    0x0800251a   0x0800251a   0x0000005a   Code   RO         2898    i.HAL_TIM_PWM_Init  stm32f1xx_hal_tim.o
    0x08002574   0x08002574   0x00000002   Code   RO         2900    i.HAL_TIM_PWM_MspInit  stm32f1xx_hal_tim.o
    0x08002576   0x08002576   0x00000002   Code   RO         2901    i.HAL_TIM_PWM_PulseFinishedCallback  stm32f1xx_hal_tim.o
    0x08002578   0x08002578   0x000000b4   Code   RO         2903    i.HAL_TIM_PWM_Start  stm32f1xx_hal_tim.o
    0x0800262c   0x0800262c   0x00000014   Code   RO          159    i.HAL_TIM_PeriodElapsedCallback  main.o
    0x08002640   0x08002640   0x00000002   Code   RO         2914    i.HAL_TIM_TriggerCallback  stm32f1xx_hal_tim.o
    0x08002642   0x08002642   0x00000002   Code   RO         3806    i.HAL_UARTEx_RxEventCallback  stm32f1xx_hal_uart.o
    0x08002644   0x08002644   0x00000070   Code   RO         3818    i.HAL_UART_DMAStop  stm32f1xx_hal_uart.o
    0x080026b4   0x080026b4   0x00000002   Code   RO         3820    i.HAL_UART_ErrorCallback  stm32f1xx_hal_uart.o
    0x080026b6   0x080026b6   0x00000064   Code   RO         3824    i.HAL_UART_Init     stm32f1xx_hal_uart.o
    0x0800271a   0x0800271a   0x00000002   PAD
    0x0800271c   0x0800271c   0x00000150   Code   RO          624    i.HAL_UART_MspInit  usart.o
    0x0800286c   0x0800286c   0x0000001c   Code   RO         3828    i.HAL_UART_Receive_DMA  stm32f1xx_hal_uart.o
    0x08002888   0x08002888   0x00000002   Code   RO         3830    i.HAL_UART_RxCpltCallback  stm32f1xx_hal_uart.o
    0x0800288a   0x0800288a   0x00000002   Code   RO         3831    i.HAL_UART_RxHalfCpltCallback  stm32f1xx_hal_uart.o
    0x0800288c   0x0800288c   0x00000002   Code   RO          675    i.HardFault_Handler  stm32f1xx_it.o
    0x0800288e   0x0800288e   0x0000002e   Code   RO         2166    i.I2C_IsAcknowledgeFailed  stm32f1xx_hal_i2c.o
    0x080028bc   0x080028bc   0x000000ec   Code   RO         2169    i.I2C_MasterRequestRead  stm32f1xx_hal_i2c.o
    0x080029a8   0x080029a8   0x0000009c   Code   RO         2170    i.I2C_MasterRequestWrite  stm32f1xx_hal_i2c.o
    0x08002a44   0x08002a44   0x00000056   Code   RO         2181    i.I2C_WaitOnBTFFlagUntilTimeout  stm32f1xx_hal_i2c.o
    0x08002a9a   0x08002a9a   0x00000002   PAD
    0x08002a9c   0x08002a9c   0x00000090   Code   RO         2182    i.I2C_WaitOnFlagUntilTimeout  stm32f1xx_hal_i2c.o
    0x08002b2c   0x08002b2c   0x000000bc   Code   RO         2183    i.I2C_WaitOnMasterAddressFlagUntilTimeout  stm32f1xx_hal_i2c.o
    0x08002be8   0x08002be8   0x00000070   Code   RO         2184    i.I2C_WaitOnRXNEFlagUntilTimeout  stm32f1xx_hal_i2c.o
    0x08002c58   0x08002c58   0x00000056   Code   RO         2185    i.I2C_WaitOnTXEFlagUntilTimeout  stm32f1xx_hal_i2c.o
    0x08002cae   0x08002cae   0x00000008   Code   RO          301    i.Info_Update       freertos.o
    0x08002cb6   0x08002cb6   0x0000007c   Code   RO         4286    i.LocationPID_Process  pid.o
    0x08002d32   0x08002d32   0x00000002   PAD
    0x08002d34   0x08002d34   0x00000068   Code   RO          370    i.MX_CAN_Init       can.o
    0x08002d9c   0x08002d9c   0x0000003c   Code   RO          419    i.MX_DMA_Init       dma.o
    0x08002dd8   0x08002dd8   0x00000054   Code   RO          302    i.MX_FREERTOS_Init  freertos.o
    0x08002e2c   0x08002e2c   0x000000ac   Code   RO          275    i.MX_GPIO_Init      gpio.o
    0x08002ed8   0x08002ed8   0x00000040   Code   RO          445    i.MX_I2C1_Init      i2c.o
    0x08002f18   0x08002f18   0x00000040   Code   RO          446    i.MX_I2C2_Init      i2c.o
    0x08002f58   0x08002f58   0x00000030   Code   RO          493    i.MX_RTC_Init       rtc.o
    0x08002f88   0x08002f88   0x0000006c   Code   RO          538    i.MX_TIM1_Init      tim.o
    0x08002ff4   0x08002ff4   0x00000068   Code   RO          539    i.MX_TIM2_Init      tim.o
    0x0800305c   0x0800305c   0x0000007c   Code   RO          540    i.MX_TIM3_Init      tim.o
    0x080030d8   0x080030d8   0x0000006c   Code   RO          541    i.MX_TIM5_Init      tim.o
    0x08003144   0x08003144   0x00000048   Code   RO          542    i.MX_TIM6_Init      tim.o
    0x0800318c   0x0800318c   0x000000f8   Code   RO          543    i.MX_TIM8_Init      tim.o
    0x08003284   0x08003284   0x00000038   Code   RO          625    i.MX_USART1_UART_Init  usart.o
    0x080032bc   0x080032bc   0x00000040   Code   RO          626    i.MX_USART2_UART_Init  usart.o
    0x080032fc   0x080032fc   0x00000002   Code   RO          676    i.MemManage_Handler  stm32f1xx_it.o
    0x080032fe   0x080032fe   0x00000002   PAD
    0x08003300   0x08003300   0x000000dc   Code   RO         4233    i.Motor_Output      motor.o
    0x080033dc   0x080033dc   0x00000002   Code   RO          677    i.NMI_Handler       stm32f1xx_it.o
    0x080033de   0x080033de   0x00000016   Code   RO         4287    i.PID_Init          pid.o
    0x080033f4   0x080033f4   0x00000024   Code   RO         4288    i.PID_LimitMax      pid.o
    0x08003418   0x08003418   0x00000090   Code   RO         4234    i.Positive_Inversion  motor.o
    0x080034a8   0x080034a8   0x00000034   Code   RO         2569    i.RTC_EnterInitMode  stm32f1xx_hal_rtc.o
    0x080034dc   0x080034dc   0x00000036   Code   RO         2570    i.RTC_ExitInitMode  stm32f1xx_hal_rtc.o
    0x08003512   0x08003512   0x00000016   Code   RO         4235    i.Read_Encoder      motor.o
    0x08003528   0x08003528   0x00000074   Code   RO         4289    i.SpeedPID_Process  pid.o
    0x0800359c   0x0800359c   0x0000002c   Code   RO         5698    i.SysTick_Handler   port.o
    0x080035c8   0x080035c8   0x00000080   Code   RO          160    i.SystemClock_Config  main.o
    0x08003648   0x08003648   0x00000002   Code   RO         4158    i.SystemInit        system_stm32f1xx.o
    0x0800364a   0x0800364a   0x00000002   Code   RO          678    i.TIM1_UP_IRQHandler  stm32f1xx_it.o
    0x0800364c   0x0800364c   0x00000002   Code   RO          679    i.TIM2_IRQHandler   stm32f1xx_it.o
    0x0800364e   0x0800364e   0x00000002   PAD
    0x08003650   0x08003650   0x00000014   Code   RO          680    i.TIM3_IRQHandler   stm32f1xx_it.o
    0x08003664   0x08003664   0x00000014   Code   RO          681    i.TIM5_IRQHandler   stm32f1xx_it.o
    0x08003678   0x08003678   0x0000004c   Code   RO          682    i.TIM6_IRQHandler   stm32f1xx_it.o
    0x080036c4   0x080036c4   0x0000000c   Code   RO          683    i.TIM7_IRQHandler   stm32f1xx_it.o
    0x080036d0   0x080036d0   0x0000008c   Code   RO         2916    i.TIM_Base_SetConfig  stm32f1xx_hal_tim.o
    0x0800375c   0x0800375c   0x0000001a   Code   RO         2917    i.TIM_CCxChannelCmd  stm32f1xx_hal_tim.o
    0x08003776   0x08003776   0x00000014   Code   RO         2927    i.TIM_ETR_SetConfig  stm32f1xx_hal_tim.o
    0x0800378a   0x0800378a   0x00000010   Code   RO         2928    i.TIM_ITRx_SetConfig  stm32f1xx_hal_tim.o
    0x0800379a   0x0800379a   0x00000002   PAD
    0x0800379c   0x0800379c   0x00000060   Code   RO         2929    i.TIM_OC1_SetConfig  stm32f1xx_hal_tim.o
    0x080037fc   0x080037fc   0x0000006c   Code   RO         2930    i.TIM_OC2_SetConfig  stm32f1xx_hal_tim.o
    0x08003868   0x08003868   0x00000068   Code   RO         2931    i.TIM_OC3_SetConfig  stm32f1xx_hal_tim.o
    0x080038d0   0x080038d0   0x00000050   Code   RO         2932    i.TIM_OC4_SetConfig  stm32f1xx_hal_tim.o
    0x08003920   0x08003920   0x00000022   Code   RO         2934    i.TIM_TI1_ConfigInputStage  stm32f1xx_hal_tim.o
    0x08003942   0x08003942   0x00000024   Code   RO         2936    i.TIM_TI2_ConfigInputStage  stm32f1xx_hal_tim.o
    0x08003966   0x08003966   0x00000002   PAD
    0x08003968   0x08003968   0x000000a0   Code   RO           13    i.Turn_90_chack     chassis_ctrl.o
    0x08003a08   0x08003a08   0x0000004a   Code   RO         3838    i.UART_DMAError     stm32f1xx_hal_uart.o
    0x08003a52   0x08003a52   0x00000086   Code   RO         3839    i.UART_DMAReceiveCplt  stm32f1xx_hal_uart.o
    0x08003ad8   0x08003ad8   0x0000001e   Code   RO         3841    i.UART_DMARxHalfCplt  stm32f1xx_hal_uart.o
    0x08003af6   0x08003af6   0x0000004e   Code   RO         3847    i.UART_EndRxTransfer  stm32f1xx_hal_uart.o
    0x08003b44   0x08003b44   0x0000001c   Code   RO         3848    i.UART_EndTxTransfer  stm32f1xx_hal_uart.o
    0x08003b60   0x08003b60   0x000000b8   Code   RO         3850    i.UART_SetConfig    stm32f1xx_hal_uart.o
    0x08003c18   0x08003c18   0x00000090   Code   RO         3851    i.UART_Start_Receive_DMA  stm32f1xx_hal_uart.o
    0x08003ca8   0x08003ca8   0x00000002   Code   RO          684    i.USART1_IRQHandler  stm32f1xx_it.o
    0x08003caa   0x08003caa   0x00000002   PAD
    0x08003cac   0x08003cac   0x00000034   Code   RO          685    i.USART2_IRQHandler  stm32f1xx_it.o
    0x08003ce0   0x08003ce0   0x00000002   Code   RO          686    i.USB_LP_CAN1_RX0_IRQHandler  stm32f1xx_it.o
    0x08003ce2   0x08003ce2   0x00000002   Code   RO          687    i.UsageFault_Handler  stm32f1xx_it.o
    0x08003ce4   0x08003ce4   0x00000020   Code   RO         1625    i.__NVIC_SetPriority  stm32f1xx_hal_cortex.o
    0x08003d04   0x08003d04   0x000000e0   Code   RO           14    i.crossroad         chassis_ctrl.o
    0x08003de4   0x08003de4   0x000000d0   Code   RO          161    i.main              main.o
    0x08003eb4   0x08003eb4   0x0000000c   Code   RO         5281    i.makeFreeRtosPriority  cmsis_os.o
    0x08003ec0   0x08003ec0   0x0000000e   Code   RO         5283    i.osDelay           cmsis_os.o
    0x08003ece   0x08003ece   0x0000000a   Code   RO         5286    i.osKernelStart     cmsis_os.o
    0x08003ed8   0x08003ed8   0x00000054   Code   RO         5320    i.osThreadCreate    cmsis_os.o
    0x08003f2c   0x08003f2c   0x00000070   Code   RO         4851    i.prvAddCurrentTaskToDelayedList  tasks.o
    0x08003f9c   0x08003f9c   0x000000d0   Code   RO         4852    i.prvAddNewTaskToReadyList  tasks.o
    0x0800406c   0x0800406c   0x00000058   Code   RO         5150    i.prvCheckForValidListAndQueue  timers.o
    0x080040c4   0x080040c4   0x00000026   Code   RO         4506    i.prvCopyDataFromQueue  queue.o
    0x080040ea   0x080040ea   0x0000006c   Code   RO         4507    i.prvCopyDataToQueue  queue.o
    0x08004156   0x08004156   0x00000034   Code   RO         4853    i.prvDeleteTCB      tasks.o
    0x0800418a   0x0800418a   0x00000002   PAD
    0x0800418c   0x0800418c   0x0000004c   Code   RO         5648    i.prvHeapInit       heap_4.o
    0x080041d8   0x080041d8   0x00000060   Code   RO         4854    i.prvIdleTask       tasks.o
    0x08004238   0x08004238   0x00000016   Code   RO         4509    i.prvInitialiseNewQueue  queue.o
    0x0800424e   0x0800424e   0x0000008e   Code   RO         4855    i.prvInitialiseNewTask  tasks.o
    0x080042dc   0x080042dc   0x0000004c   Code   RO         5649    i.prvInsertBlockIntoFreeList  heap_4.o
    0x08004328   0x08004328   0x00000038   Code   RO         5152    i.prvInsertTimerInActiveList  timers.o
    0x08004360   0x08004360   0x0000001c   Code   RO         4510    i.prvIsQueueEmpty   queue.o
    0x0800437c   0x0800437c   0x000000bc   Code   RO         5153    i.prvProcessReceivedCommands  timers.o
    0x08004438   0x08004438   0x000000b4   Code   RO         5154    i.prvProcessTimerOrBlockTask  timers.o
    0x080044ec   0x080044ec   0x00000020   Code   RO         4856    i.prvResetNextTaskUnblockTime  tasks.o
    0x0800450c   0x0800450c   0x00000028   Code   RO         5155    i.prvSampleTimeNow  timers.o
    0x08004534   0x08004534   0x0000006c   Code   RO         5156    i.prvSwitchTimerLists  timers.o
    0x080045a0   0x080045a0   0x00000028   Code   RO         5699    i.prvTaskExitError  port.o
    0x080045c8   0x080045c8   0x00000024   Code   RO         5157    i.prvTimerTask      timers.o
    0x080045ec   0x080045ec   0x0000006a   Code   RO         4511    i.prvUnlockQueue    queue.o
    0x08004656   0x08004656   0x00000002   PAD
    0x08004658   0x08004658   0x000000d8   Code   RO         5650    i.pvPortMalloc      heap_4.o
    0x08004730   0x08004730   0x00000024   Code   RO         5700    i.pxPortInitialiseStack  port.o
    0x08004754   0x08004754   0x00000026   Code   RO         4466    i.uxListRemove      list.o
    0x0800477a   0x0800477a   0x00000002   PAD
    0x0800477c   0x0800477c   0x00000014   Code   RO          303    i.vApplicationGetIdleTaskMemory  freertos.o
    0x08004790   0x08004790   0x00000018   Code   RO          304    i.vApplicationGetTimerTaskMemory  freertos.o
    0x080047a8   0x080047a8   0x00000016   Code   RO         4467    i.vListInitialise   list.o
    0x080047be   0x080047be   0x00000006   Code   RO         4468    i.vListInitialiseItem  list.o
    0x080047c4   0x080047c4   0x00000030   Code   RO         4469    i.vListInsert       list.o
    0x080047f4   0x080047f4   0x00000018   Code   RO         4470    i.vListInsertEnd    list.o
    0x0800480c   0x0800480c   0x00000040   Code   RO         5702    i.vPortEnterCritical  port.o
    0x0800484c   0x0800484c   0x00000028   Code   RO         5703    i.vPortExitCritical  port.o
    0x08004874   0x08004874   0x0000005c   Code   RO         5651    i.vPortFree         heap_4.o
    0x080048d0   0x080048d0   0x00000024   Code   RO         5704    i.vPortSetupTimerInterrupt  port.o
    0x080048f4   0x080048f4   0x00000054   Code   RO         5705    i.vPortValidateInterruptPriority  port.o
    0x08004948   0x08004948   0x00000028   Code   RO         4515    i.vQueueAddToRegistry  queue.o
    0x08004970   0x08004970   0x00000044   Code   RO         4518    i.vQueueWaitForMessageRestricted  queue.o
    0x080049b4   0x080049b4   0x0000004c   Code   RO         4864    i.vTaskDelay        tasks.o
    0x08004a00   0x08004a00   0x00000010   Code   RO         4867    i.vTaskInternalSetTimeOutState  tasks.o
    0x08004a10   0x08004a10   0x0000000c   Code   RO         4868    i.vTaskMissedYield  tasks.o
    0x08004a1c   0x08004a1c   0x00000030   Code   RO         4870    i.vTaskPlaceOnEventList  tasks.o
    0x08004a4c   0x08004a4c   0x00000038   Code   RO         4871    i.vTaskPlaceOnEventListRestricted  tasks.o
    0x08004a84   0x08004a84   0x00000088   Code   RO         4878    i.vTaskStartScheduler  tasks.o
    0x08004b0c   0x08004b0c   0x00000010   Code   RO         4880    i.vTaskSuspendAll   tasks.o
    0x08004b1c   0x08004b1c   0x0000005c   Code   RO         4881    i.vTaskSwitchContext  tasks.o
    0x08004b78   0x08004b78   0x000000a8   Code   RO         5706    i.xPortStartScheduler  port.o
    0x08004c20   0x08004c20   0x00000066   Code   RO         4524    i.xQueueGenericCreateStatic  queue.o
    0x08004c86   0x08004c86   0x00000002   PAD
    0x08004c88   0x08004c88   0x00000088   Code   RO         4525    i.xQueueGenericReset  queue.o
    0x08004d10   0x08004d10   0x00000160   Code   RO         4526    i.xQueueGenericSend  queue.o
    0x08004e70   0x08004e70   0x000000bc   Code   RO         4527    i.xQueueGenericSendFromISR  queue.o
    0x08004f2c   0x08004f2c   0x00000138   Code   RO         4534    i.xQueueReceive     queue.o
    0x08005064   0x08005064   0x00000074   Code   RO         4882    i.xTaskCheckForTimeOut  tasks.o
    0x080050d8   0x080050d8   0x0000005a   Code   RO         4883    i.xTaskCreate       tasks.o
    0x08005132   0x08005132   0x00000056   Code   RO         4884    i.xTaskCreateStatic  tasks.o
    0x08005188   0x08005188   0x0000001c   Code   RO         4888    i.xTaskGetSchedulerState  tasks.o
    0x080051a4   0x080051a4   0x0000000c   Code   RO         4889    i.xTaskGetTickCount  tasks.o
    0x080051b0   0x080051b0   0x000000c8   Code   RO         4891    i.xTaskIncrementTick  tasks.o
    0x08005278   0x08005278   0x00000098   Code   RO         4894    i.xTaskPriorityDisinherit  tasks.o
    0x08005310   0x08005310   0x00000074   Code   RO         4896    i.xTaskRemoveFromEventList  tasks.o
    0x08005384   0x08005384   0x000000c4   Code   RO         4897    i.xTaskResumeAll    tasks.o
    0x08005448   0x08005448   0x00000060   Code   RO         5162    i.xTimerCreateTimerTask  timers.o
    0x080054a8   0x080054a8   0x00000060   Code   RO         5163    i.xTimerGenericCommand  timers.o
    0x08005508   0x08005508   0x000000c4   Code   RO         5790    x$fpl$fadd          fz_ws.l(faddsub_clz.o)
    0x080055cc   0x080055cc   0x00000018   Code   RO         5843    x$fpl$fcmpinf       fz_ws.l(fcmpi.o)
    0x080055e4   0x080055e4   0x00000184   Code   RO         5797    x$fpl$fdiv          fz_ws.l(fdiv.o)
    0x08005768   0x08005768   0x00000036   Code   RO         5800    x$fpl$ffix          fz_ws.l(ffix.o)
    0x0800579e   0x0800579e   0x00000002   PAD
    0x080057a0   0x080057a0   0x0000003e   Code   RO         5804    x$fpl$ffixu         fz_ws.l(ffixu.o)
    0x080057de   0x080057de   0x00000002   PAD
    0x080057e0   0x080057e0   0x00000030   Code   RO         5809    x$fpl$fflt          fz_ws.l(fflt_clz.o)
    0x08005810   0x08005810   0x00000068   Code   RO         5821    x$fpl$fleqf         fz_ws.l(fleqf.o)
    0x08005878   0x08005878   0x00000102   Code   RO         5814    x$fpl$fmul          fz_ws.l(fmul.o)
    0x0800597a   0x0800597a   0x0000008c   Code   RO         5823    x$fpl$fnaninf       fz_ws.l(fnaninf.o)
    0x08005a06   0x08005a06   0x0000000a   Code   RO         5825    x$fpl$fretinf       fz_ws.l(fretinf.o)
    0x08005a10   0x08005a10   0x00000062   Code   RO         5816    x$fpl$frleqf        fz_ws.l(frleqf.o)
    0x08005a72   0x08005a72   0x00000002   PAD
    0x08005a74   0x08005a74   0x000000ea   Code   RO         5792    x$fpl$fsub          fz_ws.l(faddsub_clz.o)
    0x08005b5e   0x08005b5e   0x00000000   Code   RO         5827    x$fpl$usenofp       fz_ws.l(usenofp.o)
    0x08005b5e   0x08005b5e   0x00000002   PAD
    0x08005b60   0x08005b60   0x00000054   Data   RO          306    .constdata          freertos.o
    0x08005bb4   0x08005bb4   0x00000012   Data   RO         1323    .constdata          stm32f1xx_hal_rcc.o
    0x08005bc6   0x08005bc6   0x00000012   Data   RO         1415    .constdata          stm32f1xx_hal_rcc_ex.o
    0x08005bd8   0x08005bd8   0x00000010   Data   RO         4159    .constdata          system_stm32f1xx.o
    0x08005be8   0x08005be8   0x00000008   Data   RO         4160    .constdata          system_stm32f1xx.o
    0x08005bf0   0x08005bf0   0x00000024   Data   RO          307    .conststring        freertos.o
    0x08005c14   0x08005c14   0x00000020   Data   RO         5982    Region$$Table       anon$$obj.o


    Execution Region RW_IRAM1 (Exec base: 0x20000000, Load base: 0x08005c34, Size: 0x000020a0, Max: 0x0000c000, ABSOLUTE)

    Exec Addr    Load Addr    Size         Type   Attr      Idx    E Section Name        Object

    0x20000000   0x08005c34   0x0000000c   Data   RW          308    .data               freertos.o
    0x2000000c   0x08005c40   0x0000000c   Data   RW         1160    .data               stm32f1xx_hal.o
    0x20000018   0x08005c4c   0x00000004   Data   RW         4161    .data               system_stm32f1xx.o
    0x2000001c   0x08005c50   0x0000003c   Data   RW         4900    .data               tasks.o
    0x20000058   0x08005c8c   0x00000014   Data   RW         5169    .data               timers.o
    0x2000006c   0x08005ca0   0x00000018   Data   RW         5656    .data               heap_4.o
    0x20000084   0x08005cb8   0x0000000c   Data   RW         5707    .data               port.o
    0x20000090        -       0x00000010   Zero   RW          162    .bss                main.o
    0x200000a0        -       0x0000008c   Zero   RW          163    .bss                main.o
    0x2000012c        -       0x000006a8   Zero   RW          305    .bss                freertos.o
    0x200007d4        -       0x00000028   Zero   RW          374    .bss                can.o
    0x200007fc        -       0x000000a8   Zero   RW          447    .bss                i2c.o
    0x200008a4        -       0x00000014   Zero   RW          494    .bss                rtc.o
    0x200008b8        -       0x000001b0   Zero   RW          544    .bss                tim.o
    0x20000a68        -       0x00000118   Zero   RW          627    .bss                usart.o
    0x20000b80        -       0x00000048   Zero   RW          829    .bss                stm32f1xx_hal_timebase_tim.o
    0x20000bc8        -       0x00000020   Zero   RW         4236    .bss                motor.o
    0x20000be8        -       0x00000020   Zero   RW         4290    .bss                pid.o
    0x20000c08        -       0x00000020   Zero   RW         4291    .bss                pid.o
    0x20000c28        -       0x00000040   Zero   RW         4538    .bss                queue.o
    0x20000c68        -       0x000000f0   Zero   RW         4899    .bss                tasks.o
    0x20000d58        -       0x000000e8   Zero   RW         5168    .bss                timers.o
    0x20000e40        -       0x00000c00   Zero   RW         5655    .bss                heap_4.o
    0x20001a40        -       0x00000060   Zero   RW         5856    .bss                c_w.l(libspace.o)
    0x20001aa0        -       0x00000200   Zero   RW            2    HEAP                startup_stm32f103xe.o
    0x20001ca0        -       0x00000400   Zero   RW            1    STACK               startup_stm32f103xe.o


==============================================================================

Image component sizes


      Code (inc. data)   RO Data    RW Data    ZI Data      Debug   Object Name

       244         24          0          0         40       1823   can.o
       384         18          0          0          0     513796   chassis_ctrl.o
       120          0          0          0          0      22337   cmsis_os.o
        60          4          0          0          0        778   dma.o
         0          0          0          0          0      18120   event_groups.o
       268         38        120         12       1704       4504   freertos.o
       172         14          0          0          0        975   gpio.o
        48          4          0          0          0       1120   grayscale_sensor.o
       460         24          0         24       3072       4707   heap_4.o
       296         48          0          0        168       2346   i2c.o
       138          0          0          0          0       3438   list.o
       360         50          0          0        156      34745   main.o
       410         20          0          0         32       4654   motor.o
       298          0          0          0         64       4330   pid.o
       662         70          0         12          0      11245   port.o
      1500         20          0          0         64      14396   queue.o
       100         22          0          0         20       1535   rtc.o
        64         26        304          0       1536        816   startup_stm32f103xe.o
       100         18          0         12          0       5898   stm32f1xx_hal.o
       608          0          0          0          0       3070   stm32f1xx_hal_can.o
       158         14          0          0          0      28218   stm32f1xx_hal_cortex.o
       932         44          0          0          0       4371   stm32f1xx_hal_dma.o
       514         42          0          0          0       2924   stm32f1xx_hal_gpio.o
      2338         54          0          0          0      12654   stm32f1xx_hal_i2c.o
        72         10          0          0          0        882   stm32f1xx_hal_msp.o
        12          4          0          0          0        519   stm32f1xx_hal_pwr.o
      1304         94         18          0          0       5793   stm32f1xx_hal_rcc.o
       420         30         18          0          0       2537   stm32f1xx_hal_rcc_ex.o
       312          4          0          0          0       3744   stm32f1xx_hal_rtc.o
      2226         96          0          0          0      18313   stm32f1xx_hal_tim.o
       212         20          0          0          0       3229   stm32f1xx_hal_tim_ex.o
       152         20          0          0         72       1499   stm32f1xx_hal_timebase_tim.o
       920         20          0          0          0       9441   stm32f1xx_hal_uart.o
       224         60          0          0          0       8686   stm32f1xx_it.o
         0          0          0          0          0        388   stream_buffer.o
         2          0         24          4          0       1139   system_stm32f1xx.o
      2090        158          0         60        240      23208   tasks.o
      1308        104          0          0        432       6667   tim.o
       888         78          0         20        232      26347   timers.o
       456         52          0          0        280       2593   usart.o

    ----------------------------------------------------------------------
     20870       1304        516        144       8112     817785   Object Totals
         0          0         32          0          0          0   (incl. Generated)
        38          0          0          0          0          0   (incl. Padding)

    ----------------------------------------------------------------------

      Code (inc. data)   RO Data    RW Data    ZI Data      Debug   Library Member Name

         8          0          0          0          0         68   __main.o
         0          0          0          0          0          0   __rtentry.o
        12          0          0          0          0          0   __rtentry2.o
         6          0          0          0          0          0   __rtentry4.o
        52          8          0          0          0          0   __scatter.o
        26          0          0          0          0          0   __scatter_copy.o
        28          0          0          0          0          0   __scatter_zi.o
        18          0          0          0          0         80   exit.o
         6          0          0          0          0        152   heapauxi.o
         0          0          0          0          0          0   indicate_semi.o
         2          0          0          0          0          0   libinit.o
         2          0          0          0          0          0   libinit2.o
         2          0          0          0          0          0   libshutdown.o
         2          0          0          0          0          0   libshutdown2.o
         8          4          0          0         96         68   libspace.o
        78          0          0          0          0         80   rt_memclr_w.o
       138          0          0          0          0         68   rt_memcpy_v6.o
       100          0          0          0          0         80   rt_memcpy_w.o
         2          0          0          0          0          0   rtexit.o
        10          0          0          0          0          0   rtexit2.o
        12          4          0          0          0         68   sys_exit.o
        74          0          0          0          0         80   sys_stackheap_outer.o
         2          0          0          0          0         68   use_no_semi.o
       430          8          0          0          0        168   faddsub_clz.o
        24          0          0          0          0         68   fcmpi.o
       388         76          0          0          0         96   fdiv.o
        54          4          0          0          0         84   ffix.o
        62          4          0          0          0         84   ffixu.o
        48          0          0          0          0         68   fflt_clz.o
       104          4          0          0          0         84   fleqf.o
       258          4          0          0          0         84   fmul.o
       140          4          0          0          0         84   fnaninf.o
        10          0          0          0          0         68   fretinf.o
        98          0          0          0          0         68   frleqf.o
         0          0          0          0          0          0   usenofp.o

    ----------------------------------------------------------------------
      2218        120          0          0         96       1768   Library Totals
        14          0          0          0          0          0   (incl. Padding)

    ----------------------------------------------------------------------

      Code (inc. data)   RO Data    RW Data    ZI Data      Debug   Library Name

       588         16          0          0         96        812   c_w.l
      1616        104          0          0          0        956   fz_ws.l

    ----------------------------------------------------------------------
      2218        120          0          0         96       1768   Library Totals

    ----------------------------------------------------------------------

==============================================================================


      Code (inc. data)   RO Data    RW Data    ZI Data      Debug   

     23088       1424        516        144       8208     807849   Grand Totals
     23088       1424        516        144       8208     807849   ELF Image Totals
     23088       1424        516        144          0          0   ROM Totals

==============================================================================

    Total RO  Size (Code + RO Data)                23604 (  23.05kB)
    Total RW  Size (RW Data + ZI Data)              8352 (   8.16kB)
    Total ROM Size (Code + RO Data + RW Data)      23748 (  23.19kB)

==============================================================================

