Component: ARM Compiler 5.06 update 5 (build 528) Tool: armlink [4d35e2]

==============================================================================

Section Cross References

    startup_stm32f103xe.o(STACK) refers (Special) to heapauxi.o(.text) for __use_two_region_memory
    startup_stm32f103xe.o(HEAP) refers (Special) to heapauxi.o(.text) for __use_two_region_memory
    startup_stm32f103xe.o(RESET) refers (Special) to heapauxi.o(.text) for __use_two_region_memory
    startup_stm32f103xe.o(RESET) refers to startup_stm32f103xe.o(STACK) for __initial_sp
    startup_stm32f103xe.o(RESET) refers to startup_stm32f103xe.o(.text) for Reset_Handler
    startup_stm32f103xe.o(RESET) refers to stm32f1xx_it.o(i.NMI_Handler) for NMI_Handler
    startup_stm32f103xe.o(RESET) refers to stm32f1xx_it.o(i.HardFault_Handler) for HardFault_Handler
    startup_stm32f103xe.o(RESET) refers to stm32f1xx_it.o(i.MemManage_Handler) for MemManage_Handler
    startup_stm32f103xe.o(RESET) refers to stm32f1xx_it.o(i.BusFault_Handler) for BusFault_Handler
    startup_stm32f103xe.o(RESET) refers to stm32f1xx_it.o(i.UsageFault_Handler) for UsageFault_Handler
    startup_stm32f103xe.o(RESET) refers to port.o(.emb_text) for SVC_Handler
    startup_stm32f103xe.o(RESET) refers to stm32f1xx_it.o(i.DebugMon_Handler) for DebugMon_Handler
    startup_stm32f103xe.o(RESET) refers to stm32f1xx_it.o(i.SysTick_Handler) for SysTick_Handler
    startup_stm32f103xe.o(RESET) refers to stm32f1xx_it.o(i.DMA1_Channel6_IRQHandler) for DMA1_Channel6_IRQHandler
    startup_stm32f103xe.o(RESET) refers to stm32f1xx_it.o(i.DMA1_Channel7_IRQHandler) for DMA1_Channel7_IRQHandler
    startup_stm32f103xe.o(RESET) refers to stm32f1xx_it.o(i.USB_LP_CAN1_RX0_IRQHandler) for USB_LP_CAN1_RX0_IRQHandler
    startup_stm32f103xe.o(RESET) refers to stm32f1xx_it.o(i.TIM1_UP_IRQHandler) for TIM1_UP_IRQHandler
    startup_stm32f103xe.o(RESET) refers to stm32f1xx_it.o(i.TIM2_IRQHandler) for TIM2_IRQHandler
    startup_stm32f103xe.o(RESET) refers to stm32f1xx_it.o(i.TIM3_IRQHandler) for TIM3_IRQHandler
    startup_stm32f103xe.o(RESET) refers to stm32f1xx_it.o(i.USART1_IRQHandler) for USART1_IRQHandler
    startup_stm32f103xe.o(RESET) refers to stm32f1xx_it.o(i.USART2_IRQHandler) for USART2_IRQHandler
    startup_stm32f103xe.o(RESET) refers to stm32f1xx_it.o(i.TIM5_IRQHandler) for TIM5_IRQHandler
    startup_stm32f103xe.o(RESET) refers to stm32f1xx_it.o(i.TIM6_IRQHandler) for TIM6_IRQHandler
    startup_stm32f103xe.o(.text) refers (Special) to heapauxi.o(.text) for __use_two_region_memory
    startup_stm32f103xe.o(.text) refers to system_stm32f1xx.o(i.SystemInit) for SystemInit
    startup_stm32f103xe.o(.text) refers to __main.o(!!!main) for __main
    startup_stm32f103xe.o(.text) refers to startup_stm32f103xe.o(HEAP) for Heap_Mem
    startup_stm32f103xe.o(.text) refers to startup_stm32f103xe.o(STACK) for Stack_Mem
    chassis_ctrl.o(i.Turn_90_chack) refers to pid.o(i.SpeedPID_Process) for SpeedPID_Process
    chassis_ctrl.o(i.Turn_90_chack) refers to fflt_clz.o(x$fpl$fflt) for __aeabi_i2f
    chassis_ctrl.o(i.Turn_90_chack) refers to motor.o(i.Motor_Output) for Motor_Output
    chassis_ctrl.o(i.Turn_90_chack) refers to motor.o(.bss) for Motor
    chassis_ctrl.o(i.Turn_90_chack) refers to pid.o(.bss) for Chassis_PID
    chassis_ctrl.o(i.crossroad) refers to pid.o(i.SpeedPID_Process) for SpeedPID_Process
    chassis_ctrl.o(i.crossroad) refers to fflt_clz.o(x$fpl$fflt) for __aeabi_i2f
    chassis_ctrl.o(i.crossroad) refers to motor.o(i.Motor_Output) for Motor_Output
    chassis_ctrl.o(i.crossroad) refers to stm32f1xx_hal.o(i.HAL_Delay) for HAL_Delay
    chassis_ctrl.o(i.crossroad) refers to motor.o(.bss) for Motor
    chassis_ctrl.o(i.crossroad) refers to pid.o(.bss) for Chassis_PID
    main.o(i.SystemClock_Config) refers to rt_memclr_w.o(.text) for __aeabi_memclr4
    main.o(i.SystemClock_Config) refers to stm32f1xx_hal_rcc.o(i.HAL_RCC_OscConfig) for HAL_RCC_OscConfig
    main.o(i.SystemClock_Config) refers to stm32f1xx_hal_rcc.o(i.HAL_RCC_ClockConfig) for HAL_RCC_ClockConfig
    main.o(i.SystemClock_Config) refers to stm32f1xx_hal_rcc_ex.o(i.HAL_RCCEx_PeriphCLKConfig) for HAL_RCCEx_PeriphCLKConfig
    main.o(i.main) refers to stm32f1xx_hal.o(i.HAL_Init) for HAL_Init
    main.o(i.main) refers to pid.o(i.PID_Init) for PID_Init
    main.o(i.main) refers to main.o(i.SystemClock_Config) for SystemClock_Config
    main.o(i.main) refers to gpio.o(i.MX_GPIO_Init) for MX_GPIO_Init
    main.o(i.main) refers to dma.o(i.MX_DMA_Init) for MX_DMA_Init
    main.o(i.main) refers to can.o(i.MX_CAN_Init) for MX_CAN_Init
    main.o(i.main) refers to i2c.o(i.MX_I2C1_Init) for MX_I2C1_Init
    main.o(i.main) refers to i2c.o(i.MX_I2C2_Init) for MX_I2C2_Init
    main.o(i.main) refers to rtc.o(i.MX_RTC_Init) for MX_RTC_Init
    main.o(i.main) refers to tim.o(i.MX_TIM1_Init) for MX_TIM1_Init
    main.o(i.main) refers to tim.o(i.MX_TIM2_Init) for MX_TIM2_Init
[...]
    i.xTaskIncrementTick                     0x0800536c   Section        0  tasks.o(i.xTaskIncrementTick)
    i.xTaskPriorityDisinherit                0x08005434   Section        0  tasks.o(i.xTaskPriorityDisinherit)
    i.xTaskRemoveFromEventList               0x080054cc   Section        0  tasks.o(i.xTaskRemoveFromEventList)
    i.xTaskResumeAll                         0x08005540   Section        0  tasks.o(i.xTaskResumeAll)
    i.xTimerCreateTimerTask                  0x08005604   Section        0  timers.o(i.xTimerCreateTimerTask)
    i.xTimerGenericCommand                   0x08005664   Section        0  timers.o(i.xTimerGenericCommand)
    x$fpl$fadd                               0x080056c4   Section      196  faddsub_clz.o(x$fpl$fadd)
    _fadd1                                   0x080056d3   Thumb Code     0  faddsub_clz.o(x$fpl$fadd)
    x$fpl$fcmpinf                            0x08005788   Section       24  fcmpi.o(x$fpl$fcmpinf)
    x$fpl$fdiv                               0x080057a0   Section      388  fdiv.o(x$fpl$fdiv)
    _fdiv1                                   0x080057a1   Thumb Code     0  fdiv.o(x$fpl$fdiv)
    x$fpl$ffix                               0x08005924   Section       54  ffix.o(x$fpl$ffix)
    x$fpl$ffixu                              0x0800595c   Section       62  ffixu.o(x$fpl$ffixu)
    x$fpl$fflt                               0x0800599c   Section       48  fflt_clz.o(x$fpl$fflt)
    x$fpl$fleqf                              0x080059cc   Section      104  fleqf.o(x$fpl$fleqf)
    x$fpl$fmul                               0x08005a34   Section      258  fmul.o(x$fpl$fmul)
    x$fpl$fnaninf                            0x08005b36   Section      140  fnaninf.o(x$fpl$fnaninf)
    x$fpl$fretinf                            0x08005bc2   Section       10  fretinf.o(x$fpl$fretinf)
    x$fpl$frleqf                             0x08005bcc   Section       98  frleqf.o(x$fpl$frleqf)
    x$fpl$fsub                               0x08005c30   Section      234  faddsub_clz.o(x$fpl$fsub)
    _fsub1                                   0x08005c3f   Thumb Code     0  faddsub_clz.o(x$fpl$fsub)
    x$fpl$usenofp                            0x08005d1a   Section        0  usenofp.o(x$fpl$usenofp)
    .constdata                               0x08005d1c   Section       84  freertos.o(.constdata)
    .constdata                               0x08005d70   Section       18  stm32f1xx_hal_rcc.o(.constdata)
    aPredivFactorTable                       0x08005d70   Data           2  stm32f1xx_hal_rcc.o(.constdata)
    aPLLMULFactorTable                       0x08005d72   Data          16  stm32f1xx_hal_rcc.o(.constdata)
    .constdata                               0x08005d82   Section       18  stm32f1xx_hal_rcc_ex.o(.constdata)
    aPredivFactorTable                       0x08005d82   Data           2  stm32f1xx_hal_rcc_ex.o(.constdata)
    aPLLMULFactorTable                       0x08005d84   Data          16  stm32f1xx_hal_rcc_ex.o(.constdata)
    .constdata                               0x08005d94   Section       16  system_stm32f1xx.o(.constdata)
    .constdata                               0x08005da4   Section        8  system_stm32f1xx.o(.constdata)
    .conststring                             0x08005dac   Section       36  freertos.o(.conststring)
    .data                                    0x20000000   Section       12  freertos.o(.data)
    .data                                    0x2000000c   Section        1  can.o(.data)
    i                                        0x2000000c   Data           1  can.o(.data)
    .data                                    0x20000010   Section       12  stm32f1xx_hal.o(.data)
    .data                                    0x2000001c   Section        4  system_stm32f1xx.o(.data)
    .data                                    0x20000020   Section       60  tasks.o(.data)
    pxDelayedTaskList                        0x20000024   Data           4  tasks.o(.data)
    pxOverflowDelayedTaskList                0x20000028   Data           4  tasks.o(.data)
    uxDeletedTasksWaitingCleanUp             0x2000002c   Data           4  tasks.o(.data)
    uxCurrentNumberOfTasks                   0x20000030   Data           4  tasks.o(.data)
    xTickCount                               0x20000034   Data           4  tasks.o(.data)
    uxTopReadyPriority                       0x20000038   Data           4  tasks.o(.data)
    xSchedulerRunning                        0x2000003c   Data           4  tasks.o(.data)
    uxPendedTicks                            0x20000040   Data           4  tasks.o(.data)
    xYieldPending                            0x20000044   Data           4  tasks.o(.data)
    xNumOfOverflows                          0x20000048   Data           4  tasks.o(.data)
    uxTaskNumber                             0x2000004c   Data           4  tasks.o(.data)
    xNextTaskUnblockTime                     0x20000050   Data           4  tasks.o(.data)
    xIdleTaskHandle                          0x20000054   Data           4  tasks.o(.data)
    uxSchedulerSuspended                     0x20000058   Data           4  tasks.o(.data)
    .data                                    0x2000005c   Section       20  timers.o(.data)
    pxCurrentTimerList                       0x2000005c   Data           4  timers.o(.data)
    pxOverflowTimerList                      0x20000060   Data           4  timers.o(.data)
    xTimerQueue                              0x20000064   Data           4  timers.o(.data)
    xTimerTaskHandle                         0x20000068   Data           4  timers.o(.data)
    xLastTime                                0x2000006c   Data           4  timers.o(.data)
    .data                                    0x20000070   Section       24  heap_4.o(.data)
    pxEnd                                    0x20000070   Data           4  heap_4.o(.data)
    xFreeBytesRemaining                      0x20000074   Data           4  heap_4.o(.data)
    xMinimumEverFreeBytesRemaining           0x20000078   Data           4  heap_4.o(.data)
    xBlockAllocatedBit                       0x2000007c   Data           4  heap_4.o(.data)
    xStart                                   0x20000080   Data           8  heap_4.o(.data)
    .data                                    0x20000088   Section       12  port.o(.data)
    ucMaxSysCallPriority                     0x20000088   Data           1  port.o(.data)
    uxCriticalNesting                        0x2000008c   Data           4  port.o(.data)
    ulMaxPRIGROUPValue                       0x20000090   Data           4  port.o(.data)
    .bss                                     0x20000094   Section       16  main.o(.bss)
    .bss                                     0x200000a4   Section      140  main.o(.bss)
    .bss                                     0x20000130   Section     1704  freertos.o(.bss)
    xIdleTaskTCBBuffer                       0x20000130   Data          84  freertos.o(.bss)
    xIdleStack                               0x20000184   Data         512  freertos.o(.bss)
    xTimerTaskTCBBuffer                      0x20000384   Data          84  freertos.o(.bss)
    xTimerStack                              0x200003d8   Data        1024  freertos.o(.bss)
    .bss                                     0x200007d8   Section       28  can.o(.bss)
    .bss                                     0x200007f4   Section       40  can.o(.bss)
    .bss                                     0x2000081c   Section      168  i2c.o(.bss)
    .bss                                     0x200008c4   Section       20  rtc.o(.bss)
    .bss                                     0x200008d8   Section      432  tim.o(.bss)
    .bss                                     0x20000a88   Section      280  usart.o(.bss)
    .bss                                     0x20000ba0   Section      128  stm32f1xx_it.o(.bss)
    .bss                                     0x20000c20   Section       32  motor.o(.bss)
    .bss                                     0x20000c40   Section       64  motor.o(.bss)
    .bss                                     0x20000c80   Section       32  pid.o(.bss)
    .bss                                     0x20000ca0   Section       32  pid.o(.bss)
    .bss                                     0x20000cc0   Section       14  comm.o(.bss)
    .bss                                     0x20000cd0   Section       64  queue.o(.bss)
    .bss                                     0x20000d10   Section      240  tasks.o(.bss)
    pxReadyTasksLists                        0x20000d10   Data         140  tasks.o(.bss)
    xDelayedTaskList1                        0x20000d9c   Data          20  tasks.o(.bss)
    xDelayedTaskList2                        0x20000db0   Data          20  tasks.o(.bss)
    xPendingReadyList                        0x20000dc4   Data          20  tasks.o(.bss)
    xTasksWaitingTermination                 0x20000dd8   Data          20  tasks.o(.bss)
    xSuspendedTaskList                       0x20000dec   Data          20  tasks.o(.bss)
    .bss                                     0x20000e00   Section      232  timers.o(.bss)
    xActiveTimerList1                        0x20000e00   Data          20  timers.o(.bss)
    xActiveTimerList2                        0x20000e14   Data          20  timers.o(.bss)
    xStaticTimerQueue                        0x20000e28   Data          72  timers.o(.bss)
    ucStaticTimerQueueStorage                0x20000e70   Data         120  timers.o(.bss)
    .bss                                     0x20000ee8   Section     3072  heap_4.o(.bss)
    ucHeap                                   0x20000ee8   Data        3072  heap_4.o(.bss)
    .bss                                     0x20001ae8   Section       96  libspace.o(.bss)
    HEAP                                     0x20001b48   Section      512  startup_stm32f103xe.o(HEAP)
    Heap_Mem                                 0x20001b48   Data         512  startup_stm32f103xe.o(HEAP)
    STACK                                    0x20001d48   Section     1024  startup_stm32f103xe.o(STACK)
    Stack_Mem                                0x20001d48   Data        1024  startup_stm32f103xe.o(STACK)
    __initial_sp                             0x20002148   Data           0  startup_stm32f103xe.o(STACK)

    Global Symbols

    Symbol Name                              Value     Ov Type        Size  Object(Section)

    BuildAttributes$$THM_ISAv4$P$D$K$B$S$PE$A:L22UL41UL21$X:L11$S22US41US21$IEEE1$IW$USESV6$~STKCKD$USESV7$~SHL$OSPACE$ROPI$EBA8$UX$STANDARDLIB$REQ8$PRES8$EABIv2 0x00000000   Number         0  anon$$obj.o ABSOLUTE
    __ARM_use_no_argv                        0x00000000   Number         0  main.o ABSOLUTE
    __ARM_exceptions_init                     - Undefined Weak Reference
    __alloca_initialize                       - Undefined Weak Reference
    __arm_preinit_                            - Undefined Weak Reference
    __cpp_initialize__aeabi_                  - Undefined Weak Reference
    __cxa_finalize                            - Undefined Weak Reference
    __rt_locale                               - Undefined Weak Reference
    __sigvec_lookup                           - Undefined Weak Reference
    _atexit_init                              - Undefined Weak Reference
    _call_atexit_fns                          - Undefined Weak Reference
    _clock_init                               - Undefined Weak Reference
    _fp_trap_init                             - Undefined Weak Reference
    _fp_trap_shutdown                         - Undefined Weak Reference
    _get_lc_collate                           - Undefined Weak Reference
    _get_lc_ctype                             - Undefined Weak Reference
    _get_lc_monetary                          - Undefined Weak Reference
    _get_lc_numeric                           - Undefined Weak Reference
    _get_lc_time                              - Undefined Weak Reference
    _getenv_init                              - Undefined Weak Reference
    _handle_redirection                       - Undefined Weak Reference
    _init_alloc                               - Undefined Weak Reference
    _init_user_alloc                          - Undefined Weak Reference
    _initio                                   - Undefined Weak Reference
    _rand_init                                - Undefined Weak Reference
    _signal_finish                            - Undefined Weak Reference
    _signal_init                              - Undefined Weak Reference
    _terminate_alloc                          - Undefined Weak Reference
    _terminate_user_alloc                     - Undefined Weak Reference
    _terminateio                              - Undefined Weak Reference
    __Vectors_Size                           0x00000130   Number         0  startup_stm32f103xe.o ABSOLUTE
    __Vectors                                0x08000000   Data           4  startup_stm32f103xe.o(RESET)
    __Vectors_End                            0x08000130   Data           0  startup_stm32f103xe.o(RESET)
    __main                                   0x08000131   Thumb Code     8  __main.o(!!!main)
    __scatterload                            0x08000139   Thumb Code     0  __scatter.o(!!!scatter)
    __scatterload_rt2                        0x08000139   Thumb Code    44  __scatter.o(!!!scatter)
    __scatterload_rt2_thumb_only             0x08000139   Thumb Code     0  __scatter.o(!!!scatter)
    __scatterload_null                       0x08000147   Thumb Code     0  __scatter.o(!!!scatter)
    __scatterload_copy                       0x0800016d   Thumb Code    26  __scatter_copy.o(!!handler_copy)
    __scatterload_zeroinit                   0x08000189   Thumb Code    28  __scatter_zi.o(!!handler_zi)
    __rt_lib_init                            0x080001a5   Thumb Code     0  libinit.o(.ARM.Collect$$libinit$$00000000)
    __rt_lib_init_alloca_1                   0x080001a7   Thumb Code     0  libinit2.o(.ARM.Collect$$libinit$$0000002E)
    __rt_lib_init_argv_1                     0x080001a7   Thumb Code     0  libinit2.o(.ARM.Collect$$libinit$$0000002C)
    __rt_lib_init_atexit_1                   0x080001a7   Thumb Code     0  libinit2.o(.ARM.Collect$$libinit$$0000001B)
    __rt_lib_init_clock_1                    0x080001a7   Thumb Code     0  libinit2.o(.ARM.Collect$$libinit$$00000021)
    __rt_lib_init_cpp_1                      0x080001a7   Thumb Code     0  libinit2.o(.ARM.Collect$$libinit$$00000032)
    __rt_lib_init_exceptions_1               0x080001a7   Thumb Code     0  libinit2.o(.ARM.Collect$$libinit$$00000030)
    __rt_lib_init_fp_1                       0x080001a7   Thumb Code     0  libinit2.o(.ARM.Collect$$libinit$$00000002)
    __rt_lib_init_fp_trap_1                  0x080001a7   Thumb Code     0  libinit2.o(.ARM.Collect$$libinit$$0000001F)
    __rt_lib_init_getenv_1                   0x080001a7   Thumb Code     0  libinit2.o(.ARM.Collect$$libinit$$00000023)
    __rt_lib_init_heap_1                     0x080001a7   Thumb Code     0  libinit2.o(.ARM.Collect$$libinit$$0000000A)
    __rt_lib_init_lc_collate_1               0x080001a7   Thumb Code     0  libinit2.o(.ARM.Collect$$libinit$$00000011)
    __rt_lib_init_lc_ctype_1                 0x080001a7   Thumb Code     0  libinit2.o(.ARM.Collect$$libinit$$00000013)
    __rt_lib_init_lc_monetary_1              0x080001a7   Thumb Code     0  libinit2.o(.ARM.Collect$$libinit$$00000015)
    __rt_lib_init_lc_numeric_1               0x080001a7   Thumb Code     0  libinit2.o(.ARM.Collect$$libinit$$00000017)
    __rt_lib_init_lc_time_1                  0x080001a7   Thumb Code     0  libinit2.o(.ARM.Collect$$libinit$$00000019)
    __rt_lib_init_preinit_1                  0x080001a7   Thumb Code     0  libinit2.o(.ARM.Collect$$libinit$$00000004)
    __rt_lib_init_rand_1                     0x080001a7   Thumb Code     0  libinit2.o(.ARM.Collect$$libinit$$0000000E)
    __rt_lib_init_return                     0x080001a7   Thumb Code     0  libinit2.o(.ARM.Collect$$libinit$$00000033)
    __rt_lib_init_signal_1                   0x080001a7   Thumb Code     0  libinit2.o(.ARM.Collect$$libinit$$0000001D)
    __rt_lib_init_stdio_1                    0x080001a7   Thumb Code     0  libinit2.o(.ARM.Collect$$libinit$$00000025)
    __rt_lib_init_user_alloc_1               0x080001a7   Thumb Code     0  libinit2.o(.ARM.Collect$$libinit$$0000000C)
    __rt_lib_shutdown                        0x080001a9   Thumb Code     0  libshutdown.o(.ARM.Collect$$libshutdown$$00000000)
    __rt_lib_shutdown_cpp_1                  0x080001ab   Thumb Code     0  libshutdown2.o(.ARM.Collect$$libshutdown$$00000002)
    __rt_lib_shutdown_fp_trap_1              0x080001ab   Thumb Code     0  libshutdown2.o(.ARM.Collect$$libshutdown$$00000007)
    __rt_lib_shutdown_heap_1                 0x080001ab   Thumb Code     0  libshutdown2.o(.ARM.Collect$$libshutdown$$0000000F)
    __rt_lib_shutdown_return                 0x080001ab   Thumb Code     0  libshutdown2.o(.ARM.Collect$$libshutdown$$00000010)
    __rt_lib_shutdown_signal_1               0x080001ab   Thumb Code     0  libshutdown2.o(.ARM.Collect$$libshutdown$$0000000A)
    __rt_lib_shutdown_stdio_1                0x080001ab   Thumb Code     0  libshutdown2.o(.ARM.Collect$$libshutdown$$00000004)
    __rt_lib_shutdown_user_alloc_1           0x080001ab   Thumb Code     0  libshutdown2.o(.ARM.Collect$$libshutdown$$0000000C)
    __rt_entry                               0x080001ad   Thumb Code     0  __rtentry.o(.ARM.Collect$$rtentry$$00000000)
    __rt_entry_presh_1                       0x080001ad   Thumb Code     0  __rtentry2.o(.ARM.Collect$$rtentry$$00000002)
    __rt_entry_sh                            0x080001ad   Thumb Code     0  __rtentry4.o(.ARM.Collect$$rtentry$$00000004)
    __rt_entry_li                            0x080001b3   Thumb Code     0  __rtentry2.o(.ARM.Collect$$rtentry$$0000000A)
    __rt_entry_postsh_1                      0x080001b3   Thumb Code     0  __rtentry2.o(.ARM.Collect$$rtentry$$00000009)
    __rt_entry_main                          0x080001b7   Thumb Code     0  __rtentry2.o(.ARM.Collect$$rtentry$$0000000D)
    __rt_entry_postli_1                      0x080001b7   Thumb Code     0  __rtentry2.o(.ARM.Collect$$rtentry$$0000000C)
    __rt_exit                                0x080001bf   Thumb Code     0  rtexit.o(.ARM.Collect$$rtexit$$00000000)
    __rt_exit_ls                             0x080001c1   Thumb Code     0  rtexit2.o(.ARM.Collect$$rtexit$$00000003)
    __rt_exit_prels_1                        0x080001c1   Thumb Code     0  rtexit2.o(.ARM.Collect$$rtexit$$00000002)
    __rt_exit_exit                           0x080001c5   Thumb Code     0  rtexit2.o(.ARM.Collect$$rtexit$$00000004)
    SVC_Handler                              0x080001cd   Thumb Code    32  port.o(.emb_text)
    __asm___6_port_c_39a90d8d__prvStartFirstTask 0x080001f1   Thumb Code    28  port.o(.emb_text)
    PendSV_Handler                           0x08000211   Thumb Code    72  port.o(.emb_text)
    vPortGetIPSR                             0x0800025d   Thumb Code     6  port.o(.emb_text)
    Reset_Handler                            0x08000265   Thumb Code     8  startup_stm32f103xe.o(.text)
    ADC1_2_IRQHandler                        0x0800027f   Thumb Code     0  startup_stm32f103xe.o(.text)
    ADC3_IRQHandler                          0x0800027f   Thumb Code     0  startup_stm32f103xe.o(.text)
    CAN1_RX1_IRQHandler                      0x0800027f   Thumb Code     0  startup_stm32f103xe.o(.text)
    CAN1_SCE_IRQHandler                      0x0800027f   Thumb Code     0  startup_stm32f103xe.o(.text)
    DMA1_Channel1_IRQHandler                 0x0800027f   Thumb Code     0  startup_stm32f103xe.o(.text)
    DMA1_Channel2_IRQHandler                 0x0800027f   Thumb Code     0  startup_stm32f103xe.o(.text)
    DMA1_Channel3_IRQHandler                 0x0800027f   Thumb Code     0  startup_stm32f103xe.o(.text)
    DMA1_Channel4_IRQHandler                 0x0800027f   Thumb Code     0  startup_stm32f103xe.o(.text)
    DMA1_Channel5_IRQHandler                 0x0800027f   Thumb Code     0  startup_stm32f103xe.o(.text)
    DMA2_Channel1_IRQHandler                 0x0800027f   Thumb Code     0  startup_stm32f103xe.o(.text)
    DMA2_Channel2_IRQHandler                 0x0800027f   Thumb Code     0  startup_stm32f103xe.o(.text)
    DMA2_Channel3_IRQHandler                 0x0800027f   Thumb Code     0  startup_stm32f103xe.o(.text)
    DMA2_Channel4_5_IRQHandler               0x0800027f   Thumb Code     0  startup_stm32f103xe.o(.text)
    EXTI0_IRQHandler                         0x0800027f   Thumb Code     0  startup_stm32f103xe.o(.text)
    EXTI15_10_IRQHandler                     0x0800027f   Thumb Code     0  startup_stm32f103xe.o(.text)
    EXTI1_IRQHandler                         0x0800027f   Thumb Code     0  startup_stm32f103xe.o(.text)
    EXTI2_IRQHandler                         0x0800027f   Thumb Code     0  startup_stm32f103xe.o(.text)
    EXTI3_IRQHandler                         0x0800027f   Thumb Code     0  startup_stm32f103xe.o(.text)
    EXTI4_IRQHandler                         0x0800027f   Thumb Code     0  startup_stm32f103xe.o(.text)
    EXTI9_5_IRQHandler                       0x0800027f   Thumb Code     0  startup_stm32f103xe.o(.text)
    FLASH_IRQHandler                         0x0800027f   Thumb Code     0  startup_stm32f103xe.o(.text)
    FSMC_IRQHandler                          0x0800027f   Thumb Code     0  startup_stm32f103xe.o(.text)
    I2C1_ER_IRQHandler                       0x0800027f   Thumb Code     0  startup_stm32f103xe.o(.text)
    I2C1_EV_IRQHandler                       0x0800027f   Thumb Code     0  startup_stm32f103xe.o(.text)
    I2C2_ER_IRQHandler                       0x0800027f   Thumb Code     0  startup_stm32f103xe.o(.text)
    I2C2_EV_IRQHandler                       0x0800027f   Thumb Code     0  startup_stm32f103xe.o(.text)
    PVD_IRQHandler                           0x0800027f   Thumb Code     0  startup_stm32f103xe.o(.text)
    RCC_IRQHandler                           0x0800027f   Thumb Code     0  startup_stm32f103xe.o(.text)
    RTC_Alarm_IRQHandler                     0x0800027f   Thumb Code     0  startup_stm32f103xe.o(.text)
    RTC_IRQHandler                           0x0800027f   Thumb Code     0  startup_stm32f103xe.o(.text)
    SDIO_IRQHandler                          0x0800027f   Thumb Code     0  startup_stm32f103xe.o(.text)
    SPI1_IRQHandler                          0x0800027f   Thumb Code     0  startup_stm32f103xe.o(.text)
    SPI2_IRQHandler                          0x0800027f   Thumb Code     0  startup_stm32f103xe.o(.text)
    SPI3_IRQHandler                          0x0800027f   Thumb Code     0  startup_stm32f103xe.o(.text)
    TAMPER_IRQHandler                        0x0800027f   Thumb Code     0  startup_stm32f103xe.o(.text)
    TIM1_BRK_IRQHandler                      0x0800027f   Thumb Code     0  startup_stm32f103xe.o(.text)
    TIM1_CC_IRQHandler                       0x0800027f   Thumb Code     0  startup_stm32f103xe.o(.text)
    TIM1_TRG_COM_IRQHandler                  0x0800027f   Thumb Code     0  startup_stm32f103xe.o(.text)
    TIM4_IRQHandler                          0x0800027f   Thumb Code     0  startup_stm32f103xe.o(.text)
    TIM7_IRQHandler                          0x0800027f   Thumb Code     0  startup_stm32f103xe.o(.text)
    TIM8_BRK_IRQHandler                      0x0800027f   Thumb Code     0  startup_stm32f103xe.o(.text)
    TIM8_CC_IRQHandler                       0x0800027f   Thumb Code     0  startup_stm32f103xe.o(.text)
    TIM8_TRG_COM_IRQHandler                  0x0800027f   Thumb Code     0  startup_stm32f103xe.o(.text)
    TIM8_UP_IRQHandler                       0x0800027f   Thumb Code     0  startup_stm32f103xe.o(.text)
    UART4_IRQHandler                         0x0800027f   Thumb Code     0  startup_stm32f103xe.o(.text)
    UART5_IRQHandler                         0x0800027f   Thumb Code     0  startup_stm32f103xe.o(.text)
    USART3_IRQHandler                        0x0800027f   Thumb Code     0  startup_stm32f103xe.o(.text)
    USBWakeUp_IRQHandler                     0x0800027f   Thumb Code     0  startup_stm32f103xe.o(.text)
    USB_HP_CAN1_TX_IRQHandler                0x0800027f   Thumb Code     0  startup_stm32f103xe.o(.text)
    WWDG_IRQHandler                          0x0800027f   Thumb Code     0  startup_stm32f103xe.o(.text)
    __user_initial_stackheap                 0x08000281   Thumb Code     0  startup_stm32f103xe.o(.text)
    __aeabi_memcpy                           0x080002a5   Thumb Code     0  rt_memcpy_v6.o(.text)
    __rt_memcpy                              0x080002a5   Thumb Code   138  rt_memcpy_v6.o(.text)
    _memcpy_lastbytes                        0x0800030b   Thumb Code     0  rt_memcpy_v6.o(.text)
    __aeabi_memcpy4                          0x0800032f   Thumb Code     0  rt_memcpy_w.o(.text)
    __aeabi_memcpy8                          0x0800032f   Thumb Code     0  rt_memcpy_w.o(.text)
    __rt_memcpy_w                            0x0800032f   Thumb Code   100  rt_memcpy_w.o(.text)
    _memcpy_lastbytes_aligned                0x08000377   Thumb Code     0  rt_memcpy_w.o(.text)
    __aeabi_memclr4                          0x08000393   Thumb Code     0  rt_memclr_w.o(.text)
    __aeabi_memclr8                          0x08000393   Thumb Code     0  rt_memclr_w.o(.text)
    __rt_memclr_w                            0x08000393   Thumb Code    78  rt_memclr_w.o(.text)
    _memset_w                                0x08000397   Thumb Code     0  rt_memclr_w.o(.text)
    __use_two_region_memory                  0x080003e1   Thumb Code     2  heapauxi.o(.text)
    __rt_heap_escrow$2region                 0x080003e3   Thumb Code     2  heapauxi.o(.text)
    __rt_heap_expand$2region                 0x080003e5   Thumb Code     2  heapauxi.o(.text)
    __user_setup_stackheap                   0x080003e7   Thumb Code    74  sys_stackheap_outer.o(.text)
    exit                                     0x08000431   Thumb Code    18  exit.o(.text)
    __user_libspace                          0x08000445   Thumb Code     8  libspace.o(.text)
    __user_perproc_libspace                  0x08000445   Thumb Code     0  libspace.o(.text)
    __user_perthread_libspace                0x08000445   Thumb Code     0  libspace.o(.text)
    _sys_exit                                0x0800044d   Thumb Code     8  sys_exit.o(.text)
    __I$use$semihosting                      0x08000459   Thumb Code     0  use_no_semi.o(.text)
    __use_no_semihosting_swi                 0x08000459   Thumb Code     2  use_no_semi.o(.text)
    BusFault_Handler                         0x0800045b   Thumb Code     2  stm32f1xx_it.o(i.BusFault_Handler)
    __semihosting_library_function           0x0800045b   Thumb Code     0  indicate_semi.o(.text)
    CAN_Send_Message                         0x0800045d   Thumb Code    80  can.o(i.CAN_Send_Message)
    Chassis                                  0x080004b1   Thumb Code   106  freertos.o(i.Chassis)
    DMA1_Channel6_IRQHandler                 0x0800052d   Thumb Code     6  stm32f1xx_it.o(i.DMA1_Channel6_IRQHandler)
    DMA1_Channel7_IRQHandler                 0x08000539   Thumb Code     6  stm32f1xx_it.o(i.DMA1_Channel7_IRQHandler)
    DebugMon_Handler                         0x0800056f   Thumb Code     2  stm32f1xx_it.o(i.DebugMon_Handler)
    Error_Handler                            0x08000571   Thumb Code     4  main.o(i.Error_Handler)
    Gary_Read_8OC                            0x08000575   Thumb Code    44  grayscale_sensor.o(i.Gary_Read_8OC)
    Get_Velocity                             0x080005a5   Thumb Code    20  motor.o(i.Get_Velocity)
    Gimbal                                   0x080005bd   Thumb Code    34  freertos.o(i.Gimbal)
    HAL_CAN_AddTxMessage                     0x080005df   Thumb Code   188  stm32f1xx_hal_can.o(i.HAL_CAN_AddTxMessage)
    HAL_CAN_ConfigFilter                     0x0800069d   Thumb Code   238  stm32f1xx_hal_can.o(i.HAL_CAN_ConfigFilter)
    HAL_CAN_GetRxMessage                     0x0800078b   Thumb Code   244  stm32f1xx_hal_can.o(i.HAL_CAN_GetRxMessage)
    HAL_CAN_Init                             0x0800087f   Thumb Code   282  stm32f1xx_hal_can.o(i.HAL_CAN_Init)
    HAL_CAN_MspInit                          0x08000999   Thumb Code   124  can.o(i.HAL_CAN_MspInit)
    HAL_CAN_Start                            0x08000a25   Thumb Code    88  stm32f1xx_hal_can.o(i.HAL_CAN_Start)
    HAL_DMA_Abort                            0x08000a7d   Thumb Code    70  stm32f1xx_hal_dma.o(i.HAL_DMA_Abort)
    HAL_DMA_IRQHandler                       0x08000ac5   Thumb Code   552  stm32f1xx_hal_dma.o(i.HAL_DMA_IRQHandler)
    HAL_DMA_Init                             0x08000d0d   Thumb Code   112  stm32f1xx_hal_dma.o(i.HAL_DMA_Init)
    HAL_DMA_Start_IT                         0x08000d89   Thumb Code   112  stm32f1xx_hal_dma.o(i.HAL_DMA_Start_IT)
    HAL_Delay                                0x08000df9   Thumb Code    32  stm32f1xx_hal.o(i.HAL_Delay)
    HAL_GPIO_Init                            0x08000e1d   Thumb Code   462  stm32f1xx_hal_gpio.o(i.HAL_GPIO_Init)
    HAL_GPIO_WritePin                        0x08001015   Thumb Code    10  stm32f1xx_hal_gpio.o(i.HAL_GPIO_WritePin)
    HAL_GetTick                              0x08001021   Thumb Code     6  stm32f1xx_hal.o(i.HAL_GetTick)
    HAL_I2C_Init                             0x0800102d   Thumb Code   376  stm32f1xx_hal_i2c.o(i.HAL_I2C_Init)
    HAL_I2C_Master_Receive                   0x080011b5   Thumb Code   576  stm32f1xx_hal_i2c.o(i.HAL_I2C_Master_Receive)
    HAL_I2C_Master_Transmit                  0x08001405   Thumb Code   290  stm32f1xx_hal_i2c.o(i.HAL_I2C_Master_Transmit)
    HAL_I2C_MspInit                          0x08001531   Thumb Code   148  i2c.o(i.HAL_I2C_MspInit)
    HAL_IncTick                              0x080015d9   Thumb Code    12  stm32f1xx_hal.o(i.HAL_IncTick)
    HAL_Init                                 0x080015e9   Thumb Code    32  stm32f1xx_hal.o(i.HAL_Init)
    HAL_InitTick                             0x0800160d   Thumb Code    54  stm32f1xx_hal.o(i.HAL_InitTick)
    HAL_MspInit                              0x0800164d   Thumb Code    62  stm32f1xx_hal_msp.o(i.HAL_MspInit)
    HAL_NVIC_EnableIRQ                       0x08001695   Thumb Code    26  stm32f1xx_hal_cortex.o(i.HAL_NVIC_EnableIRQ)
    HAL_NVIC_SetPriority                     0x080016b1   Thumb Code    60  stm32f1xx_hal_cortex.o(i.HAL_NVIC_SetPriority)
    HAL_NVIC_SetPriorityGrouping             0x080016f1   Thumb Code    26  stm32f1xx_hal_cortex.o(i.HAL_NVIC_SetPriorityGrouping)
    HAL_PWR_EnableBkUpAccess                 0x08001715   Thumb Code     8  stm32f1xx_hal_pwr.o(i.HAL_PWR_EnableBkUpAccess)
    HAL_RCCEx_GetPeriphCLKFreq               0x08001721   Thumb Code   166  stm32f1xx_hal_rcc_ex.o(i.HAL_RCCEx_GetPeriphCLKFreq)
    HAL_RCCEx_PeriphCLKConfig                0x080017d9   Thumb Code   224  stm32f1xx_hal_rcc_ex.o(i.HAL_RCCEx_PeriphCLKConfig)
    HAL_RCC_ClockConfig                      0x080018c5   Thumb Code   280  stm32f1xx_hal_rcc.o(i.HAL_RCC_ClockConfig)
    HAL_RCC_GetPCLK1Freq                     0x080019f1   Thumb Code    20  stm32f1xx_hal_rcc.o(i.HAL_RCC_GetPCLK1Freq)
    HAL_RCC_GetPCLK2Freq                     0x08001a11   Thumb Code    20  stm32f1xx_hal_rcc.o(i.HAL_RCC_GetPCLK2Freq)
    HAL_RCC_GetSysClockFreq                  0x08001a31   Thumb Code    58  stm32f1xx_hal_rcc.o(i.HAL_RCC_GetSysClockFreq)
    HAL_RCC_OscConfig                        0x08001a7d   Thumb Code   778  stm32f1xx_hal_rcc.o(i.HAL_RCC_OscConfig)
    HAL_RTC_Init                             0x08001d9d   Thumb Code   144  stm32f1xx_hal_rtc.o(i.HAL_RTC_Init)
    HAL_RTC_MspInit                          0x08001e31   Thumb Code    40  rtc.o(i.HAL_RTC_MspInit)
    HAL_RTC_WaitForSynchro                   0x08001e65   Thumb Code    58  stm32f1xx_hal_rtc.o(i.HAL_RTC_WaitForSynchro)
    HAL_SYSTICK_Config                       0x08001e9f   Thumb Code    40  stm32f1xx_hal_cortex.o(i.HAL_SYSTICK_Config)
    HAL_TIMEx_ConfigBreakDeadTime            0x08001ec7   Thumb Code    84  stm32f1xx_hal_tim_ex.o(i.HAL_TIMEx_ConfigBreakDeadTime)
    HAL_TIMEx_MasterConfigSynchronization    0x08001f1d   Thumb Code   104  stm32f1xx_hal_tim_ex.o(i.HAL_TIMEx_MasterConfigSynchronization)
    HAL_TIM_Base_Init                        0x08001f99   Thumb Code    90  stm32f1xx_hal_tim.o(i.HAL_TIM_Base_Init)
    HAL_TIM_Base_MspInit                     0x08001ff5   Thumb Code    72  tim.o(i.HAL_TIM_Base_MspInit)
    HAL_TIM_Base_Start_IT                    0x08002049   Thumb Code    88  stm32f1xx_hal_tim.o(i.HAL_TIM_Base_Start_IT)
    HAL_TIM_ConfigClockSource                0x080020b5   Thumb Code   220  stm32f1xx_hal_tim.o(i.HAL_TIM_ConfigClockSource)
    HAL_TIM_Encoder_Init                     0x08002191   Thumb Code   164  stm32f1xx_hal_tim.o(i.HAL_TIM_Encoder_Init)
    HAL_TIM_Encoder_MspInit                  0x08002235   Thumb Code   354  tim.o(i.HAL_TIM_Encoder_MspInit)
    HAL_TIM_Encoder_Start                    0x080023b5   Thumb Code   142  stm32f1xx_hal_tim.o(i.HAL_TIM_Encoder_Start)
    HAL_TIM_MspPostInit                      0x08002445   Thumb Code    64  tim.o(i.HAL_TIM_MspPostInit)
    HAL_TIM_PWM_ConfigChannel                0x08002491   Thumb Code   204  stm32f1xx_hal_tim.o(i.HAL_TIM_PWM_ConfigChannel)
    HAL_TIM_PWM_Init                         0x0800255d   Thumb Code    90  stm32f1xx_hal_tim.o(i.HAL_TIM_PWM_Init)
    HAL_TIM_PWM_MspInit                      0x080025b7   Thumb Code     2  stm32f1xx_hal_tim.o(i.HAL_TIM_PWM_MspInit)
    HAL_TIM_PWM_Start                        0x080025b9   Thumb Code   160  stm32f1xx_hal_tim.o(i.HAL_TIM_PWM_Start)
    HAL_UARTEx_RxEventCallback               0x0800266d   Thumb Code     2  stm32f1xx_hal_uart.o(i.HAL_UARTEx_RxEventCallback)
    HAL_UART_DMAStop                         0x0800266f   Thumb Code   112  stm32f1xx_hal_uart.o(i.HAL_UART_DMAStop)
    HAL_UART_ErrorCallback                   0x080026df   Thumb Code     2  stm32f1xx_hal_uart.o(i.HAL_UART_ErrorCallback)
    HAL_UART_Init                            0x080026e1   Thumb Code   100  stm32f1xx_hal_uart.o(i.HAL_UART_Init)
    HAL_UART_MspInit                         0x08002745   Thumb Code   302  usart.o(i.HAL_UART_MspInit)
    HAL_UART_Receive_DMA                     0x08002895   Thumb Code    28  stm32f1xx_hal_uart.o(i.HAL_UART_Receive_DMA)
    HAL_UART_RxCpltCallback                  0x080028b1   Thumb Code     2  stm32f1xx_hal_uart.o(i.HAL_UART_RxCpltCallback)
    HAL_UART_RxHalfCpltCallback              0x080028b3   Thumb Code     2  stm32f1xx_hal_uart.o(i.HAL_UART_RxHalfCpltCallback)
    HardFault_Handler                        0x080028b5   Thumb Code     2  stm32f1xx_it.o(i.HardFault_Handler)
    IMU_MesReceive                           0x08002cd7   Thumb Code    50  comm.o(i.IMU_MesReceive)
    Info_Update                              0x08002d09   Thumb Code    14  freertos.o(i.Info_Update)
    LocationPID_Process                      0x08002d1d   Thumb Code   124  pid.o(i.LocationPID_Process)
    MX_CAN_Init                              0x08002d99   Thumb Code    96  can.o(i.MX_CAN_Init)
    MX_DMA_Init                              0x08002e01   Thumb Code    56  dma.o(i.MX_DMA_Init)
    MX_FREERTOS_Init                         0x08002e3d   Thumb Code    74  freertos.o(i.MX_FREERTOS_Init)
    MX_GPIO_Init                             0x08002e91   Thumb Code   158  gpio.o(i.MX_GPIO_Init)
    MX_I2C1_Init                             0x08002f3d   Thumb Code    50  i2c.o(i.MX_I2C1_Init)
    MX_I2C2_Init                             0x08002f7d   Thumb Code    50  i2c.o(i.MX_I2C2_Init)
    MX_RTC_Init                              0x08002fbd   Thumb Code    38  rtc.o(i.MX_RTC_Init)
    MX_TIM1_Init                             0x08002fed   Thumb Code   100  tim.o(i.MX_TIM1_Init)
    MX_TIM2_Init                             0x08003059   Thumb Code   100  tim.o(i.MX_TIM2_Init)
    MX_TIM3_Init                             0x080030c1   Thumb Code   114  tim.o(i.MX_TIM3_Init)
    MX_TIM5_Init                             0x0800313d   Thumb Code    98  tim.o(i.MX_TIM5_Init)
    MX_TIM6_Init                             0x080031a9   Thumb Code    62  tim.o(i.MX_TIM6_Init)
    MX_TIM8_Init                             0x080031f1   Thumb Code   240  tim.o(i.MX_TIM8_Init)
    MX_USART1_UART_Init                      0x080032e9   Thumb Code    48  usart.o(i.MX_USART1_UART_Init)
    MX_USART2_UART_Init                      0x08003321   Thumb Code    54  usart.o(i.MX_USART2_UART_Init)
    MemManage_Handler                        0x08003361   Thumb Code     2  stm32f1xx_it.o(i.MemManage_Handler)
    Message_buffer                           0x08003365   Thumb Code   220  can.o(i.Message_buffer)
    MotorData_Process                        0x08003445   Thumb Code    42  motor.o(i.MotorData_Process)
    Motor_Output                             0x08003471   Thumb Code   212  motor.o(i.Motor_Output)
    NMI_Handler                              0x0800354d   Thumb Code     2  stm32f1xx_it.o(i.NMI_Handler)
    PID_Init                                 0x0800354f   Thumb Code    22  pid.o(i.PID_Init)
    PID_LimitMax                             0x08003565   Thumb Code    36  pid.o(i.PID_LimitMax)
    Positive_Inversion                       0x08003589   Thumb Code   136  motor.o(i.Positive_Inversion)
    Read_Encoder                             0x08003683   Thumb Code    22  motor.o(i.Read_Encoder)
    SpeedPID_Process                         0x08003699   Thumb Code   116  pid.o(i.SpeedPID_Process)
    SysTick_Handler                          0x0800370d   Thumb Code    24  stm32f1xx_it.o(i.SysTick_Handler)
    SystemClock_Config                       0x08003725   Thumb Code   128  main.o(i.SystemClock_Config)
    SystemInit                               0x080037a5   Thumb Code     2  system_stm32f1xx.o(i.SystemInit)
    TIM1_UP_IRQHandler                       0x080037a7   Thumb Code     2  stm32f1xx_it.o(i.TIM1_UP_IRQHandler)
    TIM2_IRQHandler                          0x080037a9   Thumb Code     2  stm32f1xx_it.o(i.TIM2_IRQHandler)
    TIM3_IRQHandler                          0x080037ad   Thumb Code    14  stm32f1xx_it.o(i.TIM3_IRQHandler)
    TIM5_IRQHandler                          0x080037c1   Thumb Code    14  stm32f1xx_it.o(i.TIM5_IRQHandler)
    TIM6_IRQHandler                          0x080037d5   Thumb Code    50  stm32f1xx_it.o(i.TIM6_IRQHandler)
    TIM_Base_SetConfig                       0x08003819   Thumb Code   120  stm32f1xx_hal_tim.o(i.TIM_Base_SetConfig)
    TIM_CCxChannelCmd                        0x080038a5   Thumb Code    26  stm32f1xx_hal_tim.o(i.TIM_CCxChannelCmd)
    TIM_ETR_SetConfig                        0x080038bf   Thumb Code    20  stm32f1xx_hal_tim.o(i.TIM_ETR_SetConfig)
    TIM_OC2_SetConfig                        0x08003945   Thumb Code    98  stm32f1xx_hal_tim.o(i.TIM_OC2_SetConfig)
    Turn_90_chack                            0x08003ab1   Thumb Code   150  chassis_ctrl.o(i.Turn_90_chack)
    UART_Start_Receive_DMA                   0x08003d61   Thumb Code   130  stm32f1xx_hal_uart.o(i.UART_Start_Receive_DMA)
    USART1_IRQHandler                        0x08003df1   Thumb Code     2  stm32f1xx_it.o(i.USART1_IRQHandler)
    USART2_IRQHandler                        0x08003df5   Thumb Code    42  stm32f1xx_it.o(i.USART2_IRQHandler)
    USB_LP_CAN1_RX0_IRQHandler               0x08003e29   Thumb Code    46  stm32f1xx_it.o(i.USB_LP_CAN1_RX0_IRQHandler)
    UsageFault_Handler                       0x08003e71   Thumb Code     2  stm32f1xx_it.o(i.UsageFault_Handler)
    crossroad                                0x08003e95   Thumb Code   216  chassis_ctrl.o(i.crossroad)
    main                                     0x08003f75   Thumb Code   164  main.o(i.main)
    osDelay                                  0x08004051   Thumb Code    14  cmsis_os.o(i.osDelay)
    osKernelStart                            0x0800405f   Thumb Code    10  cmsis_os.o(i.osKernelStart)
    osThreadCreate                           0x08004069   Thumb Code    84  cmsis_os.o(i.osThreadCreate)
    pvPortMalloc                             0x080047e9   Thumb Code   210  heap_4.o(i.pvPortMalloc)
    pxPortInitialiseStack                    0x080048c1   Thumb Code    32  port.o(i.pxPortInitialiseStack)
    uxListRemove                             0x080048e5   Thumb Code    38  list.o(i.uxListRemove)
    vApplicationGetIdleTaskMemory            0x0800490d   Thumb Code    16  freertos.o(i.vApplicationGetIdleTaskMemory)
    vApplicationGetTimerTaskMemory           0x08004921   Thumb Code    18  freertos.o(i.vApplicationGetTimerTaskMemory)
    vListInitialise                          0x08004939   Thumb Code    22  list.o(i.vListInitialise)
    vListInitialiseItem                      0x0800494f   Thumb Code     6  list.o(i.vListInitialiseItem)
    vListInsert                              0x08004955   Thumb Code    48  list.o(i.vListInsert)
    vListInsertEnd                           0x08004985   Thumb Code    24  list.o(i.vListInsertEnd)
    vPortEnterCritical                       0x0800499d   Thumb Code    54  port.o(i.vPortEnterCritical)
    vPortExitCritical                        0x080049dd   Thumb Code    34  port.o(i.vPortExitCritical)
    vPortFree                                0x08004a05   Thumb Code    88  heap_4.o(i.vPortFree)
    vPortSetupTimerInterrupt                 0x08004a61   Thumb Code    32  port.o(i.vPortSetupTimerInterrupt)
    vPortValidateInterruptPriority           0x08004a85   Thumb Code    74  port.o(i.vPortValidateInterruptPriority)
    vQueueAddToRegistry                      0x08004ad9   Thumb Code    34  queue.o(i.vQueueAddToRegistry)
    vQueueWaitForMessageRestricted           0x08004b01   Thumb Code    68  queue.o(i.vQueueWaitForMessageRestricted)
    vTaskDelay                               0x08004b45   Thumb Code    66  tasks.o(i.vTaskDelay)
    vTaskInternalSetTimeOutState             0x08004b91   Thumb Code    12  tasks.o(i.vTaskInternalSetTimeOutState)
    vTaskMissedYield                         0x08004ba1   Thumb Code     8  tasks.o(i.vTaskMissedYield)
    vTaskPlaceOnEventList                    0x08004bad   Thumb Code    44  tasks.o(i.vTaskPlaceOnEventList)
    vTaskPlaceOnEventListRestricted          0x08004bdd   Thumb Code    52  tasks.o(i.vTaskPlaceOnEventListRestricted)
    vTaskStartScheduler                      0x08004c15   Thumb Code   118  tasks.o(i.vTaskStartScheduler)
    vTaskSuspendAll                          0x08004c9d   Thumb Code    10  tasks.o(i.vTaskSuspendAll)
    vTaskSwitchContext                       0x08004cad   Thumb Code    82  tasks.o(i.vTaskSwitchContext)
    xPortStartScheduler                      0x08004d09   Thumb Code   154  port.o(i.xPortStartScheduler)
    xPortSysTickHandler                      0x08004db1   Thumb Code    38  port.o(i.xPortSysTickHandler)
    xQueueGenericCreateStatic                0x08004ddd   Thumb Code   102  queue.o(i.xQueueGenericCreateStatic)
    xQueueGenericReset                       0x08004e45   Thumb Code   132  queue.o(i.xQueueGenericReset)
    xQueueGenericSend                        0x08004ecd   Thumb Code   346  queue.o(i.xQueueGenericSend)
    xQueueGenericSendFromISR                 0x0800502d   Thumb Code   188  queue.o(i.xQueueGenericSendFromISR)
    xQueueReceive                            0x080050e9   Thumb Code   308  queue.o(i.xQueueReceive)
    xTaskCheckForTimeOut                     0x08005221   Thumb Code   112  tasks.o(i.xTaskCheckForTimeOut)
    xTaskCreate                              0x08005295   Thumb Code    90  tasks.o(i.xTaskCreate)
    xTaskCreateStatic                        0x080052ef   Thumb Code    86  tasks.o(i.xTaskCreateStatic)
    xTaskGetSchedulerState                   0x08005345   Thumb Code    22  tasks.o(i.xTaskGetSchedulerState)
    xTaskGetTickCount                        0x08005361   Thumb Code     6  tasks.o(i.xTaskGetTickCount)
    xTaskIncrementTick                       0x0800536d   Thumb Code   192  tasks.o(i.xTaskIncrementTick)
    xTaskPriorityDisinherit                  0x08005435   Thumb Code   144  tasks.o(i.xTaskPriorityDisinherit)
    xTaskRemoveFromEventList                 0x080054cd   Thumb Code   108  tasks.o(i.xTaskRemoveFromEventList)
    xTaskResumeAll                           0x08005541   Thumb Code   182  tasks.o(i.xTaskResumeAll)
    xTimerCreateTimerTask                    0x08005605   Thumb Code    78  timers.o(i.xTimerCreateTimerTask)
    xTimerGenericCommand                     0x08005665   Thumb Code    92  timers.o(i.xTimerGenericCommand)
    __aeabi_fadd                             0x080056c5   Thumb Code     0  faddsub_clz.o(x$fpl$fadd)
    _fadd                                    0x080056c5   Thumb Code   196  faddsub_clz.o(x$fpl$fadd)
    __fpl_fcmp_Inf                           0x08005789   Thumb Code    24  fcmpi.o(x$fpl$fcmpinf)
    __aeabi_fdiv                             0x080057a1   Thumb Code     0  fdiv.o(x$fpl$fdiv)
    _fdiv                                    0x080057a1   Thumb Code   384  fdiv.o(x$fpl$fdiv)
    __aeabi_f2iz                             0x08005925   Thumb Code     0  ffix.o(x$fpl$ffix)
    _ffix                                    0x08005925   Thumb Code    54  ffix.o(x$fpl$ffix)
    __aeabi_f2uiz                            0x0800595d   Thumb Code     0  ffixu.o(x$fpl$ffixu)
    _ffixu                                   0x0800595d   Thumb Code    62  ffixu.o(x$fpl$ffixu)
    __aeabi_i2f                              0x0800599d   Thumb Code     0  fflt_clz.o(x$fpl$fflt)
    _fflt                                    0x0800599d   Thumb Code    48  fflt_clz.o(x$fpl$fflt)
    __aeabi_cfcmple                          0x080059cd   Thumb Code     0  fleqf.o(x$fpl$fleqf)
    _fcmple                                  0x080059cd   Thumb Code   104  fleqf.o(x$fpl$fleqf)
    __fpl_fcmple_InfNaN                      0x08005a1f   Thumb Code     0  fleqf.o(x$fpl$fleqf)
    __aeabi_fmul                             0x08005a35   Thumb Code     0  fmul.o(x$fpl$fmul)
    _fmul                                    0x08005a35   Thumb Code   258  fmul.o(x$fpl$fmul)
    __fpl_fnaninf                            0x08005b37   Thumb Code   140  fnaninf.o(x$fpl$fnaninf)
    __fpl_fretinf                            0x08005bc3   Thumb Code    10  fretinf.o(x$fpl$fretinf)
    __aeabi_cfrcmple                         0x08005bcd   Thumb Code     0  frleqf.o(x$fpl$frleqf)
    _frcmple                                 0x08005bcd   Thumb Code    98  frleqf.o(x$fpl$frleqf)
    __aeabi_fsub                             0x08005c31   Thumb Code     0  faddsub_clz.o(x$fpl$fsub)
    _fsub                                    0x08005c31   Thumb Code   234  faddsub_clz.o(x$fpl$fsub)
    __I$use$fp                               0x08005d1a   Number         0  usenofp.o(x$fpl$usenofp)
    AHBPrescTable                            0x08005d94   Data          16  system_stm32f1xx.o(.constdata)
    APBPrescTable                            0x08005da4   Data           8  system_stm32f1xx.o(.constdata)
    Region$$Table$$Base                      0x08005dd0   Number         0  anon$$obj.o(Region$$Table)
    Region$$Table$$Limit                     0x08005df0   Number         0  anon$$obj.o(Region$$Table)
    ChassisTaskHandle                        0x20000000   Data           4  freertos.o(.data)
    GimbalTaskHandle                         0x20000004   Data           4  freertos.o(.data)
    InfoTaskHandle                           0x20000008   Data           4  freertos.o(.data)
    uwTickFreq                               0x20000010   Data           1  stm32f1xx_hal.o(.data)
    uwTickPrio                               0x20000014   Data           4  stm32f1xx_hal.o(.data)
    uwTick                                   0x20000018   Data           4  stm32f1xx_hal.o(.data)
    SystemCoreClock                          0x2000001c   Data           4  system_stm32f1xx.o(.data)
    pxCurrentTCB                             0x20000020   Data           4  tasks.o(.data)
    Receive                                  0x20000094   Data          16  main.o(.bss)
    Gary_1                                   0x200000a4   Data         140  main.o(.bss)
    RxMessage                                0x200007d8   Data          28  can.o(.bss)
    hcan                                     0x200007f4   Data          40  can.o(.bss)
    hi2c1                                    0x2000081c   Data          84  i2c.o(.bss)
    hi2c2                                    0x20000870   Data          84  i2c.o(.bss)
    hrtc                                     0x200008c4   Data          20  rtc.o(.bss)
    htim1                                    0x200008d8   Data          72  tim.o(.bss)
    htim2                                    0x20000920   Data          72  tim.o(.bss)
    htim3                                    0x20000968   Data          72  tim.o(.bss)
    htim5                                    0x200009b0   Data          72  tim.o(.bss)
    htim6                                    0x200009f8   Data          72  tim.o(.bss)
    htim8                                    0x20000a40   Data          72  tim.o(.bss)
    huart1                                   0x20000a88   Data          72  usart.o(.bss)
    huart2                                   0x20000ad0   Data          72  usart.o(.bss)
    hdma_usart2_rx                           0x20000b18   Data          68  usart.o(.bss)
    hdma_usart2_tx                           0x20000b5c   Data          68  usart.o(.bss)
    can_data                                 0x20000ba0   Data         128  stm32f1xx_it.o(.bss)
    Motor                                    0x20000c20   Data          32  motor.o(.bss)
    M3508                                    0x20000c40   Data          64  motor.o(.bss)
    Chassis_PID                              0x20000c80   Data          32  pid.o(.bss)
    Location_PID                             0x20000ca0   Data          32  pid.o(.bss)
    BMI088                                   0x20000cc0   Data          14  comm.o(.bss)
    xQueueRegistry                           0x20000cd0   Data          64  queue.o(.bss)
    __libspace_start                         0x20001ae8   Data          96  libspace.o(.bss)
    __temporary_stack_top$libspace           0x20001b48   Data           0  libspace.o(.bss)



==============================================================================

Memory Map of the image

  Image Entry point : 0x08000131

  Load Region LR_IROM1 (Base: 0x08000000, Size: 0x00005e84, Max: 0x00040000, ABSOLUTE)

    Execution Region ER_IROM1 (Exec base: 0x08000000, Load base: 0x08000000, Size: 0x00005df0, Max: 0x00040000, ABSOLUTE)

    Exec Addr    Load Addr    Size         Type   Attr      Idx    E Section Name        Object

    0x08000000   0x08000000   0x00000130   Data   RO            3    RESET               startup_stm32f103xe.o
    0x08000130   0x08000130   0x00000008   Code   RO         5748  * !!!main             c_w.l(__main.o)
    0x08000138   0x08000138   0x00000034   Code   RO         5944    !!!scatter          c_w.l(__scatter.o)
    0x0800016c   0x0800016c   0x0000001a   Code   RO         5946    !!handler_copy      c_w.l(__scatter_copy.o)
    0x08000186   0x08000186   0x00000002   PAD
    0x08000188   0x08000188   0x0000001c   Code   RO         5948    !!handler_zi        c_w.l(__scatter_zi.o)
    0x080001a4   0x080001a4   0x00000002   Code   RO         5814    .ARM.Collect$$libinit$$00000000  c_w.l(libinit.o)
    0x080001a6   0x080001a6   0x00000000   Code   RO         5821    .ARM.Collect$$libinit$$00000002  c_w.l(libinit2.o)
    0x080001a6   0x080001a6   0x00000000   Code   RO         5823    .ARM.Collect$$libinit$$00000004  c_w.l(libinit2.o)
    0x080001a6   0x080001a6   0x00000000   Code   RO         5826    .ARM.Collect$$libinit$$0000000A  c_w.l(libinit2.o)
    0x080001a6   0x080001a6   0x00000000   Code   RO         5828    .ARM.Collect$$libinit$$0000000C  c_w.l(libinit2.o)
    0x080001a6   0x080001a6   0x00000000   Code   RO         5830    .ARM.Collect$$libinit$$0000000E  c_w.l(libinit2.o)
    0x080001a6   0x080001a6   0x00000000   Code   RO         5833    .ARM.Collect$$libinit$$00000011  c_w.l(libinit2.o)
    0x080001a6   0x080001a6   0x00000000   Code   RO         5835    .ARM.Collect$$libinit$$00000013  c_w.l(libinit2.o)
    0x080001a6   0x080001a6   0x00000000   Code   RO         5837    .ARM.Collect$$libinit$$00000015  c_w.l(libinit2.o)
    0x080001a6   0x080001a6   0x00000000   Code   RO         5839    .ARM.Collect$$libinit$$00000017  c_w.l(libinit2.o)
    0x080001a6   0x080001a6   0x00000000   Code   RO         5841    .ARM.Collect$$libinit$$00000019  c_w.l(libinit2.o)
    0x080001a6   0x080001a6   0x00000000   Code   RO         5843    .ARM.Collect$$libinit$$0000001B  c_w.l(libinit2.o)
    0x080001a6   0x080001a6   0x00000000   Code   RO         5845    .ARM.Collect$$libinit$$0000001D  c_w.l(libinit2.o)
    0x080001a6   0x080001a6   0x00000000   Code   RO         5847    .ARM.Collect$$libinit$$0000001F  c_w.l(libinit2.o)
    0x080001a6   0x080001a6   0x00000000   Code   RO         5849    .ARM.Collect$$libinit$$00000021  c_w.l(libinit2.o)
    0x080001a6   0x080001a6   0x00000000   Code   RO         5851    .ARM.Collect$$libinit$$00000023  c_w.l(libinit2.o)
    0x080001a6   0x080001a6   0x00000000   Code   RO         5853    .ARM.Collect$$libinit$$00000025  c_w.l(libinit2.o)
    0x080001a6   0x080001a6   0x00000000   Code   RO         5857    .ARM.Collect$$libinit$$0000002C  c_w.l(libinit2.o)
    0x080001a6   0x080001a6   0x00000000   Code   RO         5859    .ARM.Collect$$libinit$$0000002E  c_w.l(libinit2.o)
    0x080001a6   0x080001a6   0x00000000   Code   RO         5861    .ARM.Collect$$libinit$$00000030  c_w.l(libinit2.o)
    0x080001a6   0x080001a6   0x00000000   Code   RO         5863    .ARM.Collect$$libinit$$00000032  c_w.l(libinit2.o)
    0x080001a6   0x080001a6   0x00000002   Code   RO         5864    .ARM.Collect$$libinit$$00000033  c_w.l(libinit2.o)
    0x080001a8   0x080001a8   0x00000002   Code   RO         5884    .ARM.Collect$$libshutdown$$00000000  c_w.l(libshutdown.o)
    0x080001aa   0x080001aa   0x00000000   Code   RO         5897    .ARM.Collect$$libshutdown$$00000002  c_w.l(libshutdown2.o)
    0x080001aa   0x080001aa   0x00000000   Code   RO         5899    .ARM.Collect$$libshutdown$$00000004  c_w.l(libshutdown2.o)
    0x080001aa   0x080001aa   0x00000000   Code   RO         5902    .ARM.Collect$$libshutdown$$00000007  c_w.l(libshutdown2.o)
    0x080001aa   0x080001aa   0x00000000   Code   RO         5905    .ARM.Collect$$libshutdown$$0000000A  c_w.l(libshutdown2.o)
    0x080001aa   0x080001aa   0x00000000   Code   RO         5907    .ARM.Collect$$libshutdown$$0000000C  c_w.l(libshutdown2.o)
    0x080001aa   0x080001aa   0x00000000   Code   RO         5910    .ARM.Collect$$libshutdown$$0000000F  c_w.l(libshutdown2.o)
    0x080001aa   0x080001aa   0x00000002   Code   RO         5911    .ARM.Collect$$libshutdown$$00000010  c_w.l(libshutdown2.o)
    0x080001ac   0x080001ac   0x00000000   Code   RO         5778    .ARM.Collect$$rtentry$$00000000  c_w.l(__rtentry.o)
    0x080001ac   0x080001ac   0x00000000   Code   RO         5789    .ARM.Collect$$rtentry$$00000002  c_w.l(__rtentry2.o)
    0x080001ac   0x080001ac   0x00000006   Code   RO         5801    .ARM.Collect$$rtentry$$00000004  c_w.l(__rtentry4.o)
    0x080001b2   0x080001b2   0x00000000   Code   RO         5791    .ARM.Collect$$rtentry$$00000009  c_w.l(__rtentry2.o)
    0x080001b2   0x080001b2   0x00000004   Code   RO         5792    .ARM.Collect$$rtentry$$0000000A  c_w.l(__rtentry2.o)
    0x080001b6   0x080001b6   0x00000000   Code   RO         5794    .ARM.Collect$$rtentry$$0000000C  c_w.l(__rtentry2.o)
    0x080001b6   0x080001b6   0x00000008   Code   RO         5795    .ARM.Collect$$rtentry$$0000000D  c_w.l(__rtentry2.o)
    0x080001be   0x080001be   0x00000002   Code   RO         5818    .ARM.Collect$$rtexit$$00000000  c_w.l(rtexit.o)
    0x080001c0   0x080001c0   0x00000000   Code   RO         5866    .ARM.Collect$$rtexit$$00000002  c_w.l(rtexit2.o)
    0x080001c0   0x080001c0   0x00000004   Code   RO         5867    .ARM.Collect$$rtexit$$00000003  c_w.l(rtexit2.o)
    0x080001c4   0x080001c4   0x00000006   Code   RO         5868    .ARM.Collect$$rtexit$$00000004  c_w.l(rtexit2.o)
    0x080001ca   0x080001ca   0x00000002   PAD
    0x080001cc   0x080001cc   0x00000096   Code   RO         5657    .emb_text           port.o
    0x08000262   0x08000262   0x00000002   PAD
    0x08000264   0x08000264   0x00000040   Code   RO            4    .text               startup_stm32f103xe.o
    0x080002a4   0x080002a4   0x0000008a   Code   RO         5738    .text               c_w.l(rt_memcpy_v6.o)
    0x0800032e   0x0800032e   0x00000064   Code   RO         5740    .text               c_w.l(rt_memcpy_w.o)
    0x08000392   0x08000392   0x0000004e   Code   RO         5744    .text               c_w.l(rt_memclr_w.o)
    0x080003e0   0x080003e0   0x00000006   Code   RO         5746    .text               c_w.l(heapauxi.o)
    0x080003e6   0x080003e6   0x0000004a   Code   RO         5805    .text               c_w.l(sys_stackheap_outer.o)
    0x08000430   0x08000430   0x00000012   Code   RO         5807    .text               c_w.l(exit.o)
    0x08000442   0x08000442   0x00000002   PAD
    0x08000444   0x08000444   0x00000008   Code   RO         5815    .text               c_w.l(libspace.o)
    0x0800044c   0x0800044c   0x0000000c   Code   RO         5876    .text               c_w.l(sys_exit.o)
    0x08000458   0x08000458   0x00000002   Code   RO         5887    .text               c_w.l(use_no_semi.o)
    0x0800045a   0x0800045a   0x00000000   Code   RO         5889    .text               c_w.l(indicate_semi.o)
    0x0800045a   0x0800045a   0x00000002   Code   RO          670    i.BusFault_Handler  stm32f1xx_it.o
    0x0800045c   0x0800045c   0x00000054   Code   RO          362    i.CAN_Send_Message  can.o
    0x080004b0   0x080004b0   0x0000007c   Code   RO          293    i.Chassis           freertos.o
    0x0800052c   0x0800052c   0x0000000c   Code   RO          671    i.DMA1_Channel6_IRQHandler  stm32f1xx_it.o
    0x08000538   0x08000538   0x0000000c   Code   RO          672    i.DMA1_Channel7_IRQHandler  stm32f1xx_it.o
    0x08000544   0x08000544   0x0000002a   Code   RO         1475    i.DMA_SetConfig     stm32f1xx_hal_dma.o
    0x0800056e   0x0800056e   0x00000002   Code   RO          673    i.DebugMon_Handler  stm32f1xx_it.o
    0x08000570   0x08000570   0x00000004   Code   RO          158    i.Error_Handler     main.o
    0x08000574   0x08000574   0x00000030   Code   RO         4155    i.Gary_Read_8OC     grayscale_sensor.o
    0x080005a4   0x080005a4   0x00000018   Code   RO         4191    i.Get_Velocity      motor.o
    0x080005bc   0x080005bc   0x00000022   Code   RO          294    i.Gimbal            freertos.o
    0x080005de   0x080005de   0x000000bc   Code   RO          863    i.HAL_CAN_AddTxMessage  stm32f1xx_hal_can.o
    0x0800069a   0x0800069a   0x00000002   PAD
    0x0800069c   0x0800069c   0x000000ee   Code   RO          864    i.HAL_CAN_ConfigFilter  stm32f1xx_hal_can.o
    0x0800078a   0x0800078a   0x000000f4   Code   RO          870    i.HAL_CAN_GetRxMessage  stm32f1xx_hal_can.o
    0x0800087e   0x0800087e   0x0000011a   Code   RO          875    i.HAL_CAN_Init      stm32f1xx_hal_can.o
    0x08000998   0x08000998   0x0000008c   Code   RO          364    i.HAL_CAN_MspInit   can.o
    0x08000a24   0x08000a24   0x00000058   Code   RO          887    i.HAL_CAN_Start     stm32f1xx_hal_can.o
    0x08000a7c   0x08000a7c   0x00000046   Code   RO         1476    i.HAL_DMA_Abort     stm32f1xx_hal_dma.o
    0x08000ac2   0x08000ac2   0x00000002   PAD
    0x08000ac4   0x08000ac4   0x00000248   Code   RO         1481    i.HAL_DMA_IRQHandler  stm32f1xx_hal_dma.o
    0x08000d0c   0x08000d0c   0x0000007c   Code   RO         1482    i.HAL_DMA_Init      stm32f1xx_hal_dma.o
    0x08000d88   0x08000d88   0x00000070   Code   RO         1486    i.HAL_DMA_Start_IT  stm32f1xx_hal_dma.o
    0x08000df8   0x08000df8   0x00000024   Code   RO         1102    i.HAL_Delay         stm32f1xx_hal.o
    0x08000e1c   0x08000e1c   0x000001f8   Code   RO         1412    i.HAL_GPIO_Init     stm32f1xx_hal_gpio.o
    0x08001014   0x08001014   0x0000000a   Code   RO         1416    i.HAL_GPIO_WritePin  stm32f1xx_hal_gpio.o
    0x0800101e   0x0800101e   0x00000002   PAD
    0x08001020   0x08001020   0x0000000c   Code   RO         1106    i.HAL_GetTick       stm32f1xx_hal.o
    0x0800102c   0x0800102c   0x00000188   Code   RO         2083    i.HAL_I2C_Init      stm32f1xx_hal_i2c.o
    0x080011b4   0x080011b4   0x00000250   Code   RO         2089    i.HAL_I2C_Master_Receive  stm32f1xx_hal_i2c.o
    0x08001404   0x08001404   0x0000012c   Code   RO         2096    i.HAL_I2C_Master_Transmit  stm32f1xx_hal_i2c.o
    0x08001530   0x08001530   0x000000a8   Code   RO          443    i.HAL_I2C_MspInit   i2c.o
    0x080015d8   0x080015d8   0x00000010   Code   RO         1112    i.HAL_IncTick       stm32f1xx_hal.o
    0x080015e8   0x080015e8   0x00000024   Code   RO         1113    i.HAL_Init          stm32f1xx_hal.o
    0x0800160c   0x0800160c   0x00000040   Code   RO         1114    i.HAL_InitTick      stm32f1xx_hal.o
    0x0800164c   0x0800164c   0x00000048   Code   RO          801    i.HAL_MspInit       stm32f1xx_hal_msp.o
    0x08001694   0x08001694   0x0000001a   Code   RO         1572    i.HAL_NVIC_EnableIRQ  stm32f1xx_hal_cortex.o
    0x080016ae   0x080016ae   0x00000002   PAD
    0x080016b0   0x080016b0   0x00000040   Code   RO         1578    i.HAL_NVIC_SetPriority  stm32f1xx_hal_cortex.o
    0x080016f0   0x080016f0   0x00000024   Code   RO         1579    i.HAL_NVIC_SetPriorityGrouping  stm32f1xx_hal_cortex.o
    0x08001714   0x08001714   0x0000000c   Code   RO         1694    i.HAL_PWR_EnableBkUpAccess  stm32f1xx_hal_pwr.o
    0x08001720   0x08001720   0x000000b8   Code   RO         1373    i.HAL_RCCEx_GetPeriphCLKFreq  stm32f1xx_hal_rcc_ex.o
    0x080017d8   0x080017d8   0x000000ec   Code   RO         1374    i.HAL_RCCEx_PeriphCLKConfig  stm32f1xx_hal_rcc_ex.o
    0x080018c4   0x080018c4   0x0000012c   Code   RO         1270    i.HAL_RCC_ClockConfig  stm32f1xx_hal_rcc.o
    0x080019f0   0x080019f0   0x00000020   Code   RO         1277    i.HAL_RCC_GetPCLK1Freq  stm32f1xx_hal_rcc.o
    0x08001a10   0x08001a10   0x00000020   Code   RO         1278    i.HAL_RCC_GetPCLK2Freq  stm32f1xx_hal_rcc.o
    0x08001a30   0x08001a30   0x0000004c   Code   RO         1279    i.HAL_RCC_GetSysClockFreq  stm32f1xx_hal_rcc.o
    0x08001a7c   0x08001a7c   0x00000320   Code   RO         1282    i.HAL_RCC_OscConfig  stm32f1xx_hal_rcc.o
    0x08001d9c   0x08001d9c   0x00000094   Code   RO         2517    i.HAL_RTC_Init      stm32f1xx_hal_rtc.o
    0x08001e30   0x08001e30   0x00000034   Code   RO          491    i.HAL_RTC_MspInit   rtc.o
    0x08001e64   0x08001e64   0x0000003a   Code   RO         2525    i.HAL_RTC_WaitForSynchro  stm32f1xx_hal_rtc.o
    0x08001e9e   0x08001e9e   0x00000028   Code   RO         1583    i.HAL_SYSTICK_Config  stm32f1xx_hal_cortex.o
    0x08001ec6   0x08001ec6   0x00000054   Code   RO         3490    i.HAL_TIMEx_ConfigBreakDeadTime  stm32f1xx_hal_tim_ex.o
    0x08001f1a   0x08001f1a   0x00000002   PAD
    0x08001f1c   0x08001f1c   0x0000007c   Code   RO         3506    i.HAL_TIMEx_MasterConfigSynchronization  stm32f1xx_hal_tim_ex.o
    0x08001f98   0x08001f98   0x0000005a   Code   RO         2783    i.HAL_TIM_Base_Init  stm32f1xx_hal_tim.o
    0x08001ff2   0x08001ff2   0x00000002   PAD
    0x08001ff4   0x08001ff4   0x00000054   Code   RO          533    i.HAL_TIM_Base_MspInit  tim.o
    0x08002048   0x08002048   0x0000006c   Code   RO         2788    i.HAL_TIM_Base_Start_IT  stm32f1xx_hal_tim.o
    0x080020b4   0x080020b4   0x000000dc   Code   RO         2792    i.HAL_TIM_ConfigClockSource  stm32f1xx_hal_tim.o
    0x08002190   0x08002190   0x000000a4   Code   RO         2804    i.HAL_TIM_Encoder_Init  stm32f1xx_hal_tim.o
    0x08002234   0x08002234   0x00000180   Code   RO          535    i.HAL_TIM_Encoder_MspInit  tim.o
    0x080023b4   0x080023b4   0x0000008e   Code   RO         2807    i.HAL_TIM_Encoder_Start  stm32f1xx_hal_tim.o
    0x08002442   0x08002442   0x00000002   PAD
    0x08002444   0x08002444   0x0000004c   Code   RO          536    i.HAL_TIM_MspPostInit  tim.o
    0x08002490   0x08002490   0x000000cc   Code   RO         2855    i.HAL_TIM_PWM_ConfigChannel  stm32f1xx_hal_tim.o
    0x0800255c   0x0800255c   0x0000005a   Code   RO         2858    i.HAL_TIM_PWM_Init  stm32f1xx_hal_tim.o
    0x080025b6   0x080025b6   0x00000002   Code   RO         2860    i.HAL_TIM_PWM_MspInit  stm32f1xx_hal_tim.o
    0x080025b8   0x080025b8   0x000000b4   Code   RO         2863    i.HAL_TIM_PWM_Start  stm32f1xx_hal_tim.o
    0x0800266c   0x0800266c   0x00000002   Code   RO         3766    i.HAL_UARTEx_RxEventCallback  stm32f1xx_hal_uart.o
    0x0800266e   0x0800266e   0x00000070   Code   RO         3778    i.HAL_UART_DMAStop  stm32f1xx_hal_uart.o
    0x080026de   0x080026de   0x00000002   Code   RO         3780    i.HAL_UART_ErrorCallback  stm32f1xx_hal_uart.o
    0x080026e0   0x080026e0   0x00000064   Code   RO         3784    i.HAL_UART_Init     stm32f1xx_hal_uart.o
    0x08002744   0x08002744   0x00000150   Code   RO          623    i.HAL_UART_MspInit  usart.o
    0x08002894   0x08002894   0x0000001c   Code   RO         3788    i.HAL_UART_Receive_DMA  stm32f1xx_hal_uart.o
    0x080028b0   0x080028b0   0x00000002   Code   RO         3790    i.HAL_UART_RxCpltCallback  stm32f1xx_hal_uart.o
    0x080028b2   0x080028b2   0x00000002   Code   RO         3791    i.HAL_UART_RxHalfCpltCallback  stm32f1xx_hal_uart.o
    0x080028b4   0x080028b4   0x00000002   Code   RO          674    i.HardFault_Handler  stm32f1xx_it.o
    0x080028b6   0x080028b6   0x0000002e   Code   RO         2126    i.I2C_IsAcknowledgeFailed  stm32f1xx_hal_i2c.o
    0x080028e4   0x080028e4   0x000000ec   Code   RO         2129    i.I2C_MasterRequestRead  stm32f1xx_hal_i2c.o
    0x080029d0   0x080029d0   0x0000009c   Code   RO         2130    i.I2C_MasterRequestWrite  stm32f1xx_hal_i2c.o
    0x08002a6c   0x08002a6c   0x00000056   Code   RO         2141    i.I2C_WaitOnBTFFlagUntilTimeout  stm32f1xx_hal_i2c.o
    0x08002ac2   0x08002ac2   0x00000002   PAD
    0x08002ac4   0x08002ac4   0x00000090   Code   RO         2142    i.I2C_WaitOnFlagUntilTimeout  stm32f1xx_hal_i2c.o
    0x08002b54   0x08002b54   0x000000bc   Code   RO         2143    i.I2C_WaitOnMasterAddressFlagUntilTimeout  stm32f1xx_hal_i2c.o
    0x08002c10   0x08002c10   0x00000070   Code   RO         2144    i.I2C_WaitOnRXNEFlagUntilTimeout  stm32f1xx_hal_i2c.o
    0x08002c80   0x08002c80   0x00000056   Code   RO         2145    i.I2C_WaitOnTXEFlagUntilTimeout  stm32f1xx_hal_i2c.o
    0x08002cd6   0x08002cd6   0x00000032   Code   RO         4295    i.IMU_MesReceive    comm.o
    0x08002d08   0x08002d08   0x00000014   Code   RO          295    i.Info_Update       freertos.o
    0x08002d1c   0x08002d1c   0x0000007c   Code   RO         4246    i.LocationPID_Process  pid.o
    0x08002d98   0x08002d98   0x00000068   Code   RO          365    i.MX_CAN_Init       can.o
    0x08002e00   0x08002e00   0x0000003c   Code   RO          418    i.MX_DMA_Init       dma.o
    0x08002e3c   0x08002e3c   0x00000054   Code   RO          296    i.MX_FREERTOS_Init  freertos.o
    0x08002e90   0x08002e90   0x000000ac   Code   RO          269    i.MX_GPIO_Init      gpio.o
    0x08002f3c   0x08002f3c   0x00000040   Code   RO          444    i.MX_I2C1_Init      i2c.o
    0x08002f7c   0x08002f7c   0x00000040   Code   RO          445    i.MX_I2C2_Init      i2c.o
    0x08002fbc   0x08002fbc   0x00000030   Code   RO          492    i.MX_RTC_Init       rtc.o
    0x08002fec   0x08002fec   0x0000006c   Code   RO          537    i.MX_TIM1_Init      tim.o
    0x08003058   0x08003058   0x00000068   Code   RO          538    i.MX_TIM2_Init      tim.o
    0x080030c0   0x080030c0   0x0000007c   Code   RO          539    i.MX_TIM3_Init      tim.o
    0x0800313c   0x0800313c   0x0000006c   Code   RO          540    i.MX_TIM5_Init      tim.o
    0x080031a8   0x080031a8   0x00000048   Code   RO          541    i.MX_TIM6_Init      tim.o
    0x080031f0   0x080031f0   0x000000f8   Code   RO          542    i.MX_TIM8_Init      tim.o
    0x080032e8   0x080032e8   0x00000038   Code   RO          624    i.MX_USART1_UART_Init  usart.o
    0x08003320   0x08003320   0x00000040   Code   RO          625    i.MX_USART2_UART_Init  usart.o
    0x08003360   0x08003360   0x00000002   Code   RO          675    i.MemManage_Handler  stm32f1xx_it.o
    0x08003362   0x08003362   0x00000002   PAD
    0x08003364   0x08003364   0x000000e0   Code   RO          366    i.Message_buffer    can.o
    0x08003444   0x08003444   0x0000002a   Code   RO         4192    i.MotorData_Process  motor.o
    0x0800346e   0x0800346e   0x00000002   PAD
    0x08003470   0x08003470   0x000000dc   Code   RO         4193    i.Motor_Output      motor.o
    0x0800354c   0x0800354c   0x00000002   Code   RO          676    i.NMI_Handler       stm32f1xx_it.o
    0x0800354e   0x0800354e   0x00000016   Code   RO         4247    i.PID_Init          pid.o
    0x08003564   0x08003564   0x00000024   Code   RO         4248    i.PID_LimitMax      pid.o
    0x08003588   0x08003588   0x00000090   Code   RO         4194    i.Positive_Inversion  motor.o
    0x08003618   0x08003618   0x00000034   Code   RO         2529    i.RTC_EnterInitMode  stm32f1xx_hal_rtc.o
    0x0800364c   0x0800364c   0x00000036   Code   RO         2530    i.RTC_ExitInitMode  stm32f1xx_hal_rtc.o
    0x08003682   0x08003682   0x00000016   Code   RO         4195    i.Read_Encoder      motor.o
    0x08003698   0x08003698   0x00000074   Code   RO         4249    i.SpeedPID_Process  pid.o
    0x0800370c   0x0800370c   0x00000018   Code   RO          677    i.SysTick_Handler   stm32f1xx_it.o
    0x08003724   0x08003724   0x00000080   Code   RO          159    i.SystemClock_Config  main.o
    0x080037a4   0x080037a4   0x00000002   Code   RO         4118    i.SystemInit        system_stm32f1xx.o
    0x080037a6   0x080037a6   0x00000002   Code   RO          678    i.TIM1_UP_IRQHandler  stm32f1xx_it.o
    0x080037a8   0x080037a8   0x00000002   Code   RO          679    i.TIM2_IRQHandler   stm32f1xx_it.o
    0x080037aa   0x080037aa   0x00000002   PAD
    0x080037ac   0x080037ac   0x00000014   Code   RO          680    i.TIM3_IRQHandler   stm32f1xx_it.o
    0x080037c0   0x080037c0   0x00000014   Code   RO          681    i.TIM5_IRQHandler   stm32f1xx_it.o
    0x080037d4   0x080037d4   0x00000044   Code   RO          682    i.TIM6_IRQHandler   stm32f1xx_it.o
    0x08003818   0x08003818   0x0000008c   Code   RO         2876    i.TIM_Base_SetConfig  stm32f1xx_hal_tim.o
    0x080038a4   0x080038a4   0x0000001a   Code   RO         2877    i.TIM_CCxChannelCmd  stm32f1xx_hal_tim.o
    0x080038be   0x080038be   0x00000014   Code   RO         2887    i.TIM_ETR_SetConfig  stm32f1xx_hal_tim.o
    0x080038d2   0x080038d2   0x00000010   Code   RO         2888    i.TIM_ITRx_SetConfig  stm32f1xx_hal_tim.o
    0x080038e2   0x080038e2   0x00000002   PAD
    0x080038e4   0x080038e4   0x00000060   Code   RO         2889    i.TIM_OC1_SetConfig  stm32f1xx_hal_tim.o
    0x08003944   0x08003944   0x0000006c   Code   RO         2890    i.TIM_OC2_SetConfig  stm32f1xx_hal_tim.o
    0x080039b0   0x080039b0   0x00000068   Code   RO         2891    i.TIM_OC3_SetConfig  stm32f1xx_hal_tim.o
    0x08003a18   0x08003a18   0x00000050   Code   RO         2892    i.TIM_OC4_SetConfig  stm32f1xx_hal_tim.o
    0x08003a68   0x08003a68   0x00000022   Code   RO         2894    i.TIM_TI1_ConfigInputStage  stm32f1xx_hal_tim.o
    0x08003a8a   0x08003a8a   0x00000024   Code   RO         2896    i.TIM_TI2_ConfigInputStage  stm32f1xx_hal_tim.o
    0x08003aae   0x08003aae   0x00000002   PAD
    0x08003ab0   0x08003ab0   0x000000a0   Code   RO           13    i.Turn_90_chack     chassis_ctrl.o
    0x08003b50   0x08003b50   0x0000004a   Code   RO         3798    i.UART_DMAError     stm32f1xx_hal_uart.o
    0x08003b9a   0x08003b9a   0x00000086   Code   RO         3799    i.UART_DMAReceiveCplt  stm32f1xx_hal_uart.o
    0x08003c20   0x08003c20   0x0000001e   Code   RO         3801    i.UART_DMARxHalfCplt  stm32f1xx_hal_uart.o
    0x08003c3e   0x08003c3e   0x0000004e   Code   RO         3807    i.UART_EndRxTransfer  stm32f1xx_hal_uart.o
    0x08003c8c   0x08003c8c   0x0000001c   Code   RO         3808    i.UART_EndTxTransfer  stm32f1xx_hal_uart.o
    0x08003ca8   0x08003ca8   0x000000b8   Code   RO         3810    i.UART_SetConfig    stm32f1xx_hal_uart.o
    0x08003d60   0x08003d60   0x00000090   Code   RO         3811    i.UART_Start_Receive_DMA  stm32f1xx_hal_uart.o
    0x08003df0   0x08003df0   0x00000002   Code   RO          683    i.USART1_IRQHandler  stm32f1xx_it.o
    0x08003df2   0x08003df2   0x00000002   PAD
    0x08003df4   0x08003df4   0x00000034   Code   RO          684    i.USART2_IRQHandler  stm32f1xx_it.o
    0x08003e28   0x08003e28   0x00000048   Code   RO          685    i.USB_LP_CAN1_RX0_IRQHandler  stm32f1xx_it.o
    0x08003e70   0x08003e70   0x00000002   Code   RO          686    i.UsageFault_Handler  stm32f1xx_it.o
    0x08003e72   0x08003e72   0x00000020   Code   RO         1585    i.__NVIC_SetPriority  stm32f1xx_hal_cortex.o
    0x08003e92   0x08003e92   0x00000002   PAD
    0x08003e94   0x08003e94   0x000000e0   Code   RO           14    i.crossroad         chassis_ctrl.o
    0x08003f74   0x08003f74   0x000000d0   Code   RO          160    i.main              main.o
    0x08004044   0x08004044   0x0000000c   Code   RO         5241    i.makeFreeRtosPriority  cmsis_os.o
    0x08004050   0x08004050   0x0000000e   Code   RO         5243    i.osDelay           cmsis_os.o
    0x0800405e   0x0800405e   0x0000000a   Code   RO         5246    i.osKernelStart     cmsis_os.o
    0x08004068   0x08004068   0x00000054   Code   RO         5280    i.osThreadCreate    cmsis_os.o
    0x080040bc   0x080040bc   0x00000070   Code   RO         4811    i.prvAddCurrentTaskToDelayedList  tasks.o
    0x0800412c   0x0800412c   0x000000d0   Code   RO         4812    i.prvAddNewTaskToReadyList  tasks.o
    0x080041fc   0x080041fc   0x00000058   Code   RO         5110    i.prvCheckForValidListAndQueue  timers.o
    0x08004254   0x08004254   0x00000026   Code   RO         4466    i.prvCopyDataFromQueue  queue.o
    0x0800427a   0x0800427a   0x0000006c   Code   RO         4467    i.prvCopyDataToQueue  queue.o
    0x080042e6   0x080042e6   0x00000034   Code   RO         4813    i.prvDeleteTCB      tasks.o
    0x0800431a   0x0800431a   0x00000002   PAD
    0x0800431c   0x0800431c   0x0000004c   Code   RO         5608    i.prvHeapInit       heap_4.o
    0x08004368   0x08004368   0x00000060   Code   RO         4814    i.prvIdleTask       tasks.o
    0x080043c8   0x080043c8   0x00000016   Code   RO         4469    i.prvInitialiseNewQueue  queue.o
    0x080043de   0x080043de   0x0000008e   Code   RO         4815    i.prvInitialiseNewTask  tasks.o
    0x0800446c   0x0800446c   0x0000004c   Code   RO         5609    i.prvInsertBlockIntoFreeList  heap_4.o
    0x080044b8   0x080044b8   0x00000038   Code   RO         5112    i.prvInsertTimerInActiveList  timers.o
    0x080044f0   0x080044f0   0x0000001c   Code   RO         4470    i.prvIsQueueEmpty   queue.o
    0x0800450c   0x0800450c   0x000000bc   Code   RO         5113    i.prvProcessReceivedCommands  timers.o
    0x080045c8   0x080045c8   0x000000b4   Code   RO         5114    i.prvProcessTimerOrBlockTask  timers.o
    0x0800467c   0x0800467c   0x00000020   Code   RO         4816    i.prvResetNextTaskUnblockTime  tasks.o
    0x0800469c   0x0800469c   0x00000028   Code   RO         5115    i.prvSampleTimeNow  timers.o
    0x080046c4   0x080046c4   0x0000006c   Code   RO         5116    i.prvSwitchTimerLists  timers.o
    0x08004730   0x08004730   0x00000028   Code   RO         5658    i.prvTaskExitError  port.o
    0x08004758   0x08004758   0x00000024   Code   RO         5117    i.prvTimerTask      timers.o
    0x0800477c   0x0800477c   0x0000006a   Code   RO         4471    i.prvUnlockQueue    queue.o
    0x080047e6   0x080047e6   0x00000002   PAD
    0x080047e8   0x080047e8   0x000000d8   Code   RO         5610    i.pvPortMalloc      heap_4.o
    0x080048c0   0x080048c0   0x00000024   Code   RO         5659    i.pxPortInitialiseStack  port.o
    0x080048e4   0x080048e4   0x00000026   Code   RO         4426    i.uxListRemove      list.o
    0x0800490a   0x0800490a   0x00000002   PAD
    0x0800490c   0x0800490c   0x00000014   Code   RO          297    i.vApplicationGetIdleTaskMemory  freertos.o
    0x08004920   0x08004920   0x00000018   Code   RO          298    i.vApplicationGetTimerTaskMemory  freertos.o
    0x08004938   0x08004938   0x00000016   Code   RO         4427    i.vListInitialise   list.o
    0x0800494e   0x0800494e   0x00000006   Code   RO         4428    i.vListInitialiseItem  list.o
    0x08004954   0x08004954   0x00000030   Code   RO         4429    i.vListInsert       list.o
    0x08004984   0x08004984   0x00000018   Code   RO         4430    i.vListInsertEnd    list.o
    0x0800499c   0x0800499c   0x00000040   Code   RO         5661    i.vPortEnterCritical  port.o
    0x080049dc   0x080049dc   0x00000028   Code   RO         5662    i.vPortExitCritical  port.o
    0x08004a04   0x08004a04   0x0000005c   Code   RO         5611    i.vPortFree         heap_4.o
    0x08004a60   0x08004a60   0x00000024   Code   RO         5663    i.vPortSetupTimerInterrupt  port.o
    0x08004a84   0x08004a84   0x00000054   Code   RO         5664    i.vPortValidateInterruptPriority  port.o
    0x08004ad8   0x08004ad8   0x00000028   Code   RO         4475    i.vQueueAddToRegistry  queue.o
    0x08004b00   0x08004b00   0x00000044   Code   RO         4478    i.vQueueWaitForMessageRestricted  queue.o
    0x08004b44   0x08004b44   0x0000004c   Code   RO         4824    i.vTaskDelay        tasks.o
    0x08004b90   0x08004b90   0x00000010   Code   RO         4827    i.vTaskInternalSetTimeOutState  tasks.o
    0x08004ba0   0x08004ba0   0x0000000c   Code   RO         4828    i.vTaskMissedYield  tasks.o
    0x08004bac   0x08004bac   0x00000030   Code   RO         4830    i.vTaskPlaceOnEventList  tasks.o
    0x08004bdc   0x08004bdc   0x00000038   Code   RO         4831    i.vTaskPlaceOnEventListRestricted  tasks.o
    0x08004c14   0x08004c14   0x00000088   Code   RO         4838    i.vTaskStartScheduler  tasks.o
    0x08004c9c   0x08004c9c   0x00000010   Code   RO         4840    i.vTaskSuspendAll   tasks.o
    0x08004cac   0x08004cac   0x0000005c   Code   RO         4841    i.vTaskSwitchContext  tasks.o
    0x08004d08   0x08004d08   0x000000a8   Code   RO         5665    i.xPortStartScheduler  port.o
    0x08004db0   0x08004db0   0x0000002c   Code   RO         5666    i.xPortSysTickHandler  port.o
    0x08004ddc   0x08004ddc   0x00000066   Code   RO         4484    i.xQueueGenericCreateStatic  queue.o
    0x08004e42   0x08004e42   0x00000002   PAD
    0x08004e44   0x08004e44   0x00000088   Code   RO         4485    i.xQueueGenericReset  queue.o
    0x08004ecc   0x08004ecc   0x00000160   Code   RO         4486    i.xQueueGenericSend  queue.o
    0x0800502c   0x0800502c   0x000000bc   Code   RO         4487    i.xQueueGenericSendFromISR  queue.o
    0x080050e8   0x080050e8   0x00000138   Code   RO         4494    i.xQueueReceive     queue.o
    0x08005220   0x08005220   0x00000074   Code   RO         4842    i.xTaskCheckForTimeOut  tasks.o
    0x08005294   0x08005294   0x0000005a   Code   RO         4843    i.xTaskCreate       tasks.o
    0x080052ee   0x080052ee   0x00000056   Code   RO         4844    i.xTaskCreateStatic  tasks.o
    0x08005344   0x08005344   0x0000001c   Code   RO         4848    i.xTaskGetSchedulerState  tasks.o
    0x08005360   0x08005360   0x0000000c   Code   RO         4849    i.xTaskGetTickCount  tasks.o
    0x0800536c   0x0800536c   0x000000c8   Code   RO         4851    i.xTaskIncrementTick  tasks.o
    0x08005434   0x08005434   0x00000098   Code   RO         4854    i.xTaskPriorityDisinherit  tasks.o
    0x080054cc   0x080054cc   0x00000074   Code   RO         4856    i.xTaskRemoveFromEventList  tasks.o
    0x08005540   0x08005540   0x000000c4   Code   RO         4857    i.xTaskResumeAll    tasks.o
    0x08005604   0x08005604   0x00000060   Code   RO         5122    i.xTimerCreateTimerTask  timers.o
    0x08005664   0x08005664   0x00000060   Code   RO         5123    i.xTimerGenericCommand  timers.o
    0x080056c4   0x080056c4   0x000000c4   Code   RO         5750    x$fpl$fadd          fz_ws.l(faddsub_clz.o)
    0x08005788   0x08005788   0x00000018   Code   RO         5803    x$fpl$fcmpinf       fz_ws.l(fcmpi.o)
    0x080057a0   0x080057a0   0x00000184   Code   RO         5757    x$fpl$fdiv          fz_ws.l(fdiv.o)
    0x08005924   0x08005924   0x00000036   Code   RO         5760    x$fpl$ffix          fz_ws.l(ffix.o)
    0x0800595a   0x0800595a   0x00000002   PAD
    0x0800595c   0x0800595c   0x0000003e   Code   RO         5764    x$fpl$ffixu         fz_ws.l(ffixu.o)
    0x0800599a   0x0800599a   0x00000002   PAD
    0x0800599c   0x0800599c   0x00000030   Code   RO         5769    x$fpl$fflt          fz_ws.l(fflt_clz.o)
    0x080059cc   0x080059cc   0x00000068   Code   RO         5781    x$fpl$fleqf         fz_ws.l(fleqf.o)
    0x08005a34   0x08005a34   0x00000102   Code   RO         5774    x$fpl$fmul          fz_ws.l(fmul.o)
    0x08005b36   0x08005b36   0x0000008c   Code   RO         5783    x$fpl$fnaninf       fz_ws.l(fnaninf.o)
    0x08005bc2   0x08005bc2   0x0000000a   Code   RO         5785    x$fpl$fretinf       fz_ws.l(fretinf.o)
    0x08005bcc   0x08005bcc   0x00000062   Code   RO         5776    x$fpl$frleqf        fz_ws.l(frleqf.o)
    0x08005c2e   0x08005c2e   0x00000002   PAD
    0x08005c30   0x08005c30   0x000000ea   Code   RO         5752    x$fpl$fsub          fz_ws.l(faddsub_clz.o)
    0x08005d1a   0x08005d1a   0x00000000   Code   RO         5787    x$fpl$usenofp       fz_ws.l(usenofp.o)
    0x08005d1a   0x08005d1a   0x00000002   PAD
    0x08005d1c   0x08005d1c   0x00000054   Data   RO          300    .constdata          freertos.o
    0x08005d70   0x08005d70   0x00000012   Data   RO         1283    .constdata          stm32f1xx_hal_rcc.o
    0x08005d82   0x08005d82   0x00000012   Data   RO         1375    .constdata          stm32f1xx_hal_rcc_ex.o
    0x08005d94   0x08005d94   0x00000010   Data   RO         4119    .constdata          system_stm32f1xx.o
    0x08005da4   0x08005da4   0x00000008   Data   RO         4120    .constdata          system_stm32f1xx.o
    0x08005dac   0x08005dac   0x00000024   Data   RO          301    .conststring        freertos.o
    0x08005dd0   0x08005dd0   0x00000020   Data   RO         5942    Region$$Table       anon$$obj.o


    Execution Region RW_IRAM1 (Exec base: 0x20000000, Load base: 0x08005df0, Size: 0x00002148, Max: 0x0000c000, ABSOLUTE)

    Exec Addr    Load Addr    Size         Type   Attr      Idx    E Section Name        Object

    0x20000000   0x08005df0   0x0000000c   Data   RW          302    .data               freertos.o
    0x2000000c   0x08005dfc   0x00000001   Data   RW          369    .data               can.o
    0x2000000d   0x08005dfd   0x00000003   PAD
    0x20000010   0x08005e00   0x0000000c   Data   RW         1120    .data               stm32f1xx_hal.o
    0x2000001c   0x08005e0c   0x00000004   Data   RW         4121    .data               system_stm32f1xx.o
    0x20000020   0x08005e10   0x0000003c   Data   RW         4860    .data               tasks.o
    0x2000005c   0x08005e4c   0x00000014   Data   RW         5129    .data               timers.o
    0x20000070   0x08005e60   0x00000018   Data   RW         5616    .data               heap_4.o
    0x20000088   0x08005e78   0x0000000c   Data   RW         5667    .data               port.o
    0x20000094        -       0x00000010   Zero   RW          161    .bss                main.o
    0x200000a4        -       0x0000008c   Zero   RW          162    .bss                main.o
    0x20000130        -       0x000006a8   Zero   RW          299    .bss                freertos.o
    0x200007d8        -       0x0000001c   Zero   RW          367    .bss                can.o
    0x200007f4        -       0x00000028   Zero   RW          368    .bss                can.o
    0x2000081c        -       0x000000a8   Zero   RW          446    .bss                i2c.o
    0x200008c4        -       0x00000014   Zero   RW          493    .bss                rtc.o
    0x200008d8        -       0x000001b0   Zero   RW          543    .bss                tim.o
    0x20000a88        -       0x00000118   Zero   RW          626    .bss                usart.o
    0x20000ba0        -       0x00000080   Zero   RW          687    .bss                stm32f1xx_it.o
    0x20000c20        -       0x00000020   Zero   RW         4196    .bss                motor.o
    0x20000c40        -       0x00000040   Zero   RW         4197    .bss                motor.o
    0x20000c80        -       0x00000020   Zero   RW         4250    .bss                pid.o
    0x20000ca0        -       0x00000020   Zero   RW         4251    .bss                pid.o
    0x20000cc0        -       0x0000000e   Zero   RW         4296    .bss                comm.o
    0x20000cce   0x08005e84   0x00000002   PAD
    0x20000cd0        -       0x00000040   Zero   RW         4498    .bss                queue.o
    0x20000d10        -       0x000000f0   Zero   RW         4859    .bss                tasks.o
    0x20000e00        -       0x000000e8   Zero   RW         5128    .bss                timers.o
    0x20000ee8        -       0x00000c00   Zero   RW         5615    .bss                heap_4.o
    0x20001ae8        -       0x00000060   Zero   RW         5816    .bss                c_w.l(libspace.o)
    0x20001b48        -       0x00000200   Zero   RW            2    HEAP                startup_stm32f103xe.o
    0x20001d48        -       0x00000400   Zero   RW            1    STACK               startup_stm32f103xe.o


==============================================================================

Image component sizes


      Code (inc. data)   RO Data    RW Data    ZI Data      Debug   Object Name

       552         32          0          1         68       3433   can.o
       384         18          0          0          0     513796   chassis_ctrl.o
       120          0          0          0          0      22337   cmsis_os.o
        50          0          0          0         14       1638   comm.o
        60          4          0          0          0        778   dma.o
         0          0          0          0          0      18120   event_groups.o
       306         44        120         12       1704       4556   freertos.o
       172         14          0          0          0        975   gpio.o
        48          4          0          0          0       1120   grayscale_sensor.o
       460         24          0         24       3072       4707   heap_4.o
       296         48          0          0        168       2346   i2c.o
       138          0          0          0          0       3438   list.o
       340         44          0          0        156      34237   main.o
       452         20          0          0         96       5342   motor.o
       298          0          0          0         64       4330   pid.o
       662         70          0         12          0      11253   port.o
      1500         20          0          0         64      14396   queue.o
       100         22          0          0         20       1535   rtc.o
        64         26        304          0       1536        816   startup_stm32f103xe.o
       164         28          0         12          0       6561   stm32f1xx_hal.o
      1040          0          0          0          0       5184   stm32f1xx_hal_can.o
       198         14          0          0          0      28983   stm32f1xx_hal_cortex.o
       932         44          0          0          0       4371   stm32f1xx_hal_dma.o
       514         42          0          0          0       2924   stm32f1xx_hal_gpio.o
      2338         54          0          0          0      12654   stm32f1xx_hal_i2c.o
        72         10          0          0          0        882   stm32f1xx_hal_msp.o
        12          4          0          0          0        519   stm32f1xx_hal_pwr.o
      1240         84         18          0          0       5160   stm32f1xx_hal_rcc.o
       420         30         18          0          0       2537   stm32f1xx_hal_rcc_ex.o
       312          4          0          0          0       3744   stm32f1xx_hal_rtc.o
      1860         96          0          0          0      15259   stm32f1xx_hal_tim.o
       208         20          0          0          0       2168   stm32f1xx_hal_tim_ex.o
       920         20          0          0          0       9441   stm32f1xx_hal_uart.o
       298         78          0          0        128       9103   stm32f1xx_it.o
         0          0          0          0          0        388   stream_buffer.o
         2          0         24          4          0       1139   system_stm32f1xx.o
      2090        158          0         60        240      23208   tasks.o
      1308        104          0          0        432       6667   tim.o
       888         78          0         20        232      26347   timers.o
       456         52          0          0        280       2593   usart.o

    ----------------------------------------------------------------------
     21314       1310        516        148       8276     818985   Object Totals
         0          0         32          0          0          0   (incl. Generated)
        40          0          0          3          2          0   (incl. Padding)

    ----------------------------------------------------------------------

      Code (inc. data)   RO Data    RW Data    ZI Data      Debug   Library Member Name

         8          0          0          0          0         68   __main.o
         0          0          0          0          0          0   __rtentry.o
        12          0          0          0          0          0   __rtentry2.o
         6          0          0          0          0          0   __rtentry4.o
        52          8          0          0          0          0   __scatter.o
        26          0          0          0          0          0   __scatter_copy.o
        28          0          0          0          0          0   __scatter_zi.o
        18          0          0          0          0         80   exit.o
         6          0          0          0          0        152   heapauxi.o
         0          0          0          0          0          0   indicate_semi.o
         2          0          0          0          0          0   libinit.o
         2          0          0          0          0          0   libinit2.o
         2          0          0          0          0          0   libshutdown.o
         2          0          0          0          0          0   libshutdown2.o
         8          4          0          0         96         68   libspace.o
        78          0          0          0          0         80   rt_memclr_w.o
       138          0          0          0          0         68   rt_memcpy_v6.o
       100          0          0          0          0         80   rt_memcpy_w.o
         2          0          0          0          0          0   rtexit.o
        10          0          0          0          0          0   rtexit2.o
        12          4          0          0          0         68   sys_exit.o
        74          0          0          0          0         80   sys_stackheap_outer.o
         2          0          0          0          0         68   use_no_semi.o
       430          8          0          0          0        168   faddsub_clz.o
        24          0          0          0          0         68   fcmpi.o
       388         76          0          0          0         96   fdiv.o
        54          4          0          0          0         84   ffix.o
        62          4          0          0          0         84   ffixu.o
        48          0          0          0          0         68   fflt_clz.o
       104          4          0          0          0         84   fleqf.o
       258          4          0          0          0         84   fmul.o
       140          4          0          0          0         84   fnaninf.o
        10          0          0          0          0         68   fretinf.o
        98          0          0          0          0         68   frleqf.o
         0          0          0          0          0          0   usenofp.o

    ----------------------------------------------------------------------
      2218        120          0          0         96       1768   Library Totals
        14          0          0          0          0          0   (incl. Padding)

    ----------------------------------------------------------------------

      Code (inc. data)   RO Data    RW Data    ZI Data      Debug   Library Name

       588         16          0          0         96        812   c_w.l
      1616        104          0          0          0        956   fz_ws.l

    ----------------------------------------------------------------------
      2218        120          0          0         96       1768   Library Totals

    ----------------------------------------------------------------------

==============================================================================


      Code (inc. data)   RO Data    RW Data    ZI Data      Debug   

     23532       1430        516        148       8372     809153   Grand Totals
     23532       1430        516        148       8372     809153   ELF Image Totals
     23532       1430        516        148          0          0   ROM Totals

==============================================================================

    Total RO  Size (Code + RO Data)                24048 (  23.48kB)
    Total RW  Size (RW Data + ZI Data)              8520 (   8.32kB)
    Total ROM Size (Code + RO Data + RW Data)      24196 (  23.63kB)

==============================================================================

